undefined
undefined
undefined
undefined
undefined
undefined
[
  {
    id: 1,
    first_name: 'Johann',
    last_name: 'Viles',
    email: 'jviles0@harvard.edu',
    gender: 'Female',
    ip_address: '103.233.223.154'
  }
]
undefined
undefined
undefined
undefined
undefined
undefined
[
  {
    id: 2,
    first_name: 'Carlotta',
    last_name: 'Burnard',
    email: 'cburnard1@ucsd.edu',
    gender: 'Female',
    ip_address: '61.110.201.164'
  }
]
undefined
undefined
undefined
undefined
undefined
undefined
[
  {
    id: 3,
    first_name: 'Codi',
    last_name: 'Marnane',
    email: 'cmarnane2@bloomberg.com',
    gender: 'Female',
    ip_address: '111.16.159.10'
  }
]
undefined
undefined
undefined
undefined
undefined
undefined
[
  {
    id: 4,
    first_name: 'Louella',
    last_name: 'Ewestace',
    email: 'lewestace3@dion.ne.jp',
    gender: 'Female',
    ip_address: '45.194.228.45'
  }
]
undefined
undefined
undefined
undefined
undefined
undefined
[
  {
    id: 5,
    first_name: 'Katrinka',
    last_name: 'Lenard',
    email: 'klenard4@acquirethisname.com',
    gender: 'Female',
    ip_address: '204.55.200.31'
  }
]
undefined
undefined
undefined
undefined
undefined
undefined
[
  {
    id: 6,
    first_name: 'Waldemar',
    last_name: 'Sucre',
    email: 'wsucre5@netvibes.com',
    gender: 'Female',
    ip_address: '86.17.37.63'
  }
]
undefined
undefined
undefined
undefined
undefined
undefined
[
  {
    id: 7,
    first_name: 'Debby',
    last_name: 'Rispin',
    email: 'drispin6@amazon.com',
    gender: 'Female',
    ip_address: '22.255.16.207'
  }
]
undefined
undefined
undefined
undefined
undefined
undefined
[
  {
    id: 8,
    first_name: 'Adria',
    last_name: 'Threadkell',
    email: 'athreadkell7@cnn.com',
    gender: 'Male',
    ip_address: '17.174.233.115'
  }
]
undefined
undefined
undefined
undefined
undefined
undefined
[
  {
    id: 9,
    first_name: 'Lucilia',
    last_name: 'MacGinlay',
    email: 'lmacginlay8@yelp.com',
    gender: 'Male',
    ip_address: '210.70.50.246'
  }
]
undefined
undefined
undefined
undefined
undefined
undefined
[
  {
    id: 10,
    first_name: 'Obie',
    last_name: 'Speachley',
    email: 'ospeachley9@hatena.ne.jp',
    gender: 'Female',
    ip_address: '166.34.208.155'
  }
]
undefined
undefined
undefined
undefined
undefined
undefined
[
  {
    id: 11,
    first_name: 'Michaeline',
    last_name: 'Katzmann',
    email: 'mkatzmanna@merriam-webster.com',
    gender: 'Female',
    ip_address: '17.19.4.49'
  }
]
undefined
undefined
undefined
undefined
undefined
undefined
[
  {
    id: 12,
    first_name: 'Moshe',
    last_name: 'Rayhill',
    email: 'mrayhillb@ning.com',
    gender: 'Female',
    ip_address: '133.204.79.155'
  }
]
undefined
undefined
undefined
undefined
undefined
undefined
[
  {
    id: 13,
    first_name: 'Dael',
    last_name: 'Loble',
    email: 'dloblec@geocities.jp',
    gender: 'Male',
    ip_address: '251.163.255.103'
  }
]
undefined
undefined
undefined
undefined
undefined
undefined
[
  {
    id: 14,
    first_name: 'Idette',
    last_name: 'Uttridge',
    email: 'iuttridged@domainmarket.com',
    gender: 'Female',
    ip_address: '49.108.66.181'
  }
]
undefined
undefined
undefined
undefined
undefined
undefined
[
  {
    id: 15,
    first_name: 'Aliza',
    last_name: 'Glassborow',
    email: 'aglassborowe@youtu.be',
    gender: 'Male',
    ip_address: '176.42.52.91'
  }
]
undefined
undefined
undefined
undefined
undefined
undefined
[
  {
    id: 16,
    first_name: 'Appolonia',
    last_name: 'Strutley',
    email: 'astrutleyf@privacy.gov.au',
    gender: 'Male',
    ip_address: '25.145.80.201'
  }
]
undefined
undefined
undefined
undefined
undefined
undefined
[
  {
    id: 17,
    first_name: 'Kim',
    last_name: 'Vicent',
    email: 'kvicentg@unesco.org',
    gender: 'Female',
    ip_address: '231.26.35.246'
  }
]
undefined
undefined
undefined
undefined
undefined
undefined
[
  {
    id: 18,
    first_name: 'Debbie',
    last_name: 'Moreno',
    email: 'dmorenoh@behance.net',
    gender: 'Female',
    ip_address: '196.10.144.244'
  }
]
undefined
undefined
undefined
undefined
undefined
undefined
[
  {
    id: 19,
    first_name: 'Levi',
    last_name: 'Cushelly',
    email: 'lcushellyi@blogger.com',
    gender: 'Male',
    ip_address: '19.220.210.19'
  }
]
undefined
undefined
undefined
undefined
undefined
undefined
[
  {
    id: 20,
    first_name: 'Corine',
    last_name: 'Benton',
    email: 'cbentonj@cam.ac.uk',
    gender: 'Female',
    ip_address: '207.207.117.38'
  }
]
undefined
undefined
undefined
undefined
undefined
undefined
[
  {
    id: 21,
    first_name: 'Peria',
    last_name: 'Bamfield',
    email: 'pbamfieldk@time.com',
    gender: 'Female',
    ip_address: '33.79.57.159'
  }
]
undefined
undefined
undefined
undefined
undefined
undefined
[
  {
    id: 22,
    first_name: 'Ophelie',
    last_name: 'Moraleda',
    email: 'omoraledal@house.gov',
    gender: 'Female',
    ip_address: '206.219.166.146'
  }
]
undefined
undefined
undefined
undefined
undefined
undefined
[
  {
    id: 23,
    first_name: 'Virgie',
    last_name: 'Agates',
    email: 'vagatesm@google.com.br',
    gender: 'Male',
    ip_address: '63.48.44.150'
  }
]
undefined
undefined
undefined
undefined
undefined
undefined
[
  {
    id: 24,
    first_name: 'Sibylle',
    last_name: 'Stutely',
    email: 'sstutelyn@fotki.com',
    gender: 'Female',
    ip_address: '192.22.174.87'
  }
]
undefined
undefined
undefined
undefined
undefined
undefined
[
  {
    id: 25,
    first_name: 'Bernhard',
    last_name: 'Webberley',
    email: 'bwebberleyo@issuu.com',
    gender: 'Female',
    ip_address: '250.249.102.214'
  }
]
undefined
undefined
undefined
undefined
undefined
undefined
[
  {
    id: 26,
    first_name: 'Ingrim',
    last_name: 'Verring',
    email: 'iverringp@amazon.co.uk',
    gender: 'Female',
    ip_address: '168.234.62.42'
  }
]
undefined
undefined
undefined
undefined
undefined
undefined
[
  {
    id: 27,
    first_name: 'Lexis',
    last_name: 'Wraighte',
    email: 'lwraighteq@bandcamp.com',
    gender: 'Female',
    ip_address: '26.168.96.35'
  }
]
undefined
undefined
undefined
undefined
undefined
undefined
[
  {
    id: 28,
    first_name: 'Ferrell',
    last_name: 'Guiu',
    email: 'fguiur@salon.com',
    gender: 'Male',
    ip_address: '28.172.165.90'
  }
]
undefined
undefined
undefined
undefined
undefined
undefined
[
  {
    id: 29,
    first_name: 'Brook',
    last_name: 'Bilbery',
    email: 'bbilberys@slate.com',
    gender: 'Male',
    ip_address: '245.85.25.237'
  }
]
undefined
undefined
undefined
undefined
undefined
undefined
[
  {
    id: 30,
    first_name: 'Dannie',
    last_name: 'Espada',
    email: 'despadat@miibeian.gov.cn',
    gender: 'Female',
    ip_address: '69.62.61.102'
  }
]
undefined
undefined
undefined
undefined
undefined
undefined
[
  {
    id: 31,
    first_name: 'Rolfe',
    last_name: 'Quesne',
    email: 'rquesneu@bandcamp.com',
    gender: 'Female',
    ip_address: '98.230.1.233'
  }
]
undefined
undefined
undefined
undefined
undefined
undefined
[
  {
    id: 32,
    first_name: 'Roi',
    last_name: 'Della Scala',
    email: 'rdellascalav@msn.com',
    gender: 'Male',
    ip_address: '220.121.133.79'
  }
]
undefined
undefined
undefined
undefined
undefined
undefined
[
  {
    id: 33,
    first_name: 'Karna',
    last_name: 'Burchett',
    email: 'kburchettw@privacy.gov.au',
    gender: 'Male',
    ip_address: '97.110.212.130'
  }
]
undefined
undefined
undefined
undefined
undefined
undefined
[
  {
    id: 34,
    first_name: 'Ana',
    last_name: 'Connold',
    email: 'aconnoldx@themeforest.net',
    gender: 'Female',
    ip_address: '58.58.85.28'
  }
]
undefined
undefined
undefined
undefined
undefined
undefined
[
  {
    id: 35,
    first_name: 'Chevy',
    last_name: 'Thewlis',
    email: 'cthewlisy@vistaprint.com',
    gender: 'Female',
    ip_address: '244.179.69.61'
  }
]
undefined
undefined
undefined
undefined
undefined
undefined
[
  {
    id: 36,
    first_name: 'Pavel',
    last_name: 'Calleja',
    email: 'pcallejaz@nbcnews.com',
    gender: 'Female',
    ip_address: '198.168.110.13'
  }
]
undefined
undefined
undefined
undefined
undefined
undefined
[
  {
    id: 37,
    first_name: 'Wald',
    last_name: 'Pinching',
    email: 'wpinching10@feedburner.com',
    gender: 'Male',
    ip_address: '183.10.139.208'
  }
]
undefined
undefined
undefined
undefined
undefined
undefined
[
  {
    id: 38,
    first_name: 'Fred',
    last_name: 'McQuaide',
    email: 'fmcquaide11@google.com.au',
    gender: 'Male',
    ip_address: '94.153.76.140'
  }
]
undefined
undefined
undefined
undefined
undefined
undefined
[
  {
    id: 39,
    first_name: 'Angele',
    last_name: 'Molen',
    email: 'amolen12@cisco.com',
    gender: 'Non-binary',
    ip_address: '145.229.21.22'
  }
]
undefined
undefined
undefined
undefined
undefined
undefined
[
  {
    id: 40,
    first_name: 'Barde',
    last_name: 'Glazyer',
    email: 'bglazyer13@google.co.jp',
    gender: 'Male',
    ip_address: '172.172.1.214'
  }
]
undefined
undefined
undefined
undefined
undefined
undefined
[
  {
    id: 41,
    first_name: 'Lian',
    last_name: 'Spilsburie',
    email: 'lspilsburie14@amazon.co.jp',
    gender: 'Male',
    ip_address: '13.252.49.98'
  }
]
undefined
undefined
undefined
undefined
undefined
undefined
[
  {
    id: 42,
    first_name: 'Sissie',
    last_name: 'Heditch',
    email: 'sheditch15@jalbum.net',
    gender: 'Male',
    ip_address: '74.190.208.236'
  }
]
undefined
undefined
undefined
undefined
undefined
undefined
[
  {
    id: 43,
    first_name: 'Cassi',
    last_name: 'Doelle',
    email: 'cdoelle16@umn.edu',
    gender: 'Female',
    ip_address: '245.177.110.92'
  }
]
undefined
undefined
undefined
undefined
undefined
undefined
[
  {
    id: 44,
    first_name: 'Rutledge',
    last_name: 'Drivers',
    email: 'rdrivers17@auda.org.au',
    gender: 'Polygender',
    ip_address: '204.80.22.124'
  }
]
undefined
undefined
undefined
undefined
undefined
undefined
[
  {
    id: 45,
    first_name: 'Micky',
    last_name: 'Kinglake',
    email: 'mkinglake18@tiny.cc',
    gender: 'Male',
    ip_address: '112.31.16.169'
  }
]
undefined
undefined
undefined
undefined
undefined
undefined
[
  {
    id: 46,
    first_name: 'Melisandra',
    last_name: 'Golby',
    email: 'mgolby19@woothemes.com',
    gender: 'Female',
    ip_address: '141.184.65.28'
  }
]
undefined
undefined
undefined
undefined
undefined
undefined
[
  {
    id: 47,
    first_name: 'Torre',
    last_name: 'Robottom',
    email: 'trobottom1a@wikia.com',
    gender: 'Male',
    ip_address: '15.61.128.79'
  }
]
undefined
undefined
undefined
undefined
undefined
undefined
[
  {
    id: 48,
    first_name: 'Jesse',
    last_name: 'Feltoe',
    email: 'jfeltoe1b@issuu.com',
    gender: 'Female',
    ip_address: '57.168.158.216'
  }
]
undefined
undefined
undefined
undefined
undefined
undefined
[
  {
    id: 49,
    first_name: 'Travus',
    last_name: 'Wallett',
    email: 'twallett1c@gnu.org',
    gender: 'Female',
    ip_address: '35.222.213.176'
  }
]
undefined
undefined
undefined
undefined
undefined
undefined
[
  {
    id: 50,
    first_name: 'Rhodia',
    last_name: 'Cumes',
    email: 'rcumes1d@nasa.gov',
    gender: 'Non-binary',
    ip_address: '203.95.87.5'
  }
]
undefined
undefined
undefined
undefined
undefined
undefined
[
  {
    id: 51,
    first_name: 'Vonni',
    last_name: 'Fryman',
    email: 'vfryman1e@reverbnation.com',
    gender: 'Male',
    ip_address: '174.108.28.92'
  }
]
undefined
undefined
undefined
undefined
undefined
undefined
[
  {
    id: 52,
    first_name: 'Abeu',
    last_name: 'Clurow',
    email: 'aclurow1f@hubpages.com',
    gender: 'Male',
    ip_address: '89.81.237.203'
  }
]
undefined
undefined
undefined
undefined
undefined
undefined
[
  {
    id: 53,
    first_name: 'Tine',
    last_name: 'Padrick',
    email: 'tpadrick1g@furl.net',
    gender: 'Male',
    ip_address: '234.232.126.219'
  }
]
undefined
undefined
undefined
undefined
undefined
undefined
[
  {
    id: 54,
    first_name: 'Tymon',
    last_name: 'Dennick',
    email: 'tdennick1h@eventbrite.com',
    gender: 'Male',
    ip_address: '15.195.236.155'
  }
]
undefined
undefined
undefined
undefined
undefined
undefined
[
  {
    id: 55,
    first_name: 'Emlynn',
    last_name: 'Cejka',
    email: 'ecejka1i@nyu.edu',
    gender: 'Female',
    ip_address: '102.202.30.148'
  }
]
undefined
undefined
undefined
undefined
undefined
undefined
[
  {
    id: 56,
    first_name: 'Elfrieda',
    last_name: 'Foy',
    email: 'efoy1j@dailymotion.com',
    gender: 'Female',
    ip_address: '117.224.55.59'
  }
]
undefined
undefined
undefined
undefined
undefined
undefined
[
  {
    id: 57,
    first_name: 'Chrissy',
    last_name: 'Hatterslay',
    email: 'chatterslay1k@columbia.edu',
    gender: 'Male',
    ip_address: '224.110.205.111'
  }
]
undefined
undefined
undefined
undefined
undefined
undefined
[
  {
    id: 58,
    first_name: 'Webster',
    last_name: 'Clearie',
    email: 'wclearie1l@bandcamp.com',
    gender: 'Agender',
    ip_address: '23.170.79.25'
  }
]
undefined
undefined
undefined
undefined
undefined
undefined
[
  {
    id: 59,
    first_name: 'Codie',
    last_name: 'Janovsky',
    email: 'cjanovsky1m@cdbaby.com',
    gender: 'Female',
    ip_address: '98.110.41.54'
  }
]
undefined
undefined
undefined
undefined
undefined
undefined
[
  {
    id: 60,
    first_name: 'Elias',
    last_name: 'Adamiec',
    email: 'eadamiec1n@shareasale.com',
    gender: 'Female',
    ip_address: '221.142.18.48'
  }
]
undefined
undefined
undefined
undefined
undefined
undefined
[
  {
    id: 61,
    first_name: 'Ned',
    last_name: 'Cahillane',
    email: 'ncahillane1o@fastcompany.com',
    gender: 'Male',
    ip_address: '244.220.240.129'
  }
]
undefined
undefined
undefined
undefined
undefined
undefined
[
  {
    id: 62,
    first_name: 'Meta',
    last_name: 'Twinberrow',
    email: 'mtwinberrow1p@nsw.gov.au',
    gender: 'Male',
    ip_address: '108.176.100.202'
  }
]
undefined
undefined
undefined
undefined
undefined
undefined
[
  {
    id: 63,
    first_name: 'Nora',
    last_name: 'Jatczak',
    email: 'njatczak1q@virginia.edu',
    gender: 'Female',
    ip_address: '224.182.69.179'
  }
]
undefined
undefined
undefined
undefined
undefined
undefined
[
  {
    id: 64,
    first_name: 'Anny',
    last_name: 'Bauchop',
    email: 'abauchop1r@apache.org',
    gender: 'Polygender',
    ip_address: '43.182.29.165'
  }
]
undefined
undefined
undefined
undefined
undefined
undefined
[
  {
    id: 65,
    first_name: 'Poul',
    last_name: 'Mandell',
    email: 'pmandell1s@aol.com',
    gender: 'Female',
    ip_address: '131.144.126.146'
  }
]
undefined
undefined
undefined
undefined
undefined
undefined
[
  {
    id: 66,
    first_name: 'Anica',
    last_name: 'Seeler',
    email: 'aseeler1t@cyberchimps.com',
    gender: 'Male',
    ip_address: '62.66.71.32'
  }
]
undefined
undefined
undefined
undefined
undefined
undefined
[
  {
    id: 67,
    first_name: 'Clerkclaude',
    last_name: 'Bendan',
    email: 'cbendan1u@paginegialle.it',
    gender: 'Female',
    ip_address: '197.149.242.21'
  }
]
undefined
undefined
undefined
undefined
undefined
undefined
[
  {
    id: 68,
    first_name: 'Ingar',
    last_name: 'Rosenbush',
    email: 'irosenbush1v@goo.ne.jp',
    gender: 'Agender',
    ip_address: '129.107.164.139'
  }
]
undefined
undefined
undefined
undefined
undefined
undefined
[
  {
    id: 69,
    first_name: 'Danila',
    last_name: 'Drakeley',
    email: 'ddrakeley1w@timesonline.co.uk',
    gender: 'Male',
    ip_address: '28.198.23.8'
  }
]
undefined
undefined
undefined
undefined
undefined
undefined
[
  {
    id: 70,
    first_name: 'Jennette',
    last_name: 'Illing',
    email: 'jilling1x@xing.com',
    gender: 'Male',
    ip_address: '227.106.52.82'
  }
]
undefined
undefined
undefined
undefined
undefined
undefined
[
  {
    id: 71,
    first_name: 'Eldon',
    last_name: 'Towns',
    email: 'etowns1y@people.com.cn',
    gender: 'Male',
    ip_address: '197.231.124.4'
  }
]
undefined
undefined
undefined
undefined
undefined
undefined
[
  {
    id: 72,
    first_name: 'Ezequiel',
    last_name: 'Glasebrook',
    email: 'eglasebrook1z@merriam-webster.com',
    gender: 'Male',
    ip_address: '122.231.164.76'
  }
]
undefined
undefined
undefined
undefined
undefined
undefined
[
  {
    id: 73,
    first_name: 'Jesselyn',
    last_name: 'Georgeau',
    email: 'jgeorgeau20@ezinearticles.com',
    gender: 'Female',
    ip_address: '150.197.84.217'
  }
]
undefined
undefined
undefined
undefined
undefined
undefined
[
  {
    id: 74,
    first_name: 'Wang',
    last_name: 'Broddle',
    email: 'wbroddle21@bbb.org',
    gender: 'Male',
    ip_address: '93.26.247.236'
  }
]
undefined
undefined
undefined
undefined
undefined
undefined
[
  {
    id: 75,
    first_name: 'Artemas',
    last_name: 'Skouling',
    email: 'askouling22@illinois.edu',
    gender: 'Male',
    ip_address: '93.43.97.251'
  }
]
undefined
undefined
undefined
undefined
undefined
undefined
[
  {
    id: 76,
    first_name: 'Farlay',
    last_name: 'Britto',
    email: 'fbritto23@elegantthemes.com',
    gender: 'Male',
    ip_address: '90.201.144.178'
  }
]
undefined
undefined
undefined
undefined
undefined
undefined
[
  {
    id: 77,
    first_name: 'Midge',
    last_name: 'Babington',
    email: 'mbabington24@usda.gov',
    gender: 'Male',
    ip_address: '225.229.70.207'
  }
]
undefined
undefined
undefined
undefined
undefined
undefined
[
  {
    id: 78,
    first_name: 'Neddy',
    last_name: 'Crotty',
    email: 'ncrotty25@pinterest.com',
    gender: 'Female',
    ip_address: '14.255.31.94'
  }
]
undefined
undefined
undefined
undefined
undefined
undefined
[
  {
    id: 79,
    first_name: 'Alick',
    last_name: 'Audsley',
    email: 'aaudsley26@spiegel.de',
    gender: 'Male',
    ip_address: '91.195.5.8'
  }
]
undefined
undefined
undefined
undefined
undefined
undefined
[
  {
    id: 80,
    first_name: 'Fredrick',
    last_name: 'Elfleet',
    email: 'felfleet27@exblog.jp',
    gender: 'Male',
    ip_address: '90.10.108.236'
  }
]
undefined
undefined
undefined
undefined
undefined
undefined
[
  {
    id: 81,
    first_name: 'Debor',
    last_name: 'Deener',
    email: 'ddeener28@mapquest.com',
    gender: 'Male',
    ip_address: '207.67.193.74'
  }
]
undefined
undefined
undefined
undefined
undefined
undefined
[
  {
    id: 82,
    first_name: 'Kinsley',
    last_name: 'Kilgallen',
    email: 'kkilgallen29@hao123.com',
    gender: 'Male',
    ip_address: '43.79.179.30'
  }
]
undefined
undefined
undefined
undefined
undefined
undefined
[
  {
    id: 83,
    first_name: 'Ashley',
    last_name: 'Bodham',
    email: 'abodham2a@themeforest.net',
    gender: 'Polygender',
    ip_address: '24.115.40.124'
  }
]
undefined
undefined
undefined
undefined
undefined
undefined
[
  {
    id: 84,
    first_name: 'Freeman',
    last_name: 'Deguara',
    email: 'fdeguara2b@a8.net',
    gender: 'Female',
    ip_address: '17.243.197.84'
  }
]
undefined
undefined
undefined
undefined
undefined
undefined
[
  {
    id: 85,
    first_name: 'Carleen',
    last_name: 'Riordan',
    email: 'criordan2c@squidoo.com',
    gender: 'Male',
    ip_address: '181.68.98.234'
  }
]
undefined
undefined
undefined
undefined
undefined
undefined
[
  {
    id: 86,
    first_name: 'Banky',
    last_name: 'Chrishop',
    email: 'bchrishop2d@lycos.com',
    gender: 'Female',
    ip_address: '218.136.229.49'
  }
]
undefined
undefined
undefined
undefined
undefined
undefined
[
  {
    id: 87,
    first_name: 'Lionello',
    last_name: 'Hume',
    email: 'lhume2e@youtube.com',
    gender: 'Female',
    ip_address: '2.208.109.71'
  }
]
undefined
undefined
undefined
undefined
undefined
undefined
[
  {
    id: 88,
    first_name: 'Weider',
    last_name: 'Petyanin',
    email: 'wpetyanin2f@g.co',
    gender: 'Non-binary',
    ip_address: '134.227.235.237'
  }
]
undefined
undefined
undefined
undefined
undefined
undefined
[
  {
    id: 89,
    first_name: 'Michal',
    last_name: 'Tokell',
    email: 'mtokell2g@cafepress.com',
    gender: 'Male',
    ip_address: '154.111.72.150'
  }
]
undefined
undefined
undefined
undefined
undefined
undefined
[
  {
    id: 90,
    first_name: 'Marcello',
    last_name: 'Channon',
    email: 'mchannon2h@webnode.com',
    gender: 'Male',
    ip_address: '207.59.199.43'
  }
]
undefined
undefined
undefined
undefined
undefined
undefined
[
  {
    id: 91,
    first_name: 'Deeyn',
    last_name: 'Thirlwell',
    email: 'dthirlwell2i@fastcompany.com',
    gender: 'Female',
    ip_address: '200.171.107.14'
  }
]
undefined
undefined
undefined
undefined
undefined
undefined
[
  {
    id: 92,
    first_name: 'Leshia',
    last_name: 'Josilevich',
    email: 'ljosilevich2j@opera.com',
    gender: 'Male',
    ip_address: '163.164.71.27'
  }
]
undefined
undefined
undefined
undefined
undefined
undefined
[
  {
    id: 93,
    first_name: 'Hewie',
    last_name: 'Knappen',
    email: 'hknappen2k@facebook.com',
    gender: 'Male',
    ip_address: '29.48.173.115'
  }
]
undefined
undefined
undefined
undefined
undefined
undefined
[
  {
    id: 94,
    first_name: 'Sheppard',
    last_name: 'McAnalley',
    email: 'smcanalley2l@so-net.ne.jp',
    gender: 'Female',
    ip_address: '9.42.210.86'
  }
]
undefined
undefined
undefined
undefined
undefined
undefined
[
  {
    id: 95,
    first_name: 'Cordie',
    last_name: 'Parkisson',
    email: 'cparkisson2m@washington.edu',
    gender: 'Male',
    ip_address: '145.50.134.158'
  }
]
undefined
undefined
undefined
undefined
undefined
undefined
[
  {
    id: 96,
    first_name: 'Garnette',
    last_name: 'Riguard',
    email: 'griguard2n@skyrock.com',
    gender: 'Male',
    ip_address: '206.19.210.245'
  }
]
undefined
undefined
undefined
undefined
undefined
undefined
[
  {
    id: 97,
    first_name: 'Hugues',
    last_name: 'Brosetti',
    email: 'hbrosetti2o@freewebs.com',
    gender: 'Male',
    ip_address: '102.228.194.229'
  }
]
undefined
undefined
undefined
undefined
undefined
undefined
[
  {
    id: 98,
    first_name: 'Craggy',
    last_name: 'Boast',
    email: 'cboast2p@arstechnica.com',
    gender: 'Male',
    ip_address: '99.67.193.236'
  }
]
undefined
undefined
undefined
undefined
undefined
undefined
[
  {
    id: 99,
    first_name: 'Aldous',
    last_name: 'MacAlpin',
    email: 'amacalpin2q@cbsnews.com',
    gender: 'Male',
    ip_address: '147.45.92.186'
  }
]
undefined
undefined
undefined
undefined
undefined
undefined
[
  {
    id: 100,
    first_name: 'Jarad',
    last_name: 'Oleksinski',
    email: 'joleksinski2r@sakura.ne.jp',
    gender: 'Male',
    ip_address: '88.2.145.43'
  }
]
undefined
undefined
undefined
undefined
undefined
undefined
[
  {
    id: 101,
    first_name: 'Margeaux',
    last_name: 'Glanville',
    email: 'mglanville2s@about.me',
    gender: 'Male',
    ip_address: '149.227.238.218'
  }
]
undefined
undefined
undefined
undefined
undefined
undefined
[
  {
    id: 102,
    first_name: 'Ellery',
    last_name: 'Farmloe',
    email: 'efarmloe2t@mlb.com',
    gender: 'Male',
    ip_address: '221.12.146.73'
  }
]
undefined
undefined
undefined
undefined
undefined
undefined
[
  {
    id: 103,
    first_name: 'Garnette',
    last_name: 'Tearle',
    email: 'gtearle2u@biglobe.ne.jp',
    gender: 'Female',
    ip_address: '124.137.119.167'
  }
]
undefined
undefined
undefined
undefined
undefined
undefined
[
  {
    id: 104,
    first_name: 'Melony',
    last_name: 'Largan',
    email: 'mlargan2v@cnn.com',
    gender: 'Female',
    ip_address: '31.221.100.124'
  }
]
undefined
undefined
undefined
undefined
undefined
undefined
[
  {
    id: 105,
    first_name: 'Patin',
    last_name: "O' Lone",
    email: 'polone2w@cdbaby.com',
    gender: 'Female',
    ip_address: '161.75.207.154'
  }
]
undefined
undefined
undefined
undefined
undefined
undefined
[
  {
    id: 106,
    first_name: 'Ashlie',
    last_name: 'Cockton',
    email: 'acockton2x@prlog.org',
    gender: 'Agender',
    ip_address: '134.203.132.169'
  }
]
undefined
undefined
undefined
undefined
undefined
undefined
[
  {
    id: 107,
    first_name: 'Derron',
    last_name: 'Stiant',
    email: 'dstiant2y@reverbnation.com',
    gender: 'Male',
    ip_address: '34.15.227.63'
  }
]
undefined
undefined
undefined
undefined
undefined
undefined
[
  {
    id: 108,
    first_name: 'Almira',
    last_name: 'Amis',
    email: 'aamis2z@arizona.edu',
    gender: 'Male',
    ip_address: '10.20.214.150'
  }
]
undefined
undefined
undefined
undefined
undefined
undefined
[
  {
    id: 109,
    first_name: 'Alisha',
    last_name: 'Pottle',
    email: 'apottle30@fema.gov',
    gender: 'Genderqueer',
    ip_address: '39.182.242.215'
  }
]
undefined
undefined
undefined
undefined
undefined
undefined
[
  {
    id: 110,
    first_name: 'Myrah',
    last_name: 'Rushbury',
    email: 'mrushbury31@ovh.net',
    gender: 'Male',
    ip_address: '158.109.34.174'
  }
]
undefined
undefined
undefined
undefined
undefined
undefined
[
  {
    id: 111,
    first_name: 'Dalila',
    last_name: 'Gateman',
    email: 'dgateman32@bloglines.com',
    gender: 'Male',
    ip_address: '21.150.164.238'
  }
]
undefined
undefined
undefined
undefined
undefined
undefined
[
  {
    id: 112,
    first_name: 'Elnore',
    last_name: 'Kennan',
    email: 'ekennan33@howstuffworks.com',
    gender: 'Male',
    ip_address: '5.121.147.251'
  }
]
undefined
undefined
undefined
undefined
undefined
undefined
[
  {
    id: 113,
    first_name: 'Basil',
    last_name: 'Fenton',
    email: 'bfenton34@cdc.gov',
    gender: 'Female',
    ip_address: '167.3.110.179'
  }
]
undefined
undefined
undefined
undefined
undefined
undefined
[
  {
    id: 114,
    first_name: 'Rebeca',
    last_name: 'Ballance',
    email: 'rballance35@unc.edu',
    gender: 'Female',
    ip_address: '69.71.204.106'
  }
]
undefined
undefined
undefined
undefined
undefined
undefined
[
  {
    id: 115,
    first_name: 'Helsa',
    last_name: 'Colbeck',
    email: 'hcolbeck36@uol.com.br',
    gender: 'Male',
    ip_address: '97.228.253.138'
  }
]
undefined
undefined
undefined
undefined
undefined
undefined
[
  {
    id: 116,
    first_name: 'Todd',
    last_name: 'Dewey',
    email: 'tdewey37@domainmarket.com',
    gender: 'Genderqueer',
    ip_address: '27.201.206.109'
  }
]
undefined
undefined
undefined
undefined
undefined
undefined
[
  {
    id: 117,
    first_name: 'Alix',
    last_name: 'North',
    email: 'anorth38@wsj.com',
    gender: 'Male',
    ip_address: '113.224.46.110'
  }
]
undefined
undefined
undefined
undefined
undefined
undefined
[
  {
    id: 118,
    first_name: 'Harrietta',
    last_name: 'Whall',
    email: 'hwhall39@economist.com',
    gender: 'Male',
    ip_address: '7.152.195.33'
  }
]
undefined
undefined
undefined
undefined
undefined
undefined
[
  {
    id: 119,
    first_name: 'Hubert',
    last_name: 'Purchon',
    email: 'hpurchon3a@wufoo.com',
    gender: 'Female',
    ip_address: '51.9.233.193'
  }
]
undefined
undefined
undefined
undefined
undefined
undefined
[
  {
    id: 120,
    first_name: 'Teri',
    last_name: 'Tuft',
    email: 'ttuft3b@google.fr',
    gender: 'Genderqueer',
    ip_address: '162.171.169.186'
  }
]
undefined
undefined
undefined
undefined
undefined
undefined
[
  {
    id: 121,
    first_name: 'Thaine',
    last_name: 'Tabard',
    email: 'ttabard3c@joomla.org',
    gender: 'Male',
    ip_address: '45.113.12.189'
  }
]
undefined
undefined
undefined
undefined
undefined
undefined
[
  {
    id: 122,
    first_name: 'Herrick',
    last_name: 'Koeppe',
    email: 'hkoeppe3d@msu.edu',
    gender: 'Male',
    ip_address: '28.106.51.175'
  }
]
undefined
undefined
undefined
undefined
undefined
undefined
[
  {
    id: 123,
    first_name: 'Nola',
    last_name: 'Fairfoul',
    email: 'nfairfoul3e@bluehost.com',
    gender: 'Male',
    ip_address: '156.172.80.146'
  }
]
undefined
undefined
undefined
undefined
undefined
undefined
[
  {
    id: 124,
    first_name: 'Jacklin',
    last_name: 'Sweatland',
    email: 'jsweatland3f@samsung.com',
    gender: 'Female',
    ip_address: '154.161.146.67'
  }
]
undefined
undefined
undefined
undefined
undefined
undefined
[
  {
    id: 125,
    first_name: 'Enid',
    last_name: 'Drinkwater',
    email: 'edrinkwater3g@jigsy.com',
    gender: 'Non-binary',
    ip_address: '118.132.231.176'
  }
]
undefined
undefined
undefined
undefined
undefined
undefined
[
  {
    id: 126,
    first_name: 'Maybelle',
    last_name: 'Poznan',
    email: 'mpoznan3h@indiatimes.com',
    gender: 'Male',
    ip_address: '168.139.83.207'
  }
]
undefined
undefined
undefined
undefined
undefined
undefined
[
  {
    id: 127,
    first_name: 'Pebrook',
    last_name: 'McLleese',
    email: 'pmclleese3i@cafepress.com',
    gender: 'Female',
    ip_address: '195.234.243.102'
  }
]
undefined
undefined
undefined
undefined
undefined
undefined
[
  {
    id: 128,
    first_name: 'Casar',
    last_name: 'Dornan',
    email: 'cdornan3j@hp.com',
    gender: 'Female',
    ip_address: '196.156.228.187'
  }
]
undefined
undefined
undefined
undefined
undefined
undefined
[
  {
    id: 129,
    first_name: 'Joye',
    last_name: 'Wakefield',
    email: 'jwakefield3k@desdev.cn',
    gender: 'Female',
    ip_address: '53.100.112.115'
  }
]
undefined
undefined
undefined
undefined
undefined
undefined
[
  {
    id: 130,
    first_name: 'Sutherlan',
    last_name: 'Clara',
    email: 'sclara3l@fema.gov',
    gender: 'Female',
    ip_address: '93.52.81.17'
  }
]
undefined
undefined
undefined
undefined
undefined
undefined
[
  {
    id: 131,
    first_name: 'Phebe',
    last_name: 'Brilon',
    email: 'pbrilon3m@mediafire.com',
    gender: 'Male',
    ip_address: '204.232.108.117'
  }
]
undefined
undefined
undefined
undefined
undefined
undefined
[
  {
    id: 132,
    first_name: 'Mike',
    last_name: 'Harefoot',
    email: 'mharefoot3n@slideshare.net',
    gender: 'Male',
    ip_address: '166.171.99.4'
  }
]
undefined
undefined
undefined
undefined
undefined
undefined
[
  {
    id: 133,
    first_name: 'Antone',
    last_name: 'Lillecrop',
    email: 'alillecrop3o@over-blog.com',
    gender: 'Male',
    ip_address: '249.152.226.4'
  }
]
undefined
undefined
undefined
undefined
undefined
undefined
[
  {
    id: 134,
    first_name: 'Rodd',
    last_name: 'Carnier',
    email: 'rcarnier3p@pinterest.com',
    gender: 'Genderfluid',
    ip_address: '168.253.240.175'
  }
]
undefined
undefined
undefined
undefined
undefined
undefined
[
  {
    id: 135,
    first_name: 'Armand',
    last_name: 'Triner',
    email: 'atriner3q@pinterest.com',
    gender: 'Male',
    ip_address: '229.185.161.226'
  }
]
undefined
undefined
undefined
undefined
undefined
undefined
[
  {
    id: 136,
    first_name: 'Hermy',
    last_name: 'Romanski',
    email: 'hromanski3r@bloglines.com',
    gender: 'Bigender',
    ip_address: '217.48.126.139'
  }
]
undefined
undefined
undefined
undefined
undefined
undefined
[
  {
    id: 137,
    first_name: 'Kat',
    last_name: 'Laise',
    email: 'klaise3s@howstuffworks.com',
    gender: 'Male',
    ip_address: '213.125.252.208'
  }
]
undefined
undefined
undefined
undefined
undefined
undefined
[
  {
    id: 138,
    first_name: 'Wolfgang',
    last_name: 'Adrianello',
    email: 'wadrianello3t@ihg.com',
    gender: 'Non-binary',
    ip_address: '171.124.142.251'
  }
]
undefined
undefined
undefined
undefined
undefined
undefined
[
  {
    id: 139,
    first_name: 'Corabelle',
    last_name: 'Carus',
    email: 'ccarus3u@lycos.com',
    gender: 'Male',
    ip_address: '186.123.156.223'
  }
]
undefined
undefined
undefined
undefined
undefined
undefined
[
  {
    id: 140,
    first_name: 'Coletta',
    last_name: 'Bennoe',
    email: 'cbennoe3v@comcast.net',
    gender: 'Female',
    ip_address: '51.93.69.148'
  }
]
undefined
undefined
undefined
undefined
undefined
undefined
[
  {
    id: 141,
    first_name: 'Domeniga',
    last_name: 'Vanelli',
    email: 'dvanelli3w@nature.com',
    gender: 'Genderfluid',
    ip_address: '162.91.21.80'
  }
]
undefined
undefined
undefined
undefined
undefined
undefined
[
  {
    id: 142,
    first_name: 'Adelheid',
    last_name: 'Hunsworth',
    email: 'ahunsworth3x@godaddy.com',
    gender: 'Male',
    ip_address: '159.24.65.19'
  }
]
undefined
undefined
undefined
undefined
undefined
undefined
[
  {
    id: 143,
    first_name: 'Alyssa',
    last_name: 'Tapsell',
    email: 'atapsell3y@indiatimes.com',
    gender: 'Female',
    ip_address: '240.220.248.32'
  }
]
undefined
undefined
undefined
undefined
undefined
undefined
[
  {
    id: 144,
    first_name: 'Donia',
    last_name: 'Folds',
    email: 'dfolds3z@istockphoto.com',
    gender: 'Female',
    ip_address: '177.236.77.222'
  }
]
undefined
undefined
undefined
undefined
undefined
undefined
[
  {
    id: 145,
    first_name: 'Nate',
    last_name: 'Binford',
    email: 'nbinford40@elpais.com',
    gender: 'Male',
    ip_address: '185.199.20.174'
  }
]
undefined
undefined
undefined
undefined
undefined
undefined
[
  {
    id: 146,
    first_name: 'Foss',
    last_name: 'Garred',
    email: 'fgarred41@unc.edu',
    gender: 'Female',
    ip_address: '106.186.96.12'
  }
]
undefined
undefined
undefined
undefined
undefined
undefined
[
  {
    id: 147,
    first_name: 'Camey',
    last_name: 'Whyman',
    email: 'cwhyman42@archive.org',
    gender: 'Male',
    ip_address: '84.132.98.35'
  }
]
undefined
undefined
undefined
undefined
undefined
undefined
[
  {
    id: 148,
    first_name: 'Henrietta',
    last_name: 'todor',
    email: 'htodor43@mail.ru',
    gender: 'Female',
    ip_address: '16.26.182.246'
  }
]
undefined
undefined
undefined
undefined
undefined
undefined
[
  {
    id: 149,
    first_name: 'Constancy',
    last_name: 'Capp',
    email: 'ccapp44@clickbank.net',
    gender: 'Male',
    ip_address: '94.249.215.137'
  }
]
undefined
undefined
undefined
undefined
undefined
undefined
[
  {
    id: 150,
    first_name: 'Lindsy',
    last_name: 'Fulk',
    email: 'lfulk45@example.com',
    gender: 'Genderfluid',
    ip_address: '175.136.41.106'
  }
]
undefined
undefined
undefined
undefined
undefined
undefined
[
  {
    id: 151,
    first_name: 'Farrah',
    last_name: 'Jancik',
    email: 'fjancik46@oracle.com',
    gender: 'Male',
    ip_address: '49.76.163.59'
  }
]
undefined
undefined
undefined
undefined
undefined
undefined
[
  {
    id: 152,
    first_name: 'Nicolette',
    last_name: 'Claughton',
    email: 'nclaughton47@cbsnews.com',
    gender: 'Female',
    ip_address: '35.238.4.161'
  }
]
undefined
undefined
undefined
undefined
undefined
undefined
[
  {
    id: 153,
    first_name: 'Chelsey',
    last_name: 'Sandys',
    email: 'csandys48@wix.com',
    gender: 'Female',
    ip_address: '175.197.69.37'
  }
]
undefined
undefined
undefined
undefined
undefined
undefined
[
  {
    id: 154,
    first_name: 'Brantley',
    last_name: 'Ghirigori',
    email: 'bghirigori49@skype.com',
    gender: 'Male',
    ip_address: '119.153.248.70'
  }
]
undefined
undefined
undefined
undefined
undefined
undefined
[
  {
    id: 155,
    first_name: 'Aimil',
    last_name: 'Balchen',
    email: 'abalchen4a@github.io',
    gender: 'Male',
    ip_address: '43.152.65.95'
  }
]
undefined
undefined
undefined
undefined
undefined
undefined
[
  {
    id: 156,
    first_name: 'Giusto',
    last_name: 'Wallett',
    email: 'gwallett4b@booking.com',
    gender: 'Non-binary',
    ip_address: '77.158.166.92'
  }
]
undefined
undefined
undefined
undefined
undefined
undefined
[
  {
    id: 157,
    first_name: 'Verge',
    last_name: 'Beckles',
    email: 'vbeckles4c@howstuffworks.com',
    gender: 'Male',
    ip_address: '6.231.128.223'
  }
]
undefined
undefined
undefined
undefined
undefined
undefined
[
  {
    id: 158,
    first_name: 'Clyve',
    last_name: 'Hrinishin',
    email: 'chrinishin4d@ezinearticles.com',
    gender: 'Female',
    ip_address: '204.69.190.231'
  }
]
undefined
undefined
undefined
undefined
undefined
undefined
[
  {
    id: 159,
    first_name: 'Jonathon',
    last_name: 'McQuie',
    email: 'jmcquie4e@trellian.com',
    gender: 'Female',
    ip_address: '60.135.49.180'
  }
]
undefined
undefined
undefined
undefined
undefined
undefined
[
  {
    id: 160,
    first_name: 'Lanny',
    last_name: 'Itscovitz',
    email: 'litscovitz4f@barnesandnoble.com',
    gender: 'Female',
    ip_address: '8.174.229.230'
  }
]
undefined
undefined
undefined
undefined
undefined
undefined
[
  {
    id: 161,
    first_name: 'Tatiana',
    last_name: 'Pampling',
    email: 'tpampling4g@eventbrite.com',
    gender: 'Female',
    ip_address: '40.166.149.200'
  }
]
undefined
undefined
undefined
undefined
undefined
undefined
[
  {
    id: 162,
    first_name: 'Gill',
    last_name: 'Masedon',
    email: 'gmasedon4h@godaddy.com',
    gender: 'Female',
    ip_address: '161.46.136.137'
  }
]
undefined
undefined
undefined
undefined
undefined
undefined
[
  {
    id: 163,
    first_name: 'Joli',
    last_name: 'Illwell',
    email: 'jillwell4i@paginegialle.it',
    gender: 'Female',
    ip_address: '119.43.241.179'
  }
]
undefined
undefined
undefined
undefined
undefined
undefined
[
  {
    id: 164,
    first_name: 'Shanie',
    last_name: 'Brannon',
    email: 'sbrannon4j@meetup.com',
    gender: 'Male',
    ip_address: '113.95.94.85'
  }
]
undefined
undefined
undefined
undefined
undefined
undefined
[
  {
    id: 165,
    first_name: 'Kerianne',
    last_name: 'Loughrey',
    email: 'kloughrey4k@sogou.com',
    gender: 'Female',
    ip_address: '67.52.196.127'
  }
]
undefined
undefined
undefined
undefined
undefined
undefined
[
  {
    id: 166,
    first_name: 'Janeczka',
    last_name: 'Jados',
    email: 'jjados4l@sourceforge.net',
    gender: 'Female',
    ip_address: '214.136.176.230'
  }
]
undefined
undefined
undefined
undefined
undefined
undefined
[
  {
    id: 167,
    first_name: 'Warren',
    last_name: 'Rice',
    email: 'wrice4m@163.com',
    gender: 'Female',
    ip_address: '169.181.103.30'
  }
]
undefined
undefined
undefined
undefined
undefined
undefined
[
  {
    id: 168,
    first_name: 'Glennie',
    last_name: 'Radleigh',
    email: 'gradleigh4n@fastcompany.com',
    gender: 'Male',
    ip_address: '211.180.7.60'
  }
]
undefined
undefined
undefined
undefined
undefined
undefined
[
  {
    id: 169,
    first_name: 'Gan',
    last_name: 'Mapam',
    email: 'gmapam4o@abc.net.au',
    gender: 'Female',
    ip_address: '39.227.84.219'
  }
]
undefined
undefined
undefined
undefined
undefined
undefined
[
  {
    id: 170,
    first_name: 'Sammy',
    last_name: 'Locket',
    email: 'slocket4p@ycombinator.com',
    gender: 'Male',
    ip_address: '204.150.221.175'
  }
]
undefined
undefined
undefined
undefined
undefined
undefined
[
  {
    id: 171,
    first_name: 'Saunders',
    last_name: 'Reynalds',
    email: 'sreynalds4q@cbsnews.com',
    gender: 'Female',
    ip_address: '155.184.50.95'
  }
]
undefined
undefined
undefined
undefined
undefined
undefined
[
  {
    id: 172,
    first_name: 'Ernest',
    last_name: 'Vanyashin',
    email: 'evanyashin4r@amazonaws.com',
    gender: 'Genderfluid',
    ip_address: '254.5.246.40'
  }
]
undefined
undefined
undefined
undefined
undefined
undefined
[
  {
    id: 173,
    first_name: 'Shermy',
    last_name: 'Pawlik',
    email: 'spawlik4s@yelp.com',
    gender: 'Male',
    ip_address: '232.197.74.255'
  }
]
undefined
undefined
undefined
undefined
undefined
undefined
[
  {
    id: 174,
    first_name: 'Ferris',
    last_name: 'Laughlan',
    email: 'flaughlan4t@bandcamp.com',
    gender: 'Female',
    ip_address: '67.255.102.34'
  }
]
undefined
undefined
undefined
undefined
undefined
undefined
[
  {
    id: 175,
    first_name: 'Emmalynne',
    last_name: 'Sommersett',
    email: 'esommersett4u@ucoz.com',
    gender: 'Male',
    ip_address: '73.254.174.138'
  }
]
undefined
undefined
undefined
undefined
undefined
undefined
[
  {
    id: 176,
    first_name: 'Mignonne',
    last_name: 'Salterne',
    email: 'msalterne4v@weebly.com',
    gender: 'Male',
    ip_address: '1.184.239.24'
  }
]
undefined
undefined
undefined
undefined
undefined
undefined
[
  {
    id: 177,
    first_name: 'Van',
    last_name: 'Concannon',
    email: 'vconcannon4w@umich.edu',
    gender: 'Genderfluid',
    ip_address: '149.90.3.74'
  }
]
undefined
undefined
undefined
undefined
undefined
undefined
[
  {
    id: 178,
    first_name: 'Darice',
    last_name: 'Le Houx',
    email: 'dlehoux4x@narod.ru',
    gender: 'Male',
    ip_address: '194.122.57.13'
  }
]
undefined
undefined
undefined
undefined
undefined
undefined
[
  {
    id: 179,
    first_name: 'Leonard',
    last_name: 'Udall',
    email: 'ludall4y@smh.com.au',
    gender: 'Female',
    ip_address: '4.167.186.26'
  }
]
undefined
undefined
undefined
undefined
undefined
undefined
[
  {
    id: 180,
    first_name: 'Genevra',
    last_name: 'Dicey',
    email: 'gdicey4z@google.co.uk',
    gender: 'Male',
    ip_address: '23.247.91.188'
  }
]
undefined
undefined
undefined
undefined
undefined
undefined
[
  {
    id: 181,
    first_name: 'Jilleen',
    last_name: 'Kelberman',
    email: 'jkelberman50@archive.org',
    gender: 'Male',
    ip_address: '108.228.123.152'
  }
]
undefined
undefined
undefined
undefined
undefined
undefined
[
  {
    id: 182,
    first_name: 'Penelope',
    last_name: 'Fancy',
    email: 'pfancy51@marketwatch.com',
    gender: 'Female',
    ip_address: '200.163.225.137'
  }
]
undefined
undefined
undefined
undefined
undefined
undefined
[
  {
    id: 183,
    first_name: 'Burke',
    last_name: "O'Sheils",
    email: 'bosheils52@live.com',
    gender: 'Female',
    ip_address: '117.106.32.38'
  }
]
undefined
undefined
undefined
undefined
undefined
undefined
[
  {
    id: 184,
    first_name: 'Lonny',
    last_name: 'Koppel',
    email: 'lkoppel53@163.com',
    gender: 'Male',
    ip_address: '26.20.158.98'
  }
]
undefined
undefined
undefined
undefined
undefined
undefined
[
  {
    id: 185,
    first_name: 'Jacenta',
    last_name: "O'Spillane",
    email: 'jospillane54@netlog.com',
    gender: 'Non-binary',
    ip_address: '99.145.68.31'
  }
]
undefined
undefined
undefined
undefined
undefined
undefined
[
  {
    id: 186,
    first_name: 'Eben',
    last_name: 'Godfery',
    email: 'egodfery55@myspace.com',
    gender: 'Male',
    ip_address: '145.139.16.32'
  }
]
undefined
undefined
undefined
undefined
undefined
undefined
[
  {
    id: 187,
    first_name: 'Idaline',
    last_name: 'Szapiro',
    email: 'iszapiro56@woothemes.com',
    gender: 'Female',
    ip_address: '206.23.149.90'
  }
]
undefined
undefined
undefined
undefined
undefined
undefined
[
  {
    id: 188,
    first_name: 'Renata',
    last_name: 'Exter',
    email: 'rexter57@amazon.co.uk',
    gender: 'Non-binary',
    ip_address: '134.7.135.202'
  }
]
undefined
undefined
undefined
undefined
undefined
undefined
[
  {
    id: 189,
    first_name: 'Roanna',
    last_name: 'Redfield',
    email: 'rredfield58@mapy.cz',
    gender: 'Male',
    ip_address: '193.119.54.141'
  }
]
undefined
undefined
undefined
undefined
undefined
undefined
[
  {
    id: 190,
    first_name: 'Alvinia',
    last_name: 'Pickance',
    email: 'apickance59@angelfire.com',
    gender: 'Female',
    ip_address: '189.149.32.116'
  }
]
undefined
undefined
undefined
undefined
undefined
undefined
[
  {
    id: 191,
    first_name: 'Eldridge',
    last_name: 'Depke',
    email: 'edepke5a@illinois.edu',
    gender: 'Male',
    ip_address: '176.22.143.244'
  }
]
undefined
undefined
undefined
undefined
undefined
undefined
[
  {
    id: 192,
    first_name: 'Seka',
    last_name: 'MacNeely',
    email: 'smacneely5b@mlb.com',
    gender: 'Male',
    ip_address: '75.49.66.128'
  }
]
undefined
undefined
undefined
undefined
undefined
undefined
[
  {
    id: 193,
    first_name: 'Harlan',
    last_name: 'Wedlake',
    email: 'hwedlake5c@friendfeed.com',
    gender: 'Male',
    ip_address: '28.104.252.87'
  }
]
undefined
undefined
undefined
undefined
undefined
undefined
[
  {
    id: 194,
    first_name: 'Rodger',
    last_name: 'Reeds',
    email: 'rreeds5d@bigcartel.com',
    gender: 'Male',
    ip_address: '13.160.98.208'
  }
]
undefined
undefined
undefined
undefined
undefined
undefined
[
  {
    id: 195,
    first_name: 'Hephzibah',
    last_name: 'Venturoli',
    email: 'hventuroli5e@howstuffworks.com',
    gender: 'Male',
    ip_address: '28.129.59.226'
  }
]
undefined
undefined
undefined
undefined
undefined
undefined
[
  {
    id: 196,
    first_name: 'Crawford',
    last_name: 'Morando',
    email: 'cmorando5f@whitehouse.gov',
    gender: 'Bigender',
    ip_address: '93.113.84.244'
  }
]
undefined
undefined
undefined
undefined
undefined
undefined
[
  {
    id: 197,
    first_name: 'Kayne',
    last_name: 'Tarbath',
    email: 'ktarbath5g@linkedin.com',
    gender: 'Male',
    ip_address: '137.70.106.210'
  }
]
undefined
undefined
undefined
undefined
undefined
undefined
[
  {
    id: 198,
    first_name: 'Moira',
    last_name: 'Dunnan',
    email: 'mdunnan5h@opera.com',
    gender: 'Female',
    ip_address: '86.103.251.243'
  }
]
undefined
undefined
undefined
undefined
undefined
undefined
[
  {
    id: 199,
    first_name: 'Vidovic',
    last_name: 'Maric',
    email: 'vmaric5i@loc.gov',
    gender: 'Polygender',
    ip_address: '1.48.157.185'
  }
]
undefined
undefined
undefined
undefined
undefined
undefined
[
  {
    id: 200,
    first_name: 'Idalia',
    last_name: 'Fidge',
    email: 'ifidge5j@theglobeandmail.com',
    gender: 'Male',
    ip_address: '45.223.42.85'
  }
]
undefined
undefined
undefined
undefined
undefined
undefined
[
  {
    id: 201,
    first_name: 'Corilla',
    last_name: 'Bloss',
    email: 'cbloss5k@mayoclinic.com',
    gender: 'Female',
    ip_address: '19.249.247.32'
  }
]
undefined
undefined
undefined
undefined
undefined
undefined
[
  {
    id: 202,
    first_name: 'Powell',
    last_name: 'Garlee',
    email: 'pgarlee5l@bloomberg.com',
    gender: 'Male',
    ip_address: '159.29.201.183'
  }
]
undefined
undefined
undefined
undefined
undefined
undefined
[
  {
    id: 203,
    first_name: 'Tracey',
    last_name: 'Waumsley',
    email: 'twaumsley5m@addtoany.com',
    gender: 'Female',
    ip_address: '29.67.201.183'
  }
]
undefined
undefined
undefined
undefined
undefined
undefined
[
  {
    id: 204,
    first_name: 'Rosette',
    last_name: 'Serrels',
    email: 'rserrels5n@archive.org',
    gender: 'Male',
    ip_address: '118.197.228.121'
  }
]
undefined
undefined
undefined
undefined
undefined
undefined
[
  {
    id: 205,
    first_name: 'Bucky',
    last_name: 'Farrears',
    email: 'bfarrears5o@dyndns.org',
    gender: 'Female',
    ip_address: '21.114.83.132'
  }
]
undefined
undefined
undefined
undefined
undefined
undefined
[
  {
    id: 206,
    first_name: 'Nicholas',
    last_name: 'Beeken',
    email: 'nbeeken5p@bloglines.com',
    gender: 'Male',
    ip_address: '72.118.88.68'
  }
]
undefined
undefined
undefined
undefined
undefined
undefined
[
  {
    id: 207,
    first_name: 'Ainsley',
    last_name: "O'Dowd",
    email: 'aodowd5q@pbs.org',
    gender: 'Female',
    ip_address: '112.153.4.104'
  }
]
undefined
undefined
undefined
undefined
undefined
undefined
[
  {
    id: 208,
    first_name: 'Gamaliel',
    last_name: 'Van Der Weedenburg',
    email: 'gvanderweedenburg5r@is.gd',
    gender: 'Agender',
    ip_address: '70.212.215.183'
  }
]
undefined
undefined
undefined
undefined
undefined
undefined
[
  {
    id: 209,
    first_name: 'Mab',
    last_name: 'Bebb',
    email: 'mbebb5s@wordpress.org',
    gender: 'Female',
    ip_address: '245.194.229.233'
  }
]
undefined
undefined
undefined
undefined
undefined
undefined
[
  {
    id: 210,
    first_name: 'Johnnie',
    last_name: 'Sweetland',
    email: 'jsweetland5t@mit.edu',
    gender: 'Male',
    ip_address: '76.62.244.155'
  }
]
undefined
undefined
undefined
undefined
undefined
undefined
[
  {
    id: 211,
    first_name: 'Heda',
    last_name: 'Potebury',
    email: 'hpotebury5u@elegantthemes.com',
    gender: 'Male',
    ip_address: '51.66.229.59'
  }
]
undefined
undefined
undefined
undefined
undefined
undefined
[
  {
    id: 212,
    first_name: 'Korrie',
    last_name: 'Martonfi',
    email: 'kmartonfi5v@360.cn',
    gender: 'Female',
    ip_address: '109.9.13.168'
  }
]
undefined
undefined
undefined
undefined
undefined
undefined
[
  {
    id: 213,
    first_name: 'Max',
    last_name: 'McEntee',
    email: 'mmcentee5w@harvard.edu',
    gender: 'Genderqueer',
    ip_address: '221.162.41.109'
  }
]
undefined
undefined
undefined
undefined
undefined
undefined
[
  {
    id: 214,
    first_name: 'Mike',
    last_name: 'Wildbore',
    email: 'mwildbore5x@nifty.com',
    gender: 'Male',
    ip_address: '87.116.249.14'
  }
]
undefined
undefined
undefined
undefined
undefined
undefined
[
  {
    id: 215,
    first_name: 'Darbie',
    last_name: 'Kornacki',
    email: 'dkornacki5y@live.com',
    gender: 'Female',
    ip_address: '117.111.31.113'
  }
]
undefined
undefined
undefined
undefined
undefined
undefined
[
  {
    id: 216,
    first_name: 'Brnaba',
    last_name: 'Keymer',
    email: 'bkeymer5z@1und1.de',
    gender: 'Female',
    ip_address: '94.163.181.233'
  }
]
undefined
undefined
undefined
undefined
undefined
undefined
[
  {
    id: 217,
    first_name: 'Ynez',
    last_name: 'Rivett',
    email: 'yrivett60@vk.com',
    gender: 'Male',
    ip_address: '181.21.234.203'
  }
]
undefined
undefined
undefined
undefined
undefined
undefined
[
  {
    id: 218,
    first_name: 'Mag',
    last_name: 'Windram',
    email: 'mwindram61@e-recht24.de',
    gender: 'Male',
    ip_address: '2.225.215.136'
  }
]
undefined
undefined
undefined
undefined
undefined
undefined
[
  {
    id: 219,
    first_name: 'Townie',
    last_name: 'Chatburn',
    email: 'tchatburn62@comcast.net',
    gender: 'Male',
    ip_address: '129.40.58.240'
  }
]
undefined
undefined
undefined
undefined
undefined
undefined
[
  {
    id: 220,
    first_name: 'Cull',
    last_name: 'Malone',
    email: 'cmalone63@so-net.ne.jp',
    gender: 'Male',
    ip_address: '242.119.27.101'
  }
]
undefined
undefined
undefined
undefined
undefined
undefined
[
  {
    id: 221,
    first_name: 'Lenna',
    last_name: 'Phoenix',
    email: 'lphoenix64@facebook.com',
    gender: 'Male',
    ip_address: '193.11.139.147'
  }
]
undefined
undefined
undefined
undefined
undefined
undefined
[
  {
    id: 222,
    first_name: 'Farlay',
    last_name: 'Landell',
    email: 'flandell65@chicagotribune.com',
    gender: 'Female',
    ip_address: '242.94.224.58'
  }
]
undefined
undefined
undefined
undefined
undefined
undefined
[
  {
    id: 223,
    first_name: 'Elie',
    last_name: 'Wrassell',
    email: 'ewrassell66@desdev.cn',
    gender: 'Male',
    ip_address: '30.58.127.243'
  }
]
undefined
undefined
undefined
undefined
undefined
undefined
[
  {
    id: 224,
    first_name: 'Reynolds',
    last_name: 'Mattisssen',
    email: 'rmattisssen67@ucoz.com',
    gender: 'Female',
    ip_address: '7.132.97.62'
  }
]
undefined
undefined
undefined
undefined
undefined
undefined
[
  {
    id: 225,
    first_name: 'Joella',
    last_name: 'Merington',
    email: 'jmerington68@scribd.com',
    gender: 'Female',
    ip_address: '205.125.218.202'
  }
]
undefined
undefined
undefined
undefined
undefined
undefined
[
  {
    id: 226,
    first_name: 'Carmina',
    last_name: 'Piccop',
    email: 'cpiccop69@ucoz.ru',
    gender: 'Female',
    ip_address: '249.193.158.62'
  }
]
undefined
undefined
undefined
undefined
undefined
undefined
[
  {
    id: 227,
    first_name: 'Laney',
    last_name: 'Lismer',
    email: 'llismer6a@economist.com',
    gender: 'Male',
    ip_address: '126.157.125.36'
  }
]
undefined
undefined
undefined
undefined
undefined
undefined
[
  {
    id: 228,
    first_name: 'Wildon',
    last_name: 'Grishechkin',
    email: 'wgrishechkin6b@pbs.org',
    gender: 'Male',
    ip_address: '27.15.248.12'
  }
]
undefined
undefined
undefined
undefined
undefined
undefined
[
  {
    id: 229,
    first_name: 'Costanza',
    last_name: 'Hegge',
    email: 'chegge6c@engadget.com',
    gender: 'Male',
    ip_address: '2.56.121.36'
  }
]
undefined
undefined
undefined
undefined
undefined
undefined
[
  {
    id: 230,
    first_name: 'Audi',
    last_name: 'Guerrin',
    email: 'aguerrin6d@paginegialle.it',
    gender: 'Female',
    ip_address: '152.59.72.179'
  }
]
undefined
undefined
undefined
undefined
undefined
undefined
[
  {
    id: 231,
    first_name: 'Lena',
    last_name: 'Galvan',
    email: 'lgalvan6e@apache.org',
    gender: 'Female',
    ip_address: '202.195.216.209'
  }
]
undefined
undefined
undefined
undefined
undefined
undefined
[
  {
    id: 232,
    first_name: 'Derrick',
    last_name: 'Yong',
    email: 'dyong6f@i2i.jp',
    gender: 'Male',
    ip_address: '236.88.79.5'
  }
]
undefined
undefined
undefined
undefined
undefined
undefined
[
  {
    id: 233,
    first_name: 'Roxine',
    last_name: 'Trebilcock',
    email: 'rtrebilcock6g@reverbnation.com',
    gender: 'Female',
    ip_address: '204.157.36.220'
  }
]
undefined
undefined
undefined
undefined
undefined
undefined
[
  {
    id: 234,
    first_name: 'Tedi',
    last_name: 'Battyll',
    email: 'tbattyll6h@princeton.edu',
    gender: 'Female',
    ip_address: '67.104.198.118'
  }
]
undefined
undefined
undefined
undefined
undefined
undefined
[
  {
    id: 235,
    first_name: 'Alford',
    last_name: 'Brewins',
    email: 'abrewins6i@bloglines.com',
    gender: 'Male',
    ip_address: '47.119.79.99'
  }
]
undefined
undefined
undefined
undefined
undefined
undefined
[
  {
    id: 236,
    first_name: 'Kristina',
    last_name: 'Stenyng',
    email: 'kstenyng6j@howstuffworks.com',
    gender: 'Female',
    ip_address: '152.189.41.238'
  }
]
undefined
undefined
undefined
undefined
undefined
undefined
[
  {
    id: 237,
    first_name: 'Sonja',
    last_name: 'Paramore',
    email: 'sparamore6k@unblog.fr',
    gender: 'Male',
    ip_address: '210.153.0.183'
  }
]
undefined
undefined
undefined
undefined
undefined
undefined
[
  {
    id: 238,
    first_name: 'Gunther',
    last_name: 'Siege',
    email: 'gsiege6l@yahoo.com',
    gender: 'Male',
    ip_address: '237.169.49.196'
  }
]
undefined
undefined
undefined
undefined
undefined
undefined
[
  {
    id: 239,
    first_name: 'Allianora',
    last_name: 'Tollet',
    email: 'atollet6m@forbes.com',
    gender: 'Male',
    ip_address: '254.149.225.63'
  }
]
undefined
undefined
undefined
undefined
undefined
undefined
[
  {
    id: 240,
    first_name: 'Sher',
    last_name: 'Hulkes',
    email: 'shulkes6n@mediafire.com',
    gender: 'Female',
    ip_address: '157.105.153.170'
  }
]
undefined
undefined
undefined
undefined
undefined
undefined
[
  {
    id: 241,
    first_name: 'Datha',
    last_name: 'Melpuss',
    email: 'dmelpuss6o@issuu.com',
    gender: 'Male',
    ip_address: '215.167.44.187'
  }
]
undefined
undefined
undefined
undefined
undefined
undefined
[
  {
    id: 242,
    first_name: 'Albina',
    last_name: 'Szachniewicz',
    email: 'aszachniewicz6p@theatlantic.com',
    gender: 'Male',
    ip_address: '76.147.7.121'
  }
]
undefined
undefined
undefined
undefined
undefined
undefined
[
  {
    id: 243,
    first_name: 'Jeanette',
    last_name: 'Moorrud',
    email: 'jmoorrud6q@usda.gov',
    gender: 'Male',
    ip_address: '118.31.148.71'
  }
]
undefined
undefined
undefined
undefined
undefined
undefined
[
  {
    id: 244,
    first_name: 'Lavinie',
    last_name: 'Pattenden',
    email: 'lpattenden6r@dell.com',
    gender: 'Female',
    ip_address: '108.197.232.222'
  }
]
undefined
undefined
undefined
undefined
undefined
undefined
[
  {
    id: 245,
    first_name: 'Aaron',
    last_name: 'Peek',
    email: 'apeek6s@weather.com',
    gender: 'Female',
    ip_address: '241.48.217.250'
  }
]
undefined
undefined
undefined
undefined
undefined
undefined
[
  {
    id: 246,
    first_name: 'Moshe',
    last_name: 'Lamerton',
    email: 'mlamerton6t@stanford.edu',
    gender: 'Female',
    ip_address: '46.115.20.254'
  }
]
undefined
undefined
undefined
undefined
undefined
undefined
[
  {
    id: 247,
    first_name: 'Stafford',
    last_name: 'Beney',
    email: 'sbeney6u@rediff.com',
    gender: 'Male',
    ip_address: '233.186.78.38'
  }
]
undefined
undefined
undefined
undefined
undefined
undefined
[
  {
    id: 248,
    first_name: 'Goldy',
    last_name: 'Bennit',
    email: 'gbennit6v@indiatimes.com',
    gender: 'Male',
    ip_address: '200.26.143.201'
  }
]
undefined
undefined
undefined
undefined
undefined
undefined
[
  {
    id: 249,
    first_name: 'Nathalia',
    last_name: 'Ezzell',
    email: 'nezzell6w@gnu.org',
    gender: 'Female',
    ip_address: '204.38.104.84'
  }
]
undefined
undefined
undefined
undefined
undefined
undefined
[
  {
    id: 250,
    first_name: 'Dur',
    last_name: 'Shimmings',
    email: 'dshimmings6x@sciencedaily.com',
    gender: 'Female',
    ip_address: '173.160.48.224'
  }
]
undefined
undefined
undefined
undefined
undefined
undefined
[
  {
    id: 251,
    first_name: 'Miltie',
    last_name: 'Corris',
    email: 'mcorris6y@who.int',
    gender: 'Female',
    ip_address: '0.129.5.118'
  }
]
undefined
undefined
undefined
undefined
undefined
undefined
[
  {
    id: 252,
    first_name: 'Ailene',
    last_name: 'Elphey',
    email: 'aelphey6z@globo.com',
    gender: 'Genderqueer',
    ip_address: '161.143.193.91'
  }
]
undefined
undefined
undefined
undefined
undefined
undefined
[
  {
    id: 253,
    first_name: 'Oneida',
    last_name: 'Larvin',
    email: 'olarvin70@noaa.gov',
    gender: 'Male',
    ip_address: '173.245.84.149'
  }
]
undefined
undefined
undefined
undefined
undefined
undefined
[
  {
    id: 254,
    first_name: 'Hobard',
    last_name: 'Normansell',
    email: 'hnormansell71@squarespace.com',
    gender: 'Female',
    ip_address: '71.177.180.65'
  }
]
undefined
undefined
undefined
undefined
undefined
undefined
[
  {
    id: 255,
    first_name: 'Tallia',
    last_name: 'Siemens',
    email: 'tsiemens72@scribd.com',
    gender: 'Male',
    ip_address: '213.62.90.73'
  }
]
undefined
undefined
undefined
undefined
undefined
undefined
[
  {
    id: 256,
    first_name: 'Keene',
    last_name: 'Dixie',
    email: 'kdixie73@nasa.gov',
    gender: 'Male',
    ip_address: '6.95.29.237'
  }
]
undefined
undefined
undefined
undefined
undefined
undefined
[
  {
    id: 257,
    first_name: 'Glynis',
    last_name: 'Lasselle',
    email: 'glasselle74@wikia.com',
    gender: 'Female',
    ip_address: '133.87.115.197'
  }
]
undefined
undefined
undefined
undefined
undefined
undefined
[
  {
    id: 258,
    first_name: 'Darwin',
    last_name: 'Mariault',
    email: 'dmariault75@123-reg.co.uk',
    gender: 'Female',
    ip_address: '192.2.196.207'
  }
]
undefined
undefined
undefined
undefined
undefined
undefined
[
  {
    id: 259,
    first_name: 'Stevy',
    last_name: 'Bebbell',
    email: 'sbebbell76@google.com',
    gender: 'Male',
    ip_address: '195.27.27.84'
  }
]
undefined
undefined
undefined
undefined
undefined
undefined
[
  {
    id: 260,
    first_name: 'Bartram',
    last_name: 'Ziem',
    email: 'bziem77@google.cn',
    gender: 'Male',
    ip_address: '49.209.44.102'
  }
]
undefined
undefined
undefined
undefined
undefined
undefined
[
  {
    id: 261,
    first_name: 'Patience',
    last_name: 'Crass',
    email: 'pcrass78@meetup.com',
    gender: 'Male',
    ip_address: '44.4.125.38'
  }
]
undefined
undefined
undefined
undefined
undefined
undefined
[
  {
    id: 262,
    first_name: 'Kendrick',
    last_name: 'Hourston',
    email: 'khourston79@clickbank.net',
    gender: 'Agender',
    ip_address: '227.59.112.89'
  }
]
undefined
undefined
undefined
undefined
undefined
undefined
[
  {
    id: 263,
    first_name: 'Christophorus',
    last_name: 'Gori',
    email: 'cgori7a@eventbrite.com',
    gender: 'Genderqueer',
    ip_address: '246.47.236.39'
  }
]
undefined
undefined
undefined
undefined
undefined
undefined
[
  {
    id: 264,
    first_name: 'Elton',
    last_name: 'Larderot',
    email: 'elarderot7b@mapy.cz',
    gender: 'Male',
    ip_address: '216.216.68.101'
  }
]
undefined
undefined
undefined
undefined
undefined
undefined
[
  {
    id: 265,
    first_name: 'Jodi',
    last_name: 'Latus',
    email: 'jlatus7c@last.fm',
    gender: 'Male',
    ip_address: '88.18.9.24'
  }
]
undefined
undefined
undefined
undefined
undefined
undefined
[
  {
    id: 266,
    first_name: 'Caryl',
    last_name: 'Mawd',
    email: 'cmawd7d@squidoo.com',
    gender: 'Female',
    ip_address: '226.3.171.185'
  }
]
undefined
undefined
undefined
undefined
undefined
undefined
[
  {
    id: 267,
    first_name: 'Anny',
    last_name: 'Eastop',
    email: 'aeastop7e@jigsy.com',
    gender: 'Female',
    ip_address: '238.8.99.31'
  }
]
undefined
undefined
undefined
undefined
undefined
undefined
[
  {
    id: 268,
    first_name: 'Beck',
    last_name: "O'Kennedy",
    email: 'bokennedy7f@zdnet.com',
    gender: 'Bigender',
    ip_address: '37.228.195.116'
  }
]
undefined
undefined
undefined
undefined
undefined
undefined
[
  {
    id: 269,
    first_name: 'Jarrett',
    last_name: 'Gregoletti',
    email: 'jgregoletti7g@stumbleupon.com',
    gender: 'Female',
    ip_address: '13.27.5.253'
  }
]
undefined
undefined
undefined
undefined
undefined
undefined
[
  {
    id: 270,
    first_name: 'Emily',
    last_name: 'Gringley',
    email: 'egringley7h@berkeley.edu',
    gender: 'Male',
    ip_address: '148.242.77.163'
  }
]
undefined
undefined
undefined
undefined
undefined
undefined
[
  {
    id: 271,
    first_name: 'Teodor',
    last_name: 'Boyde',
    email: 'tboyde7i@reverbnation.com',
    gender: 'Male',
    ip_address: '36.92.33.221'
  }
]
undefined
undefined
undefined
undefined
undefined
undefined
[
  {
    id: 272,
    first_name: 'Oran',
    last_name: 'Gerhartz',
    email: 'ogerhartz7j@uiuc.edu',
    gender: 'Female',
    ip_address: '119.128.9.115'
  }
]
undefined
undefined
undefined
undefined
undefined
undefined
[
  {
    id: 273,
    first_name: 'Patty',
    last_name: 'Carbert',
    email: 'pcarbert7k@intel.com',
    gender: 'Female',
    ip_address: '123.171.105.193'
  }
]
undefined
undefined
undefined
undefined
undefined
undefined
[
  {
    id: 274,
    first_name: 'Joy',
    last_name: 'Breeze',
    email: 'jbreeze7l@ehow.com',
    gender: 'Male',
    ip_address: '10.226.211.20'
  }
]
undefined
undefined
undefined
undefined
undefined
undefined
[
  {
    id: 275,
    first_name: 'Lyndsey',
    last_name: 'Adcock',
    email: 'ladcock7m@123-reg.co.uk',
    gender: 'Female',
    ip_address: '47.53.150.194'
  }
]
undefined
undefined
undefined
undefined
undefined
undefined
[
  {
    id: 276,
    first_name: 'Darcey',
    last_name: 'Salvati',
    email: 'dsalvati7n@gov.uk',
    gender: 'Male',
    ip_address: '80.210.193.197'
  }
]
undefined
undefined
undefined
undefined
undefined
undefined
[
  {
    id: 277,
    first_name: 'Nell',
    last_name: 'Noice',
    email: 'nnoice7o@google.com',
    gender: 'Genderqueer',
    ip_address: '116.9.178.53'
  }
]
undefined
undefined
undefined
undefined
undefined
undefined
[
  {
    id: 278,
    first_name: 'Sarette',
    last_name: 'Trevna',
    email: 'strevna7p@mit.edu',
    gender: 'Female',
    ip_address: '119.77.135.22'
  }
]
undefined
undefined
undefined
undefined
undefined
undefined
[
  {
    id: 279,
    first_name: 'Dulcea',
    last_name: 'Been',
    email: 'dbeen7q@ifeng.com',
    gender: 'Male',
    ip_address: '87.64.170.120'
  }
]
undefined
undefined
undefined
undefined
undefined
undefined
[
  {
    id: 280,
    first_name: 'Crissy',
    last_name: 'Miettinen',
    email: 'cmiettinen7r@mlb.com',
    gender: 'Female',
    ip_address: '187.122.185.25'
  }
]
undefined
undefined
undefined
undefined
undefined
undefined
[
  {
    id: 281,
    first_name: 'Rosalyn',
    last_name: 'Fandrich',
    email: 'rfandrich7s@shutterfly.com',
    gender: 'Male',
    ip_address: '177.61.4.41'
  }
]
undefined
undefined
undefined
undefined
undefined
undefined
[
  {
    id: 282,
    first_name: 'Charles',
    last_name: 'Crewdson',
    email: 'ccrewdson7t@whitehouse.gov',
    gender: 'Female',
    ip_address: '21.72.251.113'
  }
]
undefined
undefined
undefined
undefined
undefined
undefined
[
  {
    id: 283,
    first_name: 'Murvyn',
    last_name: 'Cuckson',
    email: 'mcuckson7u@ameblo.jp',
    gender: 'Male',
    ip_address: '214.142.89.78'
  }
]
undefined
undefined
undefined
undefined
undefined
undefined
[
  {
    id: 284,
    first_name: 'Stanton',
    last_name: 'Crowne',
    email: 'scrowne7v@vimeo.com',
    gender: 'Male',
    ip_address: '59.69.200.156'
  }
]
undefined
undefined
undefined
undefined
undefined
undefined
[
  {
    id: 285,
    first_name: 'Odelle',
    last_name: 'Toffoloni',
    email: 'otoffoloni7w@joomla.org',
    gender: 'Female',
    ip_address: '57.233.158.167'
  }
]
undefined
undefined
undefined
undefined
undefined
undefined
[
  {
    id: 286,
    first_name: 'Allard',
    last_name: 'McQuaker',
    email: 'amcquaker7x@va.gov',
    gender: 'Male',
    ip_address: '148.205.195.197'
  }
]
undefined
undefined
undefined
undefined
undefined
undefined
[
  {
    id: 287,
    first_name: 'Dwain',
    last_name: 'Musico',
    email: 'dmusico7y@ca.gov',
    gender: 'Bigender',
    ip_address: '249.59.232.175'
  }
]
undefined
undefined
undefined
undefined
undefined
undefined
[
  {
    id: 288,
    first_name: 'Marilee',
    last_name: 'Fortescue',
    email: 'mfortescue7z@github.com',
    gender: 'Male',
    ip_address: '28.22.156.234'
  }
]
undefined
undefined
undefined
undefined
undefined
undefined
[
  {
    id: 289,
    first_name: 'Ginnifer',
    last_name: 'Meyer',
    email: 'gmeyer80@epa.gov',
    gender: 'Bigender',
    ip_address: '204.105.255.190'
  }
]
undefined
undefined
undefined
undefined
undefined
undefined
[
  {
    id: 290,
    first_name: 'Kaitlynn',
    last_name: 'Murney',
    email: 'kmurney81@kickstarter.com',
    gender: 'Female',
    ip_address: '92.222.241.179'
  }
]
undefined
undefined
undefined
undefined
undefined
undefined
[
  {
    id: 291,
    first_name: 'Brenn',
    last_name: 'Mosen',
    email: 'bmosen82@symantec.com',
    gender: 'Male',
    ip_address: '15.189.236.12'
  }
]
undefined
undefined
undefined
undefined
undefined
undefined
[
  {
    id: 292,
    first_name: 'Kora',
    last_name: 'Yeskov',
    email: 'kyeskov83@barnesandnoble.com',
    gender: 'Female',
    ip_address: '172.221.152.90'
  }
]
undefined
undefined
undefined
undefined
undefined
undefined
[
  {
    id: 293,
    first_name: 'Livy',
    last_name: 'Maywood',
    email: 'lmaywood84@reference.com',
    gender: 'Female',
    ip_address: '219.185.247.142'
  }
]
undefined
undefined
undefined
undefined
undefined
undefined
[
  {
    id: 294,
    first_name: 'Lebbie',
    last_name: 'Shatford',
    email: 'lshatford85@time.com',
    gender: 'Female',
    ip_address: '120.180.246.65'
  }
]
undefined
undefined
undefined
undefined
undefined
undefined
[
  {
    id: 295,
    first_name: 'Connor',
    last_name: 'Otham',
    email: 'cotham86@freewebs.com',
    gender: 'Female',
    ip_address: '177.209.63.222'
  }
]
undefined
undefined
undefined
undefined
undefined
undefined
[
  {
    id: 296,
    first_name: 'Renae',
    last_name: 'de Quincey',
    email: 'rdequincey87@amazon.co.jp',
    gender: 'Male',
    ip_address: '5.186.158.254'
  }
]
undefined
undefined
undefined
undefined
undefined
undefined
[
  {
    id: 297,
    first_name: 'Andrus',
    last_name: 'Kettow',
    email: 'akettow88@fema.gov',
    gender: 'Polygender',
    ip_address: '218.33.70.29'
  }
]
undefined
undefined
undefined
undefined
undefined
undefined
[
  {
    id: 298,
    first_name: 'Davis',
    last_name: 'Ismail',
    email: 'dismail89@tiny.cc',
    gender: 'Female',
    ip_address: '104.56.167.60'
  }
]
undefined
undefined
undefined
undefined
undefined
undefined
[
  {
    id: 299,
    first_name: 'Pearle',
    last_name: 'Baline',
    email: 'pbaline8a@noaa.gov',
    gender: 'Female',
    ip_address: '67.144.15.77'
  }
]
undefined
undefined
undefined
undefined
undefined
undefined
[
  {
    id: 300,
    first_name: 'Viviyan',
    last_name: 'Bullard',
    email: 'vbullard8b@weather.com',
    gender: 'Male',
    ip_address: '225.230.197.223'
  }
]
undefined
undefined
undefined
undefined
undefined
undefined
[
  {
    id: 301,
    first_name: 'Dillon',
    last_name: 'MacKeeg',
    email: 'dmackeeg8c@adobe.com',
    gender: 'Male',
    ip_address: '24.167.116.108'
  }
]
undefined
undefined
undefined
undefined
undefined
undefined
[
  {
    id: 302,
    first_name: 'Kesley',
    last_name: 'Wisson',
    email: 'kwisson8d@alexa.com',
    gender: 'Non-binary',
    ip_address: '17.198.52.98'
  }
]
undefined
undefined
undefined
undefined
undefined
undefined
[
  {
    id: 303,
    first_name: 'Frederique',
    last_name: 'Dumberrill',
    email: 'fdumberrill8e@mit.edu',
    gender: 'Genderfluid',
    ip_address: '62.191.183.68'
  }
]
undefined
undefined
undefined
undefined
undefined
undefined
[
  {
    id: 304,
    first_name: 'Davida',
    last_name: 'Inge',
    email: 'dinge8f@squarespace.com',
    gender: 'Male',
    ip_address: '99.141.209.55'
  }
]
undefined
undefined
undefined
undefined
undefined
undefined
[
  {
    id: 305,
    first_name: 'Dorothee',
    last_name: 'Folomin',
    email: 'dfolomin8g@usa.gov',
    gender: 'Female',
    ip_address: '36.210.31.166'
  }
]
undefined
undefined
undefined
undefined
undefined
undefined
[
  {
    id: 306,
    first_name: 'Alisha',
    last_name: 'Emmet',
    email: 'aemmet8h@umich.edu',
    gender: 'Polygender',
    ip_address: '178.97.251.244'
  }
]
undefined
undefined
undefined
undefined
undefined
undefined
[
  {
    id: 307,
    first_name: 'Zonnya',
    last_name: 'Reckhouse',
    email: 'zreckhouse8i@engadget.com',
    gender: 'Genderqueer',
    ip_address: '40.13.192.171'
  }
]
undefined
undefined
undefined
undefined
undefined
undefined
[
  {
    id: 308,
    first_name: 'Amie',
    last_name: 'Dobbins',
    email: 'adobbins8j@godaddy.com',
    gender: 'Female',
    ip_address: '28.168.136.246'
  }
]
undefined
undefined
undefined
undefined
undefined
undefined
[
  {
    id: 309,
    first_name: 'Nariko',
    last_name: 'Kinane',
    email: 'nkinane8k@discovery.com',
    gender: 'Male',
    ip_address: '65.184.92.98'
  }
]
undefined
undefined
undefined
undefined
undefined
undefined
[
  {
    id: 310,
    first_name: 'Rutger',
    last_name: 'Parkhouse',
    email: 'rparkhouse8l@4shared.com',
    gender: 'Male',
    ip_address: '144.252.3.193'
  }
]
undefined
undefined
undefined
undefined
undefined
undefined
[
  {
    id: 311,
    first_name: 'Cassy',
    last_name: 'Fritchley',
    email: 'cfritchley8m@wikia.com',
    gender: 'Genderqueer',
    ip_address: '197.141.52.63'
  }
]
undefined
undefined
undefined
undefined
undefined
undefined
[
  {
    id: 312,
    first_name: 'Clayton',
    last_name: 'Tremellan',
    email: 'ctremellan8n@exblog.jp',
    gender: 'Agender',
    ip_address: '115.175.104.236'
  }
]
undefined
undefined
undefined
undefined
undefined
undefined
[
  {
    id: 313,
    first_name: 'Brigid',
    last_name: 'Bever',
    email: 'bbever8o@netlog.com',
    gender: 'Male',
    ip_address: '225.245.156.244'
  }
]
undefined
undefined
undefined
undefined
undefined
undefined
[
  {
    id: 314,
    first_name: 'Benjamen',
    last_name: 'Sciusscietto',
    email: 'bsciusscietto8p@illinois.edu',
    gender: 'Female',
    ip_address: '12.71.158.50'
  }
]
undefined
undefined
undefined
undefined
undefined
undefined
[
  {
    id: 315,
    first_name: 'Jud',
    last_name: 'Fosberry',
    email: 'jfosberry8q@sfgate.com',
    gender: 'Male',
    ip_address: '48.11.225.74'
  }
]
undefined
undefined
undefined
undefined
undefined
undefined
[
  {
    id: 316,
    first_name: 'Barbi',
    last_name: 'Siebert',
    email: 'bsiebert8r@about.com',
    gender: 'Female',
    ip_address: '64.235.246.41'
  }
]
undefined
undefined
undefined
undefined
undefined
undefined
[
  {
    id: 317,
    first_name: 'Darnall',
    last_name: 'McCabe',
    email: 'dmccabe8s@goodreads.com',
    gender: 'Female',
    ip_address: '95.227.168.108'
  }
]
undefined
undefined
undefined
undefined
undefined
undefined
[
  {
    id: 318,
    first_name: 'Marmaduke',
    last_name: 'Creswell',
    email: 'mcreswell8t@amazonaws.com',
    gender: 'Male',
    ip_address: '77.159.56.88'
  }
]
undefined
undefined
undefined
undefined
undefined
undefined
[
  {
    id: 319,
    first_name: 'Lyn',
    last_name: 'Dripps',
    email: 'ldripps8u@netlog.com',
    gender: 'Female',
    ip_address: '82.75.213.125'
  }
]
undefined
undefined
undefined
undefined
undefined
undefined
[
  {
    id: 320,
    first_name: 'Karie',
    last_name: 'Blanking',
    email: 'kblanking8v@indiatimes.com',
    gender: 'Female',
    ip_address: '143.21.156.132'
  }
]
undefined
undefined
undefined
undefined
undefined
undefined
[
  {
    id: 321,
    first_name: 'Wesley',
    last_name: 'Kinkade',
    email: 'wkinkade8w@elpais.com',
    gender: 'Male',
    ip_address: '229.146.72.93'
  }
]
undefined
undefined
undefined
undefined
undefined
undefined
[
  {
    id: 322,
    first_name: 'Georgy',
    last_name: 'Glynn',
    email: 'gglynn8x@soundcloud.com',
    gender: 'Female',
    ip_address: '54.91.208.235'
  }
]
undefined
undefined
undefined
undefined
undefined
undefined
[
  {
    id: 323,
    first_name: 'Ely',
    last_name: 'Pynn',
    email: 'epynn8y@bbc.co.uk',
    gender: 'Polygender',
    ip_address: '183.193.245.244'
  }
]
undefined
undefined
undefined
undefined
undefined
undefined
[
  {
    id: 324,
    first_name: 'Jamal',
    last_name: 'Milius',
    email: 'jmilius8z@ftc.gov',
    gender: 'Male',
    ip_address: '23.10.67.217'
  }
]
undefined
undefined
undefined
undefined
undefined
undefined
[
  {
    id: 325,
    first_name: 'Rosalia',
    last_name: 'Carnow',
    email: 'rcarnow90@usnews.com',
    gender: 'Male',
    ip_address: '161.211.56.250'
  }
]
undefined
undefined
undefined
undefined
undefined
undefined
[
  {
    id: 326,
    first_name: 'Lishe',
    last_name: 'Frostdick',
    email: 'lfrostdick91@japanpost.jp',
    gender: 'Female',
    ip_address: '150.131.53.105'
  }
]
undefined
undefined
undefined
undefined
undefined
undefined
[
  {
    id: 327,
    first_name: 'Ekaterina',
    last_name: 'Probin',
    email: 'eprobin92@reddit.com',
    gender: 'Male',
    ip_address: '65.243.34.80'
  }
]
undefined
undefined
undefined
undefined
undefined
undefined
[
  {
    id: 328,
    first_name: 'Barris',
    last_name: 'Agastina',
    email: 'bagastina93@howstuffworks.com',
    gender: 'Female',
    ip_address: '109.61.142.250'
  }
]
undefined
undefined
undefined
undefined
undefined
undefined
[
  {
    id: 329,
    first_name: 'Hercule',
    last_name: 'Crewther',
    email: 'hcrewther94@time.com',
    gender: 'Polygender',
    ip_address: '13.69.72.102'
  }
]
undefined
undefined
undefined
undefined
undefined
undefined
[
  {
    id: 330,
    first_name: 'Claybourne',
    last_name: 'Howell',
    email: 'chowell95@princeton.edu',
    gender: 'Male',
    ip_address: '135.209.36.7'
  }
]
undefined
undefined
undefined
undefined
undefined
undefined
[
  {
    id: 331,
    first_name: 'Opaline',
    last_name: 'Nayer',
    email: 'onayer96@exblog.jp',
    gender: 'Female',
    ip_address: '232.122.202.4'
  }
]
undefined
undefined
undefined
undefined
undefined
undefined
[
  {
    id: 332,
    first_name: 'Fenelia',
    last_name: 'Itzakovitz',
    email: 'fitzakovitz97@gnu.org',
    gender: 'Male',
    ip_address: '127.227.55.140'
  }
]
undefined
undefined
undefined
undefined
undefined
undefined
[
  {
    id: 333,
    first_name: 'Robbyn',
    last_name: 'Landsberg',
    email: 'rlandsberg98@scientificamerican.com',
    gender: 'Female',
    ip_address: '94.106.106.161'
  }
]
undefined
undefined
undefined
undefined
undefined
undefined
[
  {
    id: 334,
    first_name: 'Kent',
    last_name: 'Maulden',
    email: 'kmaulden99@cmu.edu',
    gender: 'Male',
    ip_address: '94.74.47.119'
  }
]
undefined
undefined
undefined
undefined
undefined
undefined
[
  {
    id: 335,
    first_name: 'Mella',
    last_name: 'Thaxter',
    email: 'mthaxter9a@irs.gov',
    gender: 'Female',
    ip_address: '149.156.206.2'
  }
]
undefined
undefined
undefined
undefined
undefined
undefined
[
  {
    id: 336,
    first_name: 'Hall',
    last_name: 'Cartwright',
    email: 'hcartwright9b@g.co',
    gender: 'Female',
    ip_address: '241.84.170.42'
  }
]
undefined
undefined
undefined
undefined
undefined
undefined
[
  {
    id: 337,
    first_name: 'Tait',
    last_name: 'Buffery',
    email: 'tbuffery9c@parallels.com',
    gender: 'Male',
    ip_address: '168.57.71.200'
  }
]
undefined
undefined
undefined
undefined
undefined
undefined
[
  {
    id: 338,
    first_name: 'Verge',
    last_name: 'Matej',
    email: 'vmatej9d@netvibes.com',
    gender: 'Female',
    ip_address: '109.98.229.230'
  }
]
undefined
undefined
undefined
undefined
undefined
undefined
[
  {
    id: 339,
    first_name: 'Flossie',
    last_name: 'Pearl',
    email: 'fpearl9e@cocolog-nifty.com',
    gender: 'Male',
    ip_address: '115.36.80.144'
  }
]
undefined
undefined
undefined
undefined
undefined
undefined
[
  {
    id: 340,
    first_name: 'Eric',
    last_name: 'Hurt',
    email: 'ehurt9f@cyberchimps.com',
    gender: 'Male',
    ip_address: '55.231.170.172'
  }
]
undefined
undefined
undefined
undefined
undefined
undefined
[
  {
    id: 341,
    first_name: 'Roderich',
    last_name: 'Boosey',
    email: 'rboosey9g@sphinn.com',
    gender: 'Female',
    ip_address: '90.87.188.23'
  }
]
undefined
undefined
undefined
undefined
undefined
undefined
[
  {
    id: 342,
    first_name: 'Haskel',
    last_name: 'Hearnah',
    email: 'hhearnah9h@nationalgeographic.com',
    gender: 'Male',
    ip_address: '98.64.44.69'
  }
]
undefined
undefined
undefined
undefined
undefined
undefined
[
  {
    id: 343,
    first_name: 'Salim',
    last_name: 'Sherwin',
    email: 'ssherwin9i@latimes.com',
    gender: 'Male',
    ip_address: '220.114.157.23'
  }
]
undefined
undefined
undefined
undefined
undefined
undefined
[
  {
    id: 344,
    first_name: 'Vanni',
    last_name: 'Jansema',
    email: 'vjansema9j@sogou.com',
    gender: 'Male',
    ip_address: '214.104.20.167'
  }
]
undefined
undefined
undefined
undefined
undefined
undefined
[
  {
    id: 345,
    first_name: 'Chery',
    last_name: 'Silverson',
    email: 'csilverson9k@howstuffworks.com',
    gender: 'Female',
    ip_address: '227.183.158.133'
  }
]
undefined
undefined
undefined
undefined
undefined
undefined
[
  {
    id: 346,
    first_name: 'Teador',
    last_name: 'Robottom',
    email: 'trobottom9l@behance.net',
    gender: 'Female',
    ip_address: '1.28.189.251'
  }
]
undefined
undefined
undefined
undefined
undefined
undefined
[
  {
    id: 347,
    first_name: 'Alidia',
    last_name: 'Lett',
    email: 'alett9m@slideshare.net',
    gender: 'Male',
    ip_address: '139.21.136.146'
  }
]
undefined
undefined
undefined
undefined
undefined
undefined
[
  {
    id: 348,
    first_name: 'Amalea',
    last_name: 'Bumpass',
    email: 'abumpass9n@moonfruit.com',
    gender: 'Male',
    ip_address: '137.166.56.84'
  }
]
undefined
undefined
undefined
undefined
undefined
undefined
[
  {
    id: 349,
    first_name: 'Aaren',
    last_name: 'Osbaldeston',
    email: 'aosbaldeston9o@printfriendly.com',
    gender: 'Female',
    ip_address: '168.139.137.159'
  }
]
undefined
undefined
undefined
undefined
undefined
undefined
[
  {
    id: 350,
    first_name: 'Ceil',
    last_name: 'Tuther',
    email: 'ctuther9p@issuu.com',
    gender: 'Female',
    ip_address: '174.94.37.23'
  }
]
undefined
undefined
undefined
undefined
undefined
undefined
[
  {
    id: 351,
    first_name: 'Adlai',
    last_name: 'Giurio',
    email: 'agiurio9q@stanford.edu',
    gender: 'Female',
    ip_address: '227.88.108.81'
  }
]
undefined
undefined
undefined
undefined
undefined
undefined
[
  {
    id: 352,
    first_name: 'Kaine',
    last_name: 'Eccleshall',
    email: 'keccleshall9r@canalblog.com',
    gender: 'Male',
    ip_address: '165.212.111.254'
  }
]
undefined
undefined
undefined
undefined
undefined
undefined
[
  {
    id: 353,
    first_name: 'Carly',
    last_name: 'Hetterich',
    email: 'chetterich9s@odnoklassniki.ru',
    gender: 'Male',
    ip_address: '132.233.62.75'
  }
]
undefined
undefined
undefined
undefined
undefined
undefined
[
  {
    id: 354,
    first_name: 'Sarita',
    last_name: 'Mullan',
    email: 'smullan9t@tripod.com',
    gender: 'Male',
    ip_address: '145.4.36.151'
  }
]
undefined
undefined
undefined
undefined
undefined
undefined
[
  {
    id: 355,
    first_name: 'Audre',
    last_name: 'Giacomazzo',
    email: 'agiacomazzo9u@etsy.com',
    gender: 'Bigender',
    ip_address: '136.149.38.167'
  }
]
undefined
undefined
undefined
undefined
undefined
undefined
[
  {
    id: 356,
    first_name: 'Reynard',
    last_name: 'Peever',
    email: 'rpeever9v@ovh.net',
    gender: 'Male',
    ip_address: '81.236.63.46'
  }
]
undefined
undefined
undefined
undefined
undefined
undefined
[
  {
    id: 357,
    first_name: 'Melinde',
    last_name: 'Mashal',
    email: 'mmashal9w@privacy.gov.au',
    gender: 'Male',
    ip_address: '75.150.109.161'
  }
]
undefined
undefined
undefined
undefined
undefined
undefined
[
  {
    id: 358,
    first_name: 'Garth',
    last_name: 'Artindale',
    email: 'gartindale9x@elpais.com',
    gender: 'Male',
    ip_address: '200.173.132.206'
  }
]
undefined
undefined
undefined
undefined
undefined
undefined
[
  {
    id: 359,
    first_name: 'Judd',
    last_name: 'Rens',
    email: 'jrens9y@macromedia.com',
    gender: 'Male',
    ip_address: '52.1.200.142'
  }
]
undefined
undefined
undefined
undefined
undefined
undefined
[
  {
    id: 360,
    first_name: 'Helenka',
    last_name: 'Wolland',
    email: 'hwolland9z@nih.gov',
    gender: 'Female',
    ip_address: '39.172.162.248'
  }
]
undefined
undefined
undefined
undefined
undefined
undefined
[
  {
    id: 361,
    first_name: 'Vance',
    last_name: 'Matousek',
    email: 'vmatouseka0@exblog.jp',
    gender: 'Female',
    ip_address: '84.151.224.194'
  }
]
undefined
undefined
undefined
undefined
undefined
undefined
[
  {
    id: 362,
    first_name: 'Ileana',
    last_name: 'Russell',
    email: 'irussella1@disqus.com',
    gender: 'Female',
    ip_address: '34.203.98.118'
  }
]
undefined
undefined
undefined
undefined
undefined
undefined
[
  {
    id: 363,
    first_name: 'Brit',
    last_name: 'Kliche',
    email: 'bklichea2@nyu.edu',
    gender: 'Male',
    ip_address: '51.183.97.45'
  }
]
undefined
undefined
undefined
undefined
undefined
undefined
[
  {
    id: 364,
    first_name: 'Lefty',
    last_name: 'Rabbage',
    email: 'lrabbagea3@xing.com',
    gender: 'Female',
    ip_address: '87.69.221.40'
  }
]
undefined
undefined
undefined
undefined
undefined
undefined
[
  {
    id: 365,
    first_name: 'Patrick',
    last_name: 'Ochterlonie',
    email: 'pochterloniea4@tinypic.com',
    gender: 'Male',
    ip_address: '239.66.150.185'
  }
]
undefined
undefined
undefined
undefined
undefined
undefined
[
  {
    id: 366,
    first_name: 'Gawain',
    last_name: 'Harsnep',
    email: 'gharsnepa5@disqus.com',
    gender: 'Male',
    ip_address: '48.116.172.170'
  }
]
undefined
undefined
undefined
undefined
undefined
undefined
[
  {
    id: 367,
    first_name: 'Basilio',
    last_name: 'Derycot',
    email: 'bderycota6@abc.net.au',
    gender: 'Male',
    ip_address: '76.160.253.212'
  }
]
undefined
undefined
undefined
undefined
undefined
undefined
[
  {
    id: 368,
    first_name: 'Joeann',
    last_name: 'Franek',
    email: 'jfraneka7@over-blog.com',
    gender: 'Male',
    ip_address: '172.6.99.82'
  }
]
undefined
undefined
undefined
undefined
undefined
undefined
[
  {
    id: 369,
    first_name: 'Boonie',
    last_name: 'Daughtery',
    email: 'bdaughterya8@about.com',
    gender: 'Genderfluid',
    ip_address: '218.120.102.3'
  }
]
undefined
undefined
undefined
undefined
undefined
undefined
[
  {
    id: 370,
    first_name: 'Rina',
    last_name: 'Jeenes',
    email: 'rjeenesa9@godaddy.com',
    gender: 'Female',
    ip_address: '58.26.136.45'
  }
]
undefined
undefined
undefined
undefined
undefined
undefined
[
  {
    id: 371,
    first_name: 'Cori',
    last_name: 'Tetther',
    email: 'ctettheraa@craigslist.org',
    gender: 'Female',
    ip_address: '100.165.243.101'
  }
]
undefined
undefined
undefined
undefined
undefined
undefined
[
  {
    id: 372,
    first_name: 'Leodora',
    last_name: 'Borrill',
    email: 'lborrillab@engadget.com',
    gender: 'Male',
    ip_address: '209.156.92.234'
  }
]
undefined
undefined
undefined
undefined
undefined
undefined
[
  {
    id: 373,
    first_name: 'Jude',
    last_name: 'Clother',
    email: 'jclotherac@privacy.gov.au',
    gender: 'Female',
    ip_address: '54.63.140.68'
  }
]
undefined
undefined
undefined
undefined
undefined
undefined
[
  {
    id: 374,
    first_name: 'Paola',
    last_name: 'Rablen',
    email: 'prablenad@youtube.com',
    gender: 'Male',
    ip_address: '38.57.178.164'
  }
]
undefined
undefined
undefined
undefined
undefined
undefined
[
  {
    id: 375,
    first_name: 'Amble',
    last_name: 'Lummasana',
    email: 'alummasanaae@tripod.com',
    gender: 'Male',
    ip_address: '135.236.127.24'
  }
]
undefined
undefined
undefined
undefined
undefined
undefined
[
  {
    id: 376,
    first_name: 'Jamie',
    last_name: 'Munkley',
    email: 'jmunkleyaf@google.es',
    gender: 'Male',
    ip_address: '118.163.61.214'
  }
]
undefined
undefined
undefined
undefined
undefined
undefined
[
  {
    id: 377,
    first_name: 'Marcelia',
    last_name: 'Tutill',
    email: 'mtutillag@skyrock.com',
    gender: 'Male',
    ip_address: '107.80.145.109'
  }
]
undefined
undefined
undefined
undefined
undefined
undefined
[
  {
    id: 378,
    first_name: 'Minda',
    last_name: 'Defew',
    email: 'mdefewah@ucsd.edu',
    gender: 'Male',
    ip_address: '205.53.29.192'
  }
]
undefined
undefined
undefined
undefined
undefined
undefined
[
  {
    id: 379,
    first_name: 'Micky',
    last_name: 'Rubertis',
    email: 'mrubertisai@globo.com',
    gender: 'Male',
    ip_address: '41.1.252.225'
  }
]
undefined
undefined
undefined
undefined
undefined
undefined
[
  {
    id: 380,
    first_name: 'Far',
    last_name: 'Verner',
    email: 'fverneraj@senate.gov',
    gender: 'Female',
    ip_address: '12.150.102.250'
  }
]
undefined
undefined
undefined
undefined
undefined
undefined
[
  {
    id: 381,
    first_name: 'Petunia',
    last_name: 'Wasielewicz',
    email: 'pwasielewiczak@phoca.cz',
    gender: 'Male',
    ip_address: '181.85.228.24'
  }
]
undefined
undefined
undefined
undefined
undefined
undefined
[
  {
    id: 382,
    first_name: 'Jacqueline',
    last_name: 'Calendar',
    email: 'jcalendaral@jigsy.com',
    gender: 'Female',
    ip_address: '235.186.130.97'
  }
]
undefined
undefined
undefined
undefined
undefined
undefined
[
  {
    id: 383,
    first_name: 'Tybi',
    last_name: 'Patnelli',
    email: 'tpatnelliam@reddit.com',
    gender: 'Female',
    ip_address: '254.130.227.71'
  }
]
undefined
undefined
undefined
undefined
undefined
undefined
[
  {
    id: 384,
    first_name: 'Giselle',
    last_name: 'Chaim',
    email: 'gchaiman@spiegel.de',
    gender: 'Bigender',
    ip_address: '102.118.43.70'
  }
]
undefined
undefined
undefined
undefined
undefined
undefined
[
  {
    id: 385,
    first_name: 'Bruis',
    last_name: 'Raw',
    email: 'brawao@mlb.com',
    gender: 'Genderqueer',
    ip_address: '216.25.189.69'
  }
]
undefined
undefined
undefined
undefined
undefined
undefined
[
  {
    id: 386,
    first_name: 'Sheelah',
    last_name: 'Posen',
    email: 'sposenap@ycombinator.com',
    gender: 'Female',
    ip_address: '37.240.43.214'
  }
]
undefined
undefined
undefined
undefined
undefined
undefined
[
  {
    id: 387,
    first_name: 'Candice',
    last_name: 'Franses',
    email: 'cfransesaq@twitter.com',
    gender: 'Female',
    ip_address: '60.93.134.185'
  }
]
undefined
undefined
undefined
undefined
undefined
undefined
[
  {
    id: 388,
    first_name: 'Candie',
    last_name: 'Joerning',
    email: 'cjoerningar@smugmug.com',
    gender: 'Male',
    ip_address: '115.241.194.20'
  }
]
undefined
undefined
undefined
undefined
undefined
undefined
[
  {
    id: 389,
    first_name: 'Kikelia',
    last_name: 'Cammish',
    email: 'kcammishas@yale.edu',
    gender: 'Female',
    ip_address: '35.235.78.216'
  }
]
undefined
undefined
undefined
undefined
undefined
undefined
[
  {
    id: 390,
    first_name: 'Janie',
    last_name: 'Digginson',
    email: 'jdigginsonat@blogger.com',
    gender: 'Male',
    ip_address: '4.11.109.75'
  }
]
undefined
undefined
undefined
undefined
undefined
undefined
[
  {
    id: 391,
    first_name: 'Giraldo',
    last_name: 'Janosevic',
    email: 'gjanosevicau@t-online.de',
    gender: 'Female',
    ip_address: '216.233.207.50'
  }
]
undefined
undefined
undefined
undefined
undefined
undefined
[
  {
    id: 392,
    first_name: 'Margalit',
    last_name: 'Rabbage',
    email: 'mrabbageav@go.com',
    gender: 'Female',
    ip_address: '47.22.109.37'
  }
]
undefined
undefined
undefined
undefined
undefined
undefined
[
  {
    id: 393,
    first_name: 'Roma',
    last_name: 'Pie',
    email: 'rpieaw@irs.gov',
    gender: 'Male',
    ip_address: '78.106.92.151'
  }
]
undefined
undefined
undefined
undefined
undefined
undefined
[
  {
    id: 394,
    first_name: 'Gearard',
    last_name: 'Labusquiere',
    email: 'glabusquiereax@tuttocitta.it',
    gender: 'Female',
    ip_address: '243.131.92.91'
  }
]
undefined
undefined
undefined
undefined
undefined
undefined
[
  {
    id: 395,
    first_name: 'Ingunna',
    last_name: 'Fuggle',
    email: 'ifuggleay@linkedin.com',
    gender: 'Female',
    ip_address: '187.119.254.241'
  }
]
undefined
undefined
undefined
undefined
undefined
undefined
[
  {
    id: 396,
    first_name: 'Erick',
    last_name: 'McLaine',
    email: 'emclaineaz@skyrock.com',
    gender: 'Female',
    ip_address: '197.255.170.143'
  }
]
undefined
undefined
undefined
undefined
undefined
undefined
[
  {
    id: 397,
    first_name: 'Rae',
    last_name: 'Englefield',
    email: 'renglefieldb0@amazon.de',
    gender: 'Male',
    ip_address: '26.153.46.214'
  }
]
undefined
undefined
undefined
undefined
undefined
undefined
[
  {
    id: 398,
    first_name: 'Therine',
    last_name: 'Bonick',
    email: 'tbonickb1@zimbio.com',
    gender: 'Female',
    ip_address: '137.143.59.142'
  }
]
undefined
undefined
undefined
undefined
undefined
undefined
[
  {
    id: 399,
    first_name: 'Griff',
    last_name: 'Francklyn',
    email: 'gfrancklynb2@accuweather.com',
    gender: 'Female',
    ip_address: '115.230.249.169'
  }
]
undefined
undefined
undefined
undefined
undefined
undefined
[
  {
    id: 400,
    first_name: 'Maximilianus',
    last_name: 'Keal',
    email: 'mkealb3@google.com.au',
    gender: 'Male',
    ip_address: '179.205.168.238'
  }
]
undefined
undefined
undefined
undefined
undefined
undefined
[
  {
    id: 401,
    first_name: 'Yolane',
    last_name: 'Morfey',
    email: 'ymorfeyb4@flickr.com',
    gender: 'Female',
    ip_address: '51.244.114.34'
  }
]
undefined
undefined
undefined
undefined
undefined
undefined
[
  {
    id: 402,
    first_name: 'Fredric',
    last_name: 'Cassell',
    email: 'fcassellb5@noaa.gov',
    gender: 'Female',
    ip_address: '27.163.34.97'
  }
]
undefined
undefined
undefined
undefined
undefined
undefined
[
  {
    id: 403,
    first_name: 'Ned',
    last_name: 'Conybear',
    email: 'nconybearb6@devhub.com',
    gender: 'Female',
    ip_address: '226.101.24.112'
  }
]
undefined
undefined
undefined
undefined
undefined
undefined
[
  {
    id: 404,
    first_name: 'Willamina',
    last_name: 'Clancy',
    email: 'wclancyb7@issuu.com',
    gender: 'Female',
    ip_address: '102.98.26.201'
  }
]
undefined
undefined
undefined
undefined
undefined
undefined
[
  {
    id: 405,
    first_name: 'Robbin',
    last_name: 'Sloam',
    email: 'rsloamb8@mit.edu',
    gender: 'Female',
    ip_address: '231.208.167.171'
  }
]
undefined
undefined
undefined
undefined
undefined
undefined
[
  {
    id: 406,
    first_name: 'Atalanta',
    last_name: 'Bracey',
    email: 'abraceyb9@networkadvertising.org',
    gender: 'Male',
    ip_address: '187.244.36.170'
  }
]
undefined
undefined
undefined
undefined
undefined
undefined
[
  {
    id: 407,
    first_name: 'Alfons',
    last_name: 'Purdey',
    email: 'apurdeyba@bigcartel.com',
    gender: 'Female',
    ip_address: '252.74.176.223'
  }
]
undefined
undefined
undefined
undefined
undefined
undefined
[
  {
    id: 408,
    first_name: 'Zane',
    last_name: 'Harmer',
    email: 'zharmerbb@soundcloud.com',
    gender: 'Polygender',
    ip_address: '229.172.178.194'
  }
]
undefined
undefined
undefined
undefined
undefined
undefined
[
  {
    id: 409,
    first_name: 'Shannen',
    last_name: 'Auty',
    email: 'sautybc@delicious.com',
    gender: 'Non-binary',
    ip_address: '200.54.53.18'
  }
]
undefined
undefined
undefined
undefined
undefined
undefined
[
  {
    id: 410,
    first_name: 'Kare',
    last_name: 'Willingham',
    email: 'kwillinghambd@about.me',
    gender: 'Female',
    ip_address: '209.48.155.156'
  }
]
undefined
undefined
undefined
undefined
undefined
undefined
[
  {
    id: 411,
    first_name: 'Isidor',
    last_name: 'Houndson',
    email: 'ihoundsonbe@ft.com',
    gender: 'Male',
    ip_address: '225.212.31.97'
  }
]
undefined
undefined
undefined
undefined
undefined
undefined
[
  {
    id: 412,
    first_name: 'Dedie',
    last_name: 'Rosenwald',
    email: 'drosenwaldbf@bbb.org',
    gender: 'Polygender',
    ip_address: '196.46.125.249'
  }
]
undefined
undefined
undefined
undefined
undefined
undefined
[
  {
    id: 413,
    first_name: 'Neill',
    last_name: 'Alred',
    email: 'nalredbg@google.com.au',
    gender: 'Male',
    ip_address: '34.116.22.157'
  }
]
undefined
undefined
undefined
undefined
undefined
undefined
[
  {
    id: 414,
    first_name: 'Janene',
    last_name: 'Spinney',
    email: 'jspinneybh@jiathis.com',
    gender: 'Male',
    ip_address: '96.173.223.98'
  }
]
undefined
undefined
undefined
undefined
undefined
undefined
[
  {
    id: 415,
    first_name: 'Iolanthe',
    last_name: 'Dando',
    email: 'idandobi@trellian.com',
    gender: 'Female',
    ip_address: '97.244.176.90'
  }
]
undefined
undefined
undefined
undefined
undefined
undefined
[
  {
    id: 416,
    first_name: 'Marji',
    last_name: 'Wannes',
    email: 'mwannesbj@nydailynews.com',
    gender: 'Female',
    ip_address: '176.161.251.29'
  }
]
undefined
undefined
undefined
undefined
undefined
undefined
[
  {
    id: 417,
    first_name: 'Barbie',
    last_name: 'Gillford',
    email: 'bgillfordbk@friendfeed.com',
    gender: 'Male',
    ip_address: '14.135.121.254'
  }
]
undefined
undefined
undefined
undefined
undefined
undefined
[
  {
    id: 418,
    first_name: 'Bat',
    last_name: 'Klee',
    email: 'bkleebl@sakura.ne.jp',
    gender: 'Female',
    ip_address: '52.88.47.206'
  }
]
undefined
undefined
undefined
undefined
undefined
undefined
[
  {
    id: 419,
    first_name: 'Raffarty',
    last_name: 'Fenton',
    email: 'rfentonbm@livejournal.com',
    gender: 'Female',
    ip_address: '41.111.189.204'
  }
]
undefined
undefined
undefined
undefined
undefined
undefined
[
  {
    id: 420,
    first_name: 'Pansie',
    last_name: 'Dikles',
    email: 'pdiklesbn@cpanel.net',
    gender: 'Male',
    ip_address: '97.54.31.26'
  }
]
undefined
undefined
undefined
undefined
undefined
undefined
[
  {
    id: 421,
    first_name: 'Lurline',
    last_name: 'Farrey',
    email: 'lfarreybo@behance.net',
    gender: 'Female',
    ip_address: '191.196.28.46'
  }
]
undefined
undefined
undefined
undefined
undefined
undefined
[
  {
    id: 422,
    first_name: 'Iorgos',
    last_name: 'Bentz',
    email: 'ibentzbp@whitehouse.gov',
    gender: 'Female',
    ip_address: '87.14.160.101'
  }
]
undefined
undefined
undefined
undefined
undefined
undefined
[
  {
    id: 423,
    first_name: 'Sallie',
    last_name: 'Desouza',
    email: 'sdesouzabq@ox.ac.uk',
    gender: 'Male',
    ip_address: '157.118.184.170'
  }
]
undefined
undefined
undefined
undefined
undefined
undefined
[
  {
    id: 424,
    first_name: 'Ryun',
    last_name: 'Harling',
    email: 'rharlingbr@wsj.com',
    gender: 'Male',
    ip_address: '173.178.203.96'
  }
]
undefined
undefined
undefined
undefined
undefined
undefined
[
  {
    id: 425,
    first_name: 'Evita',
    last_name: 'Jefford',
    email: 'ejeffordbs@mail.ru',
    gender: 'Male',
    ip_address: '233.195.245.229'
  }
]
undefined
undefined
undefined
undefined
undefined
undefined
[
  {
    id: 426,
    first_name: 'Jany',
    last_name: 'Watsham',
    email: 'jwatshambt@jigsy.com',
    gender: 'Male',
    ip_address: '138.95.87.248'
  }
]
undefined
undefined
undefined
undefined
undefined
undefined
[
  {
    id: 427,
    first_name: 'Hildegaard',
    last_name: 'Dellenbach',
    email: 'hdellenbachbu@amazon.co.jp',
    gender: 'Female',
    ip_address: '103.39.236.204'
  }
]
undefined
undefined
undefined
undefined
undefined
undefined
[
  {
    id: 428,
    first_name: 'Tybie',
    last_name: 'Boyes',
    email: 'tboyesbv@edublogs.org',
    gender: 'Female',
    ip_address: '99.237.161.54'
  }
]
undefined
undefined
undefined
undefined
undefined
undefined
[
  {
    id: 429,
    first_name: 'Paula',
    last_name: 'Hendrikse',
    email: 'phendriksebw@tinyurl.com',
    gender: 'Male',
    ip_address: '115.111.86.159'
  }
]
undefined
undefined
undefined
undefined
undefined
undefined
[
  {
    id: 430,
    first_name: 'Boothe',
    last_name: 'Ivanishin',
    email: 'bivanishinbx@sourceforge.net',
    gender: 'Female',
    ip_address: '41.167.133.239'
  }
]
undefined
undefined
undefined
undefined
undefined
undefined
[
  {
    id: 431,
    first_name: 'Pernell',
    last_name: 'Warin',
    email: 'pwarinby@slashdot.org',
    gender: 'Female',
    ip_address: '61.207.49.71'
  }
]
undefined
undefined
undefined
undefined
undefined
undefined
[
  {
    id: 432,
    first_name: 'Florette',
    last_name: 'Slucock',
    email: 'fslucockbz@ezinearticles.com',
    gender: 'Male',
    ip_address: '108.137.50.136'
  }
]
undefined
undefined
undefined
undefined
undefined
undefined
[
  {
    id: 433,
    first_name: 'Mirabella',
    last_name: 'Jakoubek',
    email: 'mjakoubekc0@answers.com',
    gender: 'Male',
    ip_address: '193.20.16.212'
  }
]
undefined
undefined
undefined
undefined
undefined
undefined
[
  {
    id: 434,
    first_name: 'Clemmy',
    last_name: 'Rizzone',
    email: 'crizzonec1@techcrunch.com',
    gender: 'Female',
    ip_address: '22.181.235.56'
  }
]
undefined
undefined
undefined
undefined
undefined
undefined
[
  {
    id: 435,
    first_name: 'Toddy',
    last_name: 'Claybourne',
    email: 'tclaybournec2@cpanel.net',
    gender: 'Female',
    ip_address: '27.137.162.215'
  }
]
undefined
undefined
undefined
undefined
undefined
undefined
[
  {
    id: 436,
    first_name: 'Denys',
    last_name: 'Trenbay',
    email: 'dtrenbayc3@webeden.co.uk',
    gender: 'Polygender',
    ip_address: '138.53.131.241'
  }
]
undefined
undefined
undefined
undefined
undefined
undefined
[
  {
    id: 437,
    first_name: 'Maurits',
    last_name: 'Bartoloma',
    email: 'mbartolomac4@weebly.com',
    gender: 'Male',
    ip_address: '198.249.124.117'
  }
]
undefined
undefined
undefined
undefined
undefined
undefined
[
  {
    id: 438,
    first_name: 'Karlotta',
    last_name: 'Beales',
    email: 'kbealesc5@a8.net',
    gender: 'Polygender',
    ip_address: '92.132.44.243'
  }
]
undefined
undefined
undefined
undefined
undefined
undefined
[
  {
    id: 439,
    first_name: 'Amory',
    last_name: 'Gerrard',
    email: 'agerrardc6@hugedomains.com',
    gender: 'Male',
    ip_address: '218.143.123.180'
  }
]
undefined
undefined
undefined
undefined
undefined
undefined
[
  {
    id: 440,
    first_name: 'Faydra',
    last_name: 'Pogg',
    email: 'fpoggc7@ca.gov',
    gender: 'Female',
    ip_address: '60.222.106.246'
  }
]
undefined
undefined
undefined
undefined
undefined
undefined
[
  {
    id: 441,
    first_name: 'Morena',
    last_name: 'Abelwhite',
    email: 'mabelwhitec8@paypal.com',
    gender: 'Male',
    ip_address: '161.254.37.0'
  }
]
undefined
undefined
undefined
undefined
undefined
undefined
[
  {
    id: 442,
    first_name: 'Bunni',
    last_name: 'Beazley',
    email: 'bbeazleyc9@eepurl.com',
    gender: 'Agender',
    ip_address: '99.114.99.211'
  }
]
undefined
undefined
undefined
undefined
undefined
undefined
[
  {
    id: 443,
    first_name: 'Delores',
    last_name: 'Fernyhough',
    email: 'dfernyhoughca@mapquest.com',
    gender: 'Male',
    ip_address: '171.22.222.0'
  }
]
undefined
undefined
undefined
undefined
undefined
undefined
[
  {
    id: 444,
    first_name: 'Conney',
    last_name: 'Reams',
    email: 'creamscb@homestead.com',
    gender: 'Male',
    ip_address: '253.245.174.22'
  }
]
undefined
undefined
undefined
undefined
undefined
undefined
[
  {
    id: 445,
    first_name: 'Claribel',
    last_name: 'Watters',
    email: 'cwatterscc@cyberchimps.com',
    gender: 'Male',
    ip_address: '157.152.125.184'
  }
]
undefined
undefined
undefined
undefined
undefined
undefined
[
  {
    id: 446,
    first_name: 'Malanie',
    last_name: 'Bedo',
    email: 'mbedocd@posterous.com',
    gender: 'Female',
    ip_address: '32.246.179.65'
  }
]
undefined
undefined
undefined
undefined
undefined
undefined
[
  {
    id: 447,
    first_name: 'Cthrine',
    last_name: 'Paszak',
    email: 'cpaszakce@earthlink.net',
    gender: 'Female',
    ip_address: '62.88.43.159'
  }
]
undefined
undefined
undefined
undefined
undefined
undefined
[
  {
    id: 448,
    first_name: 'Reinaldos',
    last_name: 'Sewards',
    email: 'rsewardscf@dedecms.com',
    gender: 'Female',
    ip_address: '46.27.154.223'
  }
]
undefined
undefined
undefined
undefined
undefined
undefined
[
  {
    id: 449,
    first_name: 'Keane',
    last_name: 'Tindle',
    email: 'ktindlecg@usatoday.com',
    gender: 'Male',
    ip_address: '58.133.30.16'
  }
]
undefined
undefined
undefined
undefined
undefined
undefined
[
  {
    id: 450,
    first_name: 'Griff',
    last_name: 'Ebbs',
    email: 'gebbsch@drupal.org',
    gender: 'Female',
    ip_address: '51.196.166.217'
  }
]
undefined
undefined
undefined
undefined
undefined
undefined
[
  {
    id: 451,
    first_name: 'Corina',
    last_name: 'Laming',
    email: 'clamingci@angelfire.com',
    gender: 'Male',
    ip_address: '106.148.169.200'
  }
]
undefined
undefined
undefined
undefined
undefined
undefined
[
  {
    id: 452,
    first_name: 'Che',
    last_name: 'Kamall',
    email: 'ckamallcj@google.com.au',
    gender: 'Male',
    ip_address: '160.52.100.197'
  }
]
undefined
undefined
undefined
undefined
undefined
undefined
[
  {
    id: 453,
    first_name: 'Leeann',
    last_name: 'Evill',
    email: 'levillck@php.net',
    gender: 'Male',
    ip_address: '44.193.222.118'
  }
]
undefined
undefined
undefined
undefined
undefined
undefined
[
  {
    id: 454,
    first_name: 'Gaby',
    last_name: 'Samwyse',
    email: 'gsamwysecl@salon.com',
    gender: 'Polygender',
    ip_address: '102.92.146.249'
  }
]
undefined
undefined
undefined
undefined
undefined
undefined
[
  {
    id: 455,
    first_name: 'Lotte',
    last_name: 'Batham',
    email: 'lbathamcm@skyrock.com',
    gender: 'Female',
    ip_address: '55.216.253.50'
  }
]
undefined
undefined
undefined
undefined
undefined
undefined
[
  {
    id: 456,
    first_name: 'Sybilla',
    last_name: 'Blackey',
    email: 'sblackeycn@mozilla.com',
    gender: 'Female',
    ip_address: '151.83.54.153'
  }
]
undefined
undefined
undefined
undefined
undefined
undefined
[
  {
    id: 457,
    first_name: 'Nessi',
    last_name: 'Krop',
    email: 'nkropco@hexun.com',
    gender: 'Male',
    ip_address: '197.190.52.189'
  }
]
undefined
undefined
undefined
undefined
undefined
undefined
[
  {
    id: 458,
    first_name: 'Hobey',
    last_name: 'Vittery',
    email: 'hvitterycp@mysql.com',
    gender: 'Female',
    ip_address: '72.177.247.199'
  }
]
undefined
undefined
undefined
undefined
undefined
undefined
[
  {
    id: 459,
    first_name: 'Freddy',
    last_name: 'Pettecrew',
    email: 'fpettecrewcq@ehow.com',
    gender: 'Male',
    ip_address: '227.122.51.111'
  }
]
undefined
undefined
undefined
undefined
undefined
undefined
[
  {
    id: 460,
    first_name: 'Othelia',
    last_name: 'Tolley',
    email: 'otolleycr@booking.com',
    gender: 'Female',
    ip_address: '165.196.178.125'
  }
]
undefined
undefined
undefined
undefined
undefined
undefined
[
  {
    id: 461,
    first_name: 'Bo',
    last_name: 'Marcham',
    email: 'bmarchamcs@intel.com',
    gender: 'Female',
    ip_address: '251.197.124.203'
  }
]
undefined
undefined
undefined
undefined
undefined
undefined
[
  {
    id: 462,
    first_name: 'Bertine',
    last_name: 'Wippermann',
    email: 'bwippermannct@unblog.fr',
    gender: 'Female',
    ip_address: '254.48.93.33'
  }
]
undefined
undefined
undefined
undefined
undefined
undefined
[
  {
    id: 463,
    first_name: 'Carlo',
    last_name: 'Stirtle',
    email: 'cstirtlecu@omniture.com',
    gender: 'Male',
    ip_address: '234.219.63.156'
  }
]
undefined
undefined
undefined
undefined
undefined
undefined
[
  {
    id: 464,
    first_name: 'Paige',
    last_name: 'Koubek',
    email: 'pkoubekcv@admin.ch',
    gender: 'Female',
    ip_address: '81.51.157.107'
  }
]
undefined
undefined
undefined
undefined
undefined
undefined
[
  {
    id: 465,
    first_name: 'Korry',
    last_name: 'McGeoch',
    email: 'kmcgeochcw@indiegogo.com',
    gender: 'Male',
    ip_address: '198.157.205.160'
  }
]
undefined
undefined
undefined
undefined
undefined
undefined
[
  {
    id: 466,
    first_name: 'Linea',
    last_name: 'Scrivenor',
    email: 'lscrivenorcx@ning.com',
    gender: 'Male',
    ip_address: '105.60.74.34'
  }
]
undefined
undefined
undefined
undefined
undefined
undefined
[
  {
    id: 467,
    first_name: 'Dynah',
    last_name: 'Nerval',
    email: 'dnervalcy@quantcast.com',
    gender: 'Male',
    ip_address: '58.3.167.52'
  }
]
undefined
undefined
undefined
undefined
undefined
undefined
[
  {
    id: 468,
    first_name: 'Nicholle',
    last_name: 'Mackieson',
    email: 'nmackiesoncz@wikia.com',
    gender: 'Female',
    ip_address: '121.251.190.209'
  }
]
undefined
undefined
undefined
undefined
undefined
undefined
[
  {
    id: 469,
    first_name: 'Averil',
    last_name: 'Pearsey',
    email: 'apearseyd0@parallels.com',
    gender: 'Female',
    ip_address: '195.218.0.248'
  }
]
undefined
undefined
undefined
undefined
undefined
undefined
[
  {
    id: 470,
    first_name: 'Purcell',
    last_name: 'Dybald',
    email: 'pdybaldd1@mysql.com',
    gender: 'Male',
    ip_address: '143.182.69.173'
  }
]
undefined
undefined
undefined
undefined
undefined
undefined
[
  {
    id: 471,
    first_name: 'Bendick',
    last_name: 'Bagnell',
    email: 'bbagnelld2@4shared.com',
    gender: 'Male',
    ip_address: '110.19.76.15'
  }
]
undefined
undefined
undefined
undefined
undefined
undefined
[
  {
    id: 472,
    first_name: 'Kermy',
    last_name: 'Morais',
    email: 'kmoraisd3@house.gov',
    gender: 'Female',
    ip_address: '19.26.4.78'
  }
]
undefined
undefined
undefined
undefined
undefined
undefined
[
  {
    id: 473,
    first_name: 'Cahra',
    last_name: 'Hardinge',
    email: 'chardinged4@ibm.com',
    gender: 'Female',
    ip_address: '182.94.166.210'
  }
]
undefined
undefined
undefined
undefined
undefined
undefined
[
  {
    id: 474,
    first_name: 'Amye',
    last_name: 'Chevolleau',
    email: 'achevolleaud5@wsj.com',
    gender: 'Genderfluid',
    ip_address: '71.129.216.38'
  }
]
undefined
undefined
undefined
undefined
undefined
undefined
[
  {
    id: 475,
    first_name: 'Vincent',
    last_name: 'Tacon',
    email: 'vtacond6@tripadvisor.com',
    gender: 'Female',
    ip_address: '119.251.3.115'
  }
]
undefined
undefined
undefined
undefined
undefined
undefined
[
  {
    id: 476,
    first_name: 'Konstance',
    last_name: 'Lillistone',
    email: 'klillistoned7@uol.com.br',
    gender: 'Female',
    ip_address: '22.82.182.134'
  }
]
undefined
undefined
undefined
undefined
undefined
undefined
[
  {
    id: 477,
    first_name: 'Myrilla',
    last_name: 'Grimme',
    email: 'mgrimmed8@timesonline.co.uk',
    gender: 'Female',
    ip_address: '234.163.237.49'
  }
]
undefined
undefined
undefined
undefined
undefined
undefined
[
  {
    id: 478,
    first_name: 'Osborn',
    last_name: 'Tills',
    email: 'otillsd9@blogs.com',
    gender: 'Male',
    ip_address: '173.119.38.102'
  }
]
undefined
undefined
undefined
undefined
undefined
undefined
[
  {
    id: 479,
    first_name: 'Ynez',
    last_name: 'Curran',
    email: 'ycurranda@walmart.com',
    gender: 'Female',
    ip_address: '48.29.116.0'
  }
]
undefined
undefined
undefined
undefined
undefined
undefined
[
  {
    id: 480,
    first_name: 'Agata',
    last_name: 'Pask',
    email: 'apaskdb@creativecommons.org',
    gender: 'Male',
    ip_address: '108.88.81.196'
  }
]
undefined
undefined
undefined
undefined
undefined
undefined
[
  {
    id: 481,
    first_name: 'Cale',
    last_name: 'Dufton',
    email: 'cduftondc@amazon.de',
    gender: 'Male',
    ip_address: '210.23.160.88'
  }
]
undefined
undefined
undefined
undefined
undefined
undefined
[
  {
    id: 482,
    first_name: 'Marianne',
    last_name: 'Allaway',
    email: 'mallawaydd@bloglovin.com',
    gender: 'Female',
    ip_address: '109.100.3.193'
  }
]
undefined
undefined
undefined
undefined
undefined
undefined
[
  {
    id: 483,
    first_name: 'Findley',
    last_name: 'Glassman',
    email: 'fglassmande@nature.com',
    gender: 'Female',
    ip_address: '228.2.36.240'
  }
]
undefined
undefined
undefined
undefined
undefined
undefined
[
  {
    id: 484,
    first_name: 'Ferdie',
    last_name: "O'Hagan",
    email: 'fohagandf@businessinsider.com',
    gender: 'Female',
    ip_address: '10.208.72.16'
  }
]
undefined
undefined
undefined
undefined
undefined
undefined
[
  {
    id: 485,
    first_name: 'Hilde',
    last_name: 'Parnham',
    email: 'hparnhamdg@dell.com',
    gender: 'Male',
    ip_address: '183.242.167.107'
  }
]
undefined
undefined
undefined
undefined
undefined
undefined
[
  {
    id: 486,
    first_name: 'Bee',
    last_name: 'Drayn',
    email: 'bdrayndh@biglobe.ne.jp',
    gender: 'Male',
    ip_address: '245.68.189.23'
  }
]
undefined
undefined
undefined
undefined
undefined
undefined
[
  {
    id: 487,
    first_name: 'Andras',
    last_name: 'Shoppee',
    email: 'ashoppeedi@lycos.com',
    gender: 'Male',
    ip_address: '20.111.107.184'
  }
]
undefined
undefined
undefined
undefined
undefined
undefined
[
  {
    id: 488,
    first_name: 'Orrin',
    last_name: 'Sandal',
    email: 'osandaldj@nhs.uk',
    gender: 'Genderfluid',
    ip_address: '53.17.40.31'
  }
]
undefined
undefined
undefined
undefined
undefined
undefined
[
  {
    id: 489,
    first_name: 'Rodrique',
    last_name: 'Pillman',
    email: 'rpillmandk@simplemachines.org',
    gender: 'Female',
    ip_address: '240.143.186.90'
  }
]
undefined
undefined
undefined
undefined
undefined
undefined
[
  {
    id: 490,
    first_name: 'Ardyth',
    last_name: 'Graffham',
    email: 'agraffhamdl@mtv.com',
    gender: 'Male',
    ip_address: '213.217.182.220'
  }
]
undefined
undefined
undefined
undefined
undefined
undefined
[
  {
    id: 491,
    first_name: 'Tailor',
    last_name: 'Leander',
    email: 'tleanderdm@ifeng.com',
    gender: 'Female',
    ip_address: '156.184.215.36'
  }
]
undefined
undefined
undefined
undefined
undefined
undefined
[
  {
    id: 492,
    first_name: 'Francklin',
    last_name: 'Brownhall',
    email: 'fbrownhalldn@ifeng.com',
    gender: 'Male',
    ip_address: '160.190.193.97'
  }
]
undefined
undefined
undefined
undefined
undefined
undefined
[
  {
    id: 493,
    first_name: 'Greg',
    last_name: 'Snalom',
    email: 'gsnalomdo@msu.edu',
    gender: 'Female',
    ip_address: '239.55.230.27'
  }
]
undefined
undefined
undefined
undefined
undefined
undefined
[
  {
    id: 494,
    first_name: 'Sibeal',
    last_name: 'Glaze',
    email: 'sglazedp@woothemes.com',
    gender: 'Male',
    ip_address: '106.220.204.209'
  }
]
undefined
undefined
undefined
undefined
undefined
undefined
[
  {
    id: 495,
    first_name: 'Shellysheldon',
    last_name: 'Aggott',
    email: 'saggottdq@geocities.jp',
    gender: 'Male',
    ip_address: '123.238.252.13'
  }
]
undefined
undefined
undefined
undefined
undefined
undefined
[
  {
    id: 496,
    first_name: 'Morie',
    last_name: 'Inchan',
    email: 'minchandr@opera.com',
    gender: 'Male',
    ip_address: '201.110.133.209'
  }
]
undefined
undefined
undefined
undefined
undefined
undefined
[
  {
    id: 497,
    first_name: 'Lauraine',
    last_name: 'Measor',
    email: 'lmeasords@abc.net.au',
    gender: 'Female',
    ip_address: '17.144.28.100'
  }
]
undefined
undefined
undefined
undefined
undefined
undefined
[
  {
    id: 498,
    first_name: 'Sonny',
    last_name: 'Bestman',
    email: 'sbestmandt@ning.com',
    gender: 'Male',
    ip_address: '21.39.64.120'
  }
]
undefined
undefined
undefined
undefined
undefined
undefined
[
  {
    id: 499,
    first_name: 'Keenan',
    last_name: 'Devenish',
    email: 'kdevenishdu@digg.com',
    gender: 'Non-binary',
    ip_address: '17.194.228.93'
  }
]
undefined
undefined
undefined
undefined
undefined
undefined
[
  {
    id: 500,
    first_name: 'Larine',
    last_name: 'Storres',
    email: 'lstorresdv@google.it',
    gender: 'Male',
    ip_address: '196.184.147.82'
  }
]
undefined
undefined
undefined
undefined
undefined
undefined
[
  {
    id: 501,
    first_name: 'Charmaine',
    last_name: 'Stean',
    email: 'csteandw@gov.uk',
    gender: 'Genderfluid',
    ip_address: '253.124.178.5'
  }
]
undefined
undefined
undefined
undefined
undefined
undefined
[
  {
    id: 502,
    first_name: 'Ephrayim',
    last_name: 'Biskupek',
    email: 'ebiskupekdx@pinterest.com',
    gender: 'Female',
    ip_address: '52.202.252.232'
  }
]
undefined
undefined
undefined
undefined
undefined
undefined
[
  {
    id: 503,
    first_name: 'Willette',
    last_name: 'Bridson',
    email: 'wbridsondy@vimeo.com',
    gender: 'Male',
    ip_address: '108.106.145.192'
  }
]
undefined
undefined
undefined
undefined
undefined
undefined
[
  {
    id: 504,
    first_name: 'Jessika',
    last_name: 'Tolefree',
    email: 'jtolefreedz@dropbox.com',
    gender: 'Female',
    ip_address: '133.94.113.81'
  }
]
undefined
undefined
undefined
undefined
undefined
undefined
[
  {
    id: 505,
    first_name: 'Merill',
    last_name: 'While',
    email: 'mwhilee0@weather.com',
    gender: 'Male',
    ip_address: '71.225.197.151'
  }
]
undefined
undefined
undefined
undefined
undefined
undefined
[
  {
    id: 506,
    first_name: 'Quintana',
    last_name: 'Causley',
    email: 'qcausleye1@hao123.com',
    gender: 'Male',
    ip_address: '200.172.169.223'
  }
]
undefined
undefined
undefined
undefined
undefined
undefined
[
  {
    id: 507,
    first_name: 'Lorianne',
    last_name: 'Spinelli',
    email: 'lspinellie2@apple.com',
    gender: 'Female',
    ip_address: '139.12.143.112'
  }
]
undefined
undefined
undefined
undefined
undefined
undefined
[
  {
    id: 508,
    first_name: 'Randie',
    last_name: 'Gimbrett',
    email: 'rgimbrette3@drupal.org',
    gender: 'Male',
    ip_address: '178.117.198.128'
  }
]
undefined
undefined
undefined
undefined
undefined
undefined
[
  {
    id: 509,
    first_name: 'Mora',
    last_name: 'Merwede',
    email: 'mmerwedee4@bravesites.com',
    gender: 'Male',
    ip_address: '250.168.158.135'
  }
]
undefined
undefined
undefined
undefined
undefined
undefined
[
  {
    id: 510,
    first_name: 'Benito',
    last_name: 'McGarel',
    email: 'bmcgarele5@bloglovin.com',
    gender: 'Female',
    ip_address: '136.171.158.9'
  }
]
undefined
undefined
undefined
undefined
undefined
undefined
[
  {
    id: 511,
    first_name: 'Verile',
    last_name: 'Jury',
    email: 'vjurye6@prnewswire.com',
    gender: 'Male',
    ip_address: '89.10.110.99'
  }
]
undefined
undefined
undefined
undefined
undefined
undefined
[
  {
    id: 512,
    first_name: 'Bentlee',
    last_name: 'Mixhel',
    email: 'bmixhele7@springer.com',
    gender: 'Female',
    ip_address: '119.14.112.100'
  }
]
undefined
undefined
undefined
undefined
undefined
undefined
[
  {
    id: 513,
    first_name: 'Eileen',
    last_name: 'Bourdas',
    email: 'ebourdase8@nytimes.com',
    gender: 'Male',
    ip_address: '4.245.199.253'
  }
]
undefined
undefined
undefined
undefined
undefined
undefined
[
  {
    id: 514,
    first_name: 'Quinton',
    last_name: 'Courtliff',
    email: 'qcourtliffe9@feedburner.com',
    gender: 'Female',
    ip_address: '133.134.217.240'
  }
]
undefined
undefined
undefined
undefined
undefined
undefined
[
  {
    id: 515,
    first_name: 'Bobby',
    last_name: 'Gorcke',
    email: 'bgorckeea@constantcontact.com',
    gender: 'Female',
    ip_address: '7.99.110.220'
  }
]
undefined
undefined
undefined
undefined
undefined
undefined
[
  {
    id: 516,
    first_name: 'Corny',
    last_name: 'Langcaster',
    email: 'clangcastereb@geocities.jp',
    gender: 'Female',
    ip_address: '87.86.97.30'
  }
]
undefined
undefined
undefined
undefined
undefined
undefined
[
  {
    id: 517,
    first_name: 'Nerissa',
    last_name: 'Ginman',
    email: 'nginmanec@hc360.com',
    gender: 'Female',
    ip_address: '197.24.216.159'
  }
]
undefined
undefined
undefined
undefined
undefined
undefined
[
  {
    id: 518,
    first_name: 'Selma',
    last_name: 'Laker',
    email: 'slakered@gov.uk',
    gender: 'Male',
    ip_address: '118.23.48.106'
  }
]
undefined
undefined
undefined
undefined
undefined
undefined
[
  {
    id: 519,
    first_name: 'Siegfried',
    last_name: 'Camilio',
    email: 'scamilioee@webs.com',
    gender: 'Female',
    ip_address: '140.47.30.190'
  }
]
undefined
undefined
undefined
undefined
undefined
undefined
[
  {
    id: 520,
    first_name: 'Fanechka',
    last_name: 'Abbey',
    email: 'fabbeyef@cdc.gov',
    gender: 'Bigender',
    ip_address: '86.93.162.128'
  }
]
undefined
undefined
undefined
undefined
undefined
undefined
[
  {
    id: 521,
    first_name: 'Paquito',
    last_name: 'Whewell',
    email: 'pwhewelleg@plala.or.jp',
    gender: 'Female',
    ip_address: '148.54.201.38'
  }
]
undefined
undefined
undefined
undefined
undefined
undefined
[
  {
    id: 522,
    first_name: 'Kirbie',
    last_name: 'Piers',
    email: 'kpierseh@google.ca',
    gender: 'Male',
    ip_address: '210.44.138.34'
  }
]
undefined
undefined
undefined
undefined
undefined
undefined
[
  {
    id: 523,
    first_name: 'Gino',
    last_name: 'McCurdy',
    email: 'gmccurdyei@apache.org',
    gender: 'Male',
    ip_address: '22.110.128.210'
  }
]
undefined
undefined
undefined
undefined
undefined
undefined
[
  {
    id: 524,
    first_name: 'Chad',
    last_name: 'Florio',
    email: 'cflorioej@who.int',
    gender: 'Male',
    ip_address: '213.156.177.130'
  }
]
undefined
undefined
undefined
undefined
undefined
undefined
[
  {
    id: 525,
    first_name: 'Bartram',
    last_name: 'Fetter',
    email: 'bfetterek@google.com.br',
    gender: 'Male',
    ip_address: '104.124.81.209'
  }
]
undefined
undefined
undefined
undefined
undefined
undefined
[
  {
    id: 526,
    first_name: 'Rosalia',
    last_name: 'Thunnerclef',
    email: 'rthunnerclefel@spotify.com',
    gender: 'Female',
    ip_address: '160.72.62.50'
  }
]
undefined
undefined
undefined
undefined
undefined
undefined
[
  {
    id: 527,
    first_name: 'Aila',
    last_name: 'MacDearmaid',
    email: 'amacdearmaidem@shutterfly.com',
    gender: 'Male',
    ip_address: '241.249.240.75'
  }
]
undefined
undefined
undefined
undefined
undefined
undefined
[
  {
    id: 528,
    first_name: 'Cord',
    last_name: 'Peskett',
    email: 'cpesketten@chron.com',
    gender: 'Male',
    ip_address: '163.120.123.165'
  }
]
undefined
undefined
undefined
undefined
undefined
undefined
[
  {
    id: 529,
    first_name: 'Sydney',
    last_name: 'Longcaster',
    email: 'slongcastereo@g.co',
    gender: 'Female',
    ip_address: '211.106.242.202'
  }
]
undefined
undefined
undefined
undefined
undefined
undefined
[
  {
    id: 530,
    first_name: 'Alexis',
    last_name: 'Brandassi',
    email: 'abrandassiep@bing.com',
    gender: 'Male',
    ip_address: '131.214.76.47'
  }
]
undefined
undefined
undefined
undefined
undefined
undefined
[
  {
    id: 531,
    first_name: 'Constancia',
    last_name: 'Swaffer',
    email: 'cswaffereq@51.la',
    gender: 'Male',
    ip_address: '20.188.220.226'
  }
]
undefined
undefined
undefined
undefined
undefined
undefined
[
  {
    id: 532,
    first_name: 'Louise',
    last_name: 'Ruperto',
    email: 'lrupertoer@stanford.edu',
    gender: 'Male',
    ip_address: '30.202.141.41'
  }
]
undefined
undefined
undefined
undefined
undefined
undefined
[
  {
    id: 533,
    first_name: 'Cristina',
    last_name: "O'Shirine",
    email: 'coshirinees@uol.com.br',
    gender: 'Female',
    ip_address: '165.19.137.78'
  }
]
undefined
undefined
undefined
undefined
undefined
undefined
[
  {
    id: 534,
    first_name: 'Caralie',
    last_name: 'Sneyd',
    email: 'csneydet@ca.gov',
    gender: 'Female',
    ip_address: '4.12.48.43'
  }
]
undefined
undefined
undefined
undefined
undefined
undefined
[
  {
    id: 535,
    first_name: 'Dmitri',
    last_name: 'Laidlow',
    email: 'dlaidloweu@europa.eu',
    gender: 'Female',
    ip_address: '177.183.113.70'
  }
]
undefined
undefined
undefined
undefined
undefined
undefined
[
  {
    id: 536,
    first_name: 'Holden',
    last_name: 'Fortun',
    email: 'hfortunev@histats.com',
    gender: 'Male',
    ip_address: '17.195.146.213'
  }
]
undefined
undefined
undefined
undefined
undefined
undefined
[
  {
    id: 537,
    first_name: 'Giorgia',
    last_name: 'Gilpillan',
    email: 'ggilpillanew@topsy.com',
    gender: 'Male',
    ip_address: '206.160.87.32'
  }
]
undefined
undefined
undefined
undefined
undefined
undefined
[
  {
    id: 538,
    first_name: 'Beverlee',
    last_name: 'Banks',
    email: 'bbanksex@dailymail.co.uk',
    gender: 'Male',
    ip_address: '20.153.152.245'
  }
]
undefined
undefined
undefined
undefined
undefined
undefined
[
  {
    id: 539,
    first_name: 'Izaak',
    last_name: 'Perryman',
    email: 'iperrymaney@blogtalkradio.com',
    gender: 'Female',
    ip_address: '239.56.149.127'
  }
]
undefined
undefined
undefined
undefined
undefined
undefined
[
  {
    id: 540,
    first_name: 'Madeline',
    last_name: "O'Crotty",
    email: 'mocrottyez@wunderground.com',
    gender: 'Female',
    ip_address: '186.213.53.162'
  }
]
undefined
undefined
undefined
undefined
undefined
undefined
[
  {
    id: 541,
    first_name: 'Bartholomew',
    last_name: 'Yesenin',
    email: 'byeseninf0@google.cn',
    gender: 'Male',
    ip_address: '178.83.190.66'
  }
]
undefined
undefined
undefined
undefined
undefined
undefined
[
  {
    id: 542,
    first_name: 'Emalee',
    last_name: 'Krimmer',
    email: 'ekrimmerf1@cdc.gov',
    gender: 'Male',
    ip_address: '42.148.148.219'
  }
]
undefined
undefined
undefined
undefined
undefined
undefined
[
  {
    id: 543,
    first_name: 'Sharity',
    last_name: 'Poytress',
    email: 'spoytressf2@unicef.org',
    gender: 'Female',
    ip_address: '197.59.29.207'
  }
]
undefined
undefined
undefined
undefined
undefined
undefined
[
  {
    id: 544,
    first_name: 'Hayley',
    last_name: 'Braven',
    email: 'hbravenf3@homestead.com',
    gender: 'Female',
    ip_address: '48.206.187.94'
  }
]
undefined
undefined
undefined
undefined
undefined
undefined
[
  {
    id: 545,
    first_name: 'Frieda',
    last_name: 'Pimlott',
    email: 'fpimlottf4@people.com.cn',
    gender: 'Female',
    ip_address: '112.215.7.10'
  }
]
undefined
undefined
undefined
undefined
undefined
undefined
[
  {
    id: 546,
    first_name: 'Suzanne',
    last_name: 'Filyashin',
    email: 'sfilyashinf5@scribd.com',
    gender: 'Female',
    ip_address: '153.86.46.31'
  }
]
undefined
undefined
undefined
undefined
undefined
undefined
[
  {
    id: 547,
    first_name: 'Sandie',
    last_name: 'Uccello',
    email: 'succellof6@nih.gov',
    gender: 'Male',
    ip_address: '20.30.136.30'
  }
]
undefined
undefined
undefined
undefined
undefined
undefined
[
  {
    id: 548,
    first_name: 'Carny',
    last_name: 'Kirlin',
    email: 'ckirlinf7@ow.ly',
    gender: 'Female',
    ip_address: '240.32.85.198'
  }
]
undefined
undefined
undefined
undefined
undefined
undefined
[
  {
    id: 549,
    first_name: 'Nola',
    last_name: 'Hully',
    email: 'nhullyf8@mail.ru',
    gender: 'Female',
    ip_address: '4.72.128.116'
  }
]
undefined
undefined
undefined
undefined
undefined
undefined
[
  {
    id: 550,
    first_name: 'Sabine',
    last_name: 'Cobon',
    email: 'scobonf9@digg.com',
    gender: 'Female',
    ip_address: '117.123.13.142'
  }
]
undefined
undefined
undefined
undefined
undefined
undefined
[
  {
    id: 551,
    first_name: 'Georgiana',
    last_name: 'De Bischof',
    email: 'gdebischoffa@tuttocitta.it',
    gender: 'Male',
    ip_address: '144.206.20.159'
  }
]
undefined
undefined
undefined
undefined
undefined
undefined
[
  {
    id: 552,
    first_name: 'Alexandros',
    last_name: 'Hindge',
    email: 'ahindgefb@theatlantic.com',
    gender: 'Female',
    ip_address: '157.5.203.245'
  }
]
undefined
undefined
undefined
undefined
undefined
undefined
[
  {
    id: 553,
    first_name: 'Thebault',
    last_name: 'Ashwell',
    email: 'tashwellfc@printfriendly.com',
    gender: 'Bigender',
    ip_address: '135.232.167.10'
  }
]
undefined
undefined
undefined
undefined
undefined
undefined
[
  {
    id: 554,
    first_name: 'Beck',
    last_name: 'Batalini',
    email: 'bbatalinifd@google.com',
    gender: 'Male',
    ip_address: '35.152.105.244'
  }
]
undefined
undefined
undefined
undefined
undefined
undefined
[
  {
    id: 555,
    first_name: 'Stanford',
    last_name: 'Cruse',
    email: 'scrusefe@guardian.co.uk',
    gender: 'Male',
    ip_address: '198.240.165.34'
  }
]
undefined
undefined
undefined
undefined
undefined
undefined
[
  {
    id: 556,
    first_name: 'Debor',
    last_name: 'Kleehuhler',
    email: 'dkleehuhlerff@prweb.com',
    gender: 'Male',
    ip_address: '92.160.10.136'
  }
]
undefined
undefined
undefined
undefined
undefined
undefined
[
  {
    id: 557,
    first_name: 'Murry',
    last_name: 'Ormerod',
    email: 'mormerodfg@dion.ne.jp',
    gender: 'Female',
    ip_address: '196.166.77.248'
  }
]
undefined
undefined
undefined
undefined
undefined
undefined
[
  {
    id: 558,
    first_name: 'Neala',
    last_name: 'Kiddell',
    email: 'nkiddellfh@addthis.com',
    gender: 'Male',
    ip_address: '75.27.154.45'
  }
]
undefined
undefined
undefined
undefined
undefined
undefined
[
  {
    id: 559,
    first_name: 'Erhart',
    last_name: 'Bradmore',
    email: 'ebradmorefi@netlog.com',
    gender: 'Female',
    ip_address: '200.114.185.40'
  }
]
undefined
undefined
undefined
undefined
undefined
undefined
[
  {
    id: 560,
    first_name: 'Guy',
    last_name: 'Spafford',
    email: 'gspaffordfj@yandex.ru',
    gender: 'Agender',
    ip_address: '2.89.247.18'
  }
]
undefined
undefined
undefined
undefined
undefined
undefined
[
  {
    id: 561,
    first_name: 'Dougie',
    last_name: 'Amy',
    email: 'damyfk@cmu.edu',
    gender: 'Male',
    ip_address: '128.110.177.26'
  }
]
undefined
undefined
undefined
undefined
undefined
undefined
[
  {
    id: 562,
    first_name: 'Shepherd',
    last_name: 'Leyrroyd',
    email: 'sleyrroydfl@yellowbook.com',
    gender: 'Female',
    ip_address: '110.243.94.46'
  }
]
undefined
undefined
undefined
undefined
undefined
undefined
[
  {
    id: 563,
    first_name: 'Coriss',
    last_name: 'Bickle',
    email: 'cbicklefm@google.com.br',
    gender: 'Female',
    ip_address: '217.199.187.245'
  }
]
undefined
undefined
undefined
undefined
undefined
undefined
[
  {
    id: 564,
    first_name: 'Currey',
    last_name: 'Tydd',
    email: 'ctyddfn@auda.org.au',
    gender: 'Male',
    ip_address: '216.147.135.184'
  }
]
undefined
undefined
undefined
undefined
undefined
undefined
[
  {
    id: 565,
    first_name: 'Persis',
    last_name: 'Lathy',
    email: 'plathyfo@ox.ac.uk',
    gender: 'Male',
    ip_address: '30.87.166.110'
  }
]
undefined
undefined
undefined
undefined
undefined
undefined
[
  {
    id: 566,
    first_name: 'Cathleen',
    last_name: 'Ranyard',
    email: 'cranyardfp@apache.org',
    gender: 'Male',
    ip_address: '22.90.101.21'
  }
]
undefined
undefined
undefined
undefined
undefined
undefined
[
  {
    id: 567,
    first_name: 'Alma',
    last_name: 'Ben',
    email: 'abenfq@spotify.com',
    gender: 'Male',
    ip_address: '147.120.230.253'
  }
]
undefined
undefined
undefined
undefined
undefined
undefined
[
  {
    id: 568,
    first_name: 'Ada',
    last_name: 'Whitehair',
    email: 'awhitehairfr@who.int',
    gender: 'Female',
    ip_address: '90.140.225.250'
  }
]
undefined
undefined
undefined
undefined
undefined
undefined
[
  {
    id: 569,
    first_name: 'Brit',
    last_name: 'Aingel',
    email: 'baingelfs@mashable.com',
    gender: 'Male',
    ip_address: '164.68.109.169'
  }
]
undefined
undefined
undefined
undefined
undefined
undefined
[
  {
    id: 570,
    first_name: 'Brett',
    last_name: 'Schettini',
    email: 'bschettinift@uol.com.br',
    gender: 'Male',
    ip_address: '207.30.160.122'
  }
]
undefined
undefined
undefined
undefined
undefined
undefined
[
  {
    id: 571,
    first_name: 'Nelli',
    last_name: 'Berk',
    email: 'nberkfu@imageshack.us',
    gender: 'Female',
    ip_address: '131.148.96.52'
  }
]
undefined
undefined
undefined
undefined
undefined
undefined
[
  {
    id: 572,
    first_name: 'Ricki',
    last_name: 'Evens',
    email: 'revensfv@prnewswire.com',
    gender: 'Male',
    ip_address: '66.139.228.170'
  }
]
undefined
undefined
undefined
undefined
undefined
undefined
[
  {
    id: 573,
    first_name: 'Cory',
    last_name: 'Spradbery',
    email: 'cspradberyfw@abc.net.au',
    gender: 'Female',
    ip_address: '215.199.58.55'
  }
]
undefined
undefined
undefined
undefined
undefined
undefined
[
  {
    id: 574,
    first_name: 'Charley',
    last_name: 'Marquet',
    email: 'cmarquetfx@deliciousdays.com',
    gender: 'Male',
    ip_address: '133.11.66.228'
  }
]
undefined
undefined
undefined
undefined
undefined
undefined
[
  {
    id: 575,
    first_name: 'Regan',
    last_name: 'Ayscough',
    email: 'rayscoughfy@networkadvertising.org',
    gender: 'Male',
    ip_address: '103.219.18.139'
  }
]
undefined
undefined
undefined
undefined
undefined
undefined
[
  {
    id: 576,
    first_name: 'Stella',
    last_name: 'Minger',
    email: 'smingerfz@tumblr.com',
    gender: 'Female',
    ip_address: '160.101.104.234'
  }
]
undefined
undefined
undefined
undefined
undefined
undefined
[
  {
    id: 577,
    first_name: 'Selma',
    last_name: 'Eddies',
    email: 'seddiesg0@ftc.gov',
    gender: 'Male',
    ip_address: '130.1.216.17'
  }
]
undefined
undefined
undefined
undefined
undefined
undefined
[
  {
    id: 578,
    first_name: 'Chev',
    last_name: 'Treadaway',
    email: 'ctreadawayg1@yahoo.com',
    gender: 'Female',
    ip_address: '212.86.217.224'
  }
]
undefined
undefined
undefined
undefined
undefined
undefined
[
  {
    id: 579,
    first_name: 'Charmane',
    last_name: 'Bent',
    email: 'cbentg2@vinaora.com',
    gender: 'Female',
    ip_address: '238.205.134.97'
  }
]
undefined
undefined
undefined
undefined
undefined
undefined
[
  {
    id: 580,
    first_name: 'Ludwig',
    last_name: 'McDaid',
    email: 'lmcdaidg3@sciencedirect.com',
    gender: 'Male',
    ip_address: '211.102.57.85'
  }
]
undefined
undefined
undefined
undefined
undefined
undefined
[
  {
    id: 581,
    first_name: 'Tudor',
    last_name: 'Tredget',
    email: 'ttredgetg4@google.com.hk',
    gender: 'Female',
    ip_address: '53.62.220.63'
  }
]
undefined
undefined
undefined
undefined
undefined
undefined
[
  {
    id: 582,
    first_name: 'Myrilla',
    last_name: 'Renwick',
    email: 'mrenwickg5@sourceforge.net',
    gender: 'Male',
    ip_address: '188.108.21.224'
  }
]
undefined
undefined
undefined
undefined
undefined
undefined
[
  {
    id: 583,
    first_name: 'Maurise',
    last_name: 'Pottle',
    email: 'mpottleg6@ftc.gov',
    gender: 'Genderqueer',
    ip_address: '104.90.188.141'
  }
]
undefined
undefined
undefined
undefined
undefined
undefined
[
  {
    id: 584,
    first_name: 'Stanton',
    last_name: 'Cordingley',
    email: 'scordingleyg7@youtu.be',
    gender: 'Female',
    ip_address: '146.224.4.226'
  }
]
undefined
undefined
undefined
undefined
undefined
undefined
[
  {
    id: 585,
    first_name: 'Janet',
    last_name: 'Cuffley',
    email: 'jcuffleyg8@globo.com',
    gender: 'Female',
    ip_address: '3.122.170.233'
  }
]
undefined
undefined
undefined
undefined
undefined
undefined
[
  {
    id: 586,
    first_name: 'Chevy',
    last_name: 'Beecraft',
    email: 'cbeecraftg9@tumblr.com',
    gender: 'Female',
    ip_address: '1.159.54.90'
  }
]
undefined
undefined
undefined
undefined
undefined
undefined
[
  {
    id: 587,
    first_name: 'Corabella',
    last_name: 'Tremathack',
    email: 'ctremathackga@smh.com.au',
    gender: 'Male',
    ip_address: '162.111.141.241'
  }
]
undefined
undefined
undefined
undefined
undefined
undefined
[
  {
    id: 588,
    first_name: 'Gris',
    last_name: 'Gillum',
    email: 'ggillumgb@dedecms.com',
    gender: 'Male',
    ip_address: '92.36.149.7'
  }
]
undefined
undefined
undefined
undefined
undefined
undefined
[
  {
    id: 589,
    first_name: 'Adi',
    last_name: 'Lilbourne',
    email: 'alilbournegc@auda.org.au',
    gender: 'Male',
    ip_address: '100.11.135.81'
  }
]
undefined
undefined
undefined
undefined
undefined
undefined
[
  {
    id: 590,
    first_name: 'Ronnie',
    last_name: 'Gozard',
    email: 'rgozardgd@tmall.com',
    gender: 'Female',
    ip_address: '252.154.237.9'
  }
]
undefined
undefined
undefined
undefined
undefined
undefined
[
  {
    id: 591,
    first_name: 'Noah',
    last_name: 'Jzak',
    email: 'njzakge@biglobe.ne.jp',
    gender: 'Female',
    ip_address: '104.150.113.198'
  }
]
undefined
undefined
undefined
undefined
undefined
undefined
[
  {
    id: 592,
    first_name: 'Humfrid',
    last_name: 'Fryett',
    email: 'hfryettgf@chicagotribune.com',
    gender: 'Female',
    ip_address: '132.121.16.180'
  }
]
undefined
undefined
undefined
undefined
undefined
undefined
[
  {
    id: 593,
    first_name: 'Giovanni',
    last_name: 'Ollerton',
    email: 'gollertongg@ustream.tv',
    gender: 'Male',
    ip_address: '81.138.20.114'
  }
]
undefined
undefined
undefined
undefined
undefined
undefined
[
  {
    id: 594,
    first_name: 'Gretchen',
    last_name: 'Worms',
    email: 'gwormsgh@vk.com',
    gender: 'Male',
    ip_address: '236.150.142.17'
  }
]
undefined
undefined
undefined
undefined
undefined
undefined
[
  {
    id: 595,
    first_name: 'Erhard',
    last_name: 'Stubley',
    email: 'estubleygi@ning.com',
    gender: 'Male',
    ip_address: '139.16.236.160'
  }
]
undefined
undefined
undefined
undefined
undefined
undefined
[
  {
    id: 596,
    first_name: 'Aurel',
    last_name: 'Olivie',
    email: 'aoliviegj@yellowbook.com',
    gender: 'Male',
    ip_address: '132.244.83.11'
  }
]
undefined
undefined
undefined
undefined
undefined
undefined
[
  {
    id: 597,
    first_name: 'Ursuline',
    last_name: 'Alldread',
    email: 'ualldreadgk@nih.gov',
    gender: 'Male',
    ip_address: '104.177.87.65'
  }
]
undefined
undefined
undefined
undefined
undefined
undefined
[
  {
    id: 598,
    first_name: 'Rickie',
    last_name: 'Talboy',
    email: 'rtalboygl@blog.com',
    gender: 'Female',
    ip_address: '87.72.216.7'
  }
]
undefined
undefined
undefined
undefined
undefined
undefined
[
  {
    id: 599,
    first_name: 'Sophronia',
    last_name: 'Sivyer',
    email: 'ssivyergm@youtu.be',
    gender: 'Female',
    ip_address: '80.41.15.19'
  }
]
undefined
undefined
undefined
undefined
undefined
undefined
[
  {
    id: 600,
    first_name: 'Randie',
    last_name: 'Tappor',
    email: 'rtapporgn@cbc.ca',
    gender: 'Female',
    ip_address: '210.136.204.30'
  }
]
undefined
undefined
undefined
undefined
undefined
undefined
[
  {
    id: 601,
    first_name: 'Larisa',
    last_name: 'Healing',
    email: 'lhealinggo@gizmodo.com',
    gender: 'Male',
    ip_address: '172.165.103.11'
  }
]
undefined
undefined
undefined
undefined
undefined
undefined
[
  {
    id: 602,
    first_name: 'Cyrill',
    last_name: 'Nyssens',
    email: 'cnyssensgp@chron.com',
    gender: 'Male',
    ip_address: '90.48.178.253'
  }
]
undefined
undefined
undefined
undefined
undefined
undefined
[
  {
    id: 603,
    first_name: 'Marina',
    last_name: 'Gunner',
    email: 'mgunnergq@marketwatch.com',
    gender: 'Male',
    ip_address: '89.106.34.115'
  }
]
undefined
undefined
undefined
undefined
undefined
undefined
[
  {
    id: 604,
    first_name: 'Anya',
    last_name: 'Etheredge',
    email: 'aetheredgegr@prweb.com',
    gender: 'Male',
    ip_address: '80.151.222.247'
  }
]
undefined
undefined
undefined
undefined
undefined
undefined
[
  {
    id: 605,
    first_name: 'Truman',
    last_name: 'McQuie',
    email: 'tmcquiegs@opera.com',
    gender: 'Male',
    ip_address: '5.85.158.184'
  }
]
undefined
undefined
undefined
undefined
undefined
undefined
[
  {
    id: 606,
    first_name: 'Kate',
    last_name: 'Binton',
    email: 'kbintongt@ning.com',
    gender: 'Male',
    ip_address: '93.49.238.169'
  }
]
undefined
undefined
undefined
undefined
undefined
undefined
[
  {
    id: 607,
    first_name: 'Ardys',
    last_name: 'Daingerfield',
    email: 'adaingerfieldgu@list-manage.com',
    gender: 'Female',
    ip_address: '176.186.227.20'
  }
]
undefined
undefined
undefined
undefined
undefined
undefined
[
  {
    id: 608,
    first_name: 'Conny',
    last_name: 'Oldershaw',
    email: 'coldershawgv@bizjournals.com',
    gender: 'Female',
    ip_address: '167.247.240.60'
  }
]
undefined
undefined
undefined
undefined
undefined
undefined
[
  {
    id: 609,
    first_name: 'Garrott',
    last_name: 'Managh',
    email: 'gmanaghgw@meetup.com',
    gender: 'Female',
    ip_address: '204.104.113.61'
  }
]
undefined
undefined
undefined
undefined
undefined
undefined
[
  {
    id: 610,
    first_name: 'Zilvia',
    last_name: 'Willock',
    email: 'zwillockgx@gmpg.org',
    gender: 'Female',
    ip_address: '38.217.206.27'
  }
]
undefined
undefined
undefined
undefined
undefined
undefined
[
  {
    id: 611,
    first_name: 'Carmela',
    last_name: 'Logsdail',
    email: 'clogsdailgy@com.com',
    gender: 'Female',
    ip_address: '152.218.199.7'
  }
]
undefined
undefined
undefined
undefined
undefined
undefined
[
  {
    id: 612,
    first_name: 'Rozelle',
    last_name: 'Lartice',
    email: 'rlarticegz@engadget.com',
    gender: 'Female',
    ip_address: '137.45.119.91'
  }
]
undefined
undefined
undefined
undefined
undefined
undefined
[
  {
    id: 613,
    first_name: 'Red',
    last_name: 'Mathely',
    email: 'rmathelyh0@nature.com',
    gender: 'Male',
    ip_address: '219.229.27.36'
  }
]
undefined
undefined
undefined
undefined
undefined
undefined
[
  {
    id: 614,
    first_name: 'Cecelia',
    last_name: 'De Luna',
    email: 'cdelunah1@paypal.com',
    gender: 'Female',
    ip_address: '168.125.118.252'
  }
]
undefined
undefined
undefined
undefined
undefined
undefined
[
  {
    id: 615,
    first_name: 'Georgette',
    last_name: 'McGown',
    email: 'gmcgownh2@friendfeed.com',
    gender: 'Polygender',
    ip_address: '47.202.253.192'
  }
]
undefined
undefined
undefined
undefined
undefined
undefined
[
  {
    id: 616,
    first_name: 'Kenneth',
    last_name: 'Greenstead',
    email: 'kgreensteadh3@gnu.org',
    gender: 'Genderfluid',
    ip_address: '182.197.31.84'
  }
]
undefined
undefined
undefined
undefined
undefined
undefined
[
  {
    id: 617,
    first_name: 'Naomi',
    last_name: 'Keating',
    email: 'nkeatingh4@devhub.com',
    gender: 'Female',
    ip_address: '192.88.254.238'
  }
]
undefined
undefined
undefined
undefined
undefined
undefined
[
  {
    id: 618,
    first_name: 'Eartha',
    last_name: 'Sex',
    email: 'esexh5@networkadvertising.org',
    gender: 'Male',
    ip_address: '79.122.162.128'
  }
]
undefined
undefined
undefined
undefined
undefined
undefined
[
  {
    id: 619,
    first_name: 'Fanni',
    last_name: 'Palphreyman',
    email: 'fpalphreymanh6@unesco.org',
    gender: 'Male',
    ip_address: '22.153.216.177'
  }
]
undefined
undefined
undefined
undefined
undefined
undefined
[
  {
    id: 620,
    first_name: 'Tim',
    last_name: 'Chastel',
    email: 'tchastelh7@home.pl',
    gender: 'Male',
    ip_address: '94.199.234.71'
  }
]
undefined
undefined
undefined
undefined
undefined
undefined
[
  {
    id: 621,
    first_name: 'Bertina',
    last_name: 'Skippings',
    email: 'bskippingsh8@webs.com',
    gender: 'Male',
    ip_address: '155.47.122.117'
  }
]
undefined
undefined
undefined
undefined
undefined
undefined
[
  {
    id: 622,
    first_name: 'Devan',
    last_name: 'Isacke',
    email: 'disackeh9@yale.edu',
    gender: 'Male',
    ip_address: '132.150.186.18'
  }
]
undefined
undefined
undefined
undefined
undefined
undefined
[
  {
    id: 623,
    first_name: 'Mattias',
    last_name: 'MacGiany',
    email: 'mmacgianyha@google.it',
    gender: 'Male',
    ip_address: '34.229.40.36'
  }
]
undefined
undefined
undefined
undefined
undefined
undefined
[
  {
    id: 624,
    first_name: 'Der',
    last_name: 'Perse',
    email: 'dpersehb@cpanel.net',
    gender: 'Male',
    ip_address: '118.29.29.46'
  }
]
undefined
undefined
undefined
undefined
undefined
undefined
[
  {
    id: 625,
    first_name: 'Adolph',
    last_name: 'Alger',
    email: 'aalgerhc@newsvine.com',
    gender: 'Male',
    ip_address: '66.173.121.240'
  }
]
undefined
undefined
undefined
undefined
undefined
undefined
[
  {
    id: 626,
    first_name: 'Dian',
    last_name: 'Antonelli',
    email: 'dantonellihd@wp.com',
    gender: 'Male',
    ip_address: '96.79.120.95'
  }
]
undefined
undefined
undefined
undefined
undefined
undefined
[
  {
    id: 627,
    first_name: 'Melva',
    last_name: 'Bromley',
    email: 'mbromleyhe@linkedin.com',
    gender: 'Female',
    ip_address: '182.191.161.135'
  }
]
undefined
undefined
undefined
undefined
undefined
undefined
[
  {
    id: 628,
    first_name: 'Gaby',
    last_name: 'Bentame',
    email: 'gbentamehf@cloudflare.com',
    gender: 'Genderfluid',
    ip_address: '186.196.229.24'
  }
]
undefined
undefined
undefined
undefined
undefined
undefined
[
  {
    id: 629,
    first_name: 'Iorgos',
    last_name: 'Locke',
    email: 'ilockehg@ehow.com',
    gender: 'Female',
    ip_address: '199.168.72.142'
  }
]
undefined
undefined
undefined
undefined
undefined
undefined
[
  {
    id: 630,
    first_name: 'Etti',
    last_name: 'OIlier',
    email: 'eoilierhh@webs.com',
    gender: 'Female',
    ip_address: '96.241.179.248'
  }
]
undefined
undefined
undefined
undefined
undefined
undefined
[
  {
    id: 631,
    first_name: 'Tanny',
    last_name: 'Klemps',
    email: 'tklempshi@pen.io',
    gender: 'Female',
    ip_address: '163.19.107.155'
  }
]
undefined
undefined
undefined
undefined
undefined
undefined
[
  {
    id: 632,
    first_name: 'Oates',
    last_name: 'Chaulk',
    email: 'ochaulkhj@elegantthemes.com',
    gender: 'Female',
    ip_address: '226.212.33.51'
  }
]
undefined
undefined
undefined
undefined
undefined
undefined
[
  {
    id: 633,
    first_name: 'Florella',
    last_name: "O'Codihie",
    email: 'focodihiehk@ifeng.com',
    gender: 'Male',
    ip_address: '136.128.143.201'
  }
]
undefined
undefined
undefined
undefined
undefined
undefined
[
  {
    id: 634,
    first_name: 'Humbert',
    last_name: 'Bloss',
    email: 'hblosshl@netscape.com',
    gender: 'Male',
    ip_address: '88.245.46.235'
  }
]
undefined
undefined
undefined
undefined
undefined
undefined
[
  {
    id: 635,
    first_name: 'Elisabetta',
    last_name: 'Galbraith',
    email: 'egalbraithhm@linkedin.com',
    gender: 'Male',
    ip_address: '223.187.35.151'
  }
]
undefined
undefined
undefined
undefined
undefined
undefined
[
  {
    id: 636,
    first_name: 'Jojo',
    last_name: 'Deavin',
    email: 'jdeavinhn@blogspot.com',
    gender: 'Female',
    ip_address: '100.145.156.187'
  }
]
undefined
undefined
undefined
undefined
undefined
undefined
[
  {
    id: 637,
    first_name: 'Vitoria',
    last_name: 'Lodwick',
    email: 'vlodwickho@amazon.de',
    gender: 'Male',
    ip_address: '46.172.70.33'
  }
]
undefined
undefined
undefined
undefined
undefined
undefined
[
  {
    id: 638,
    first_name: 'Kassi',
    last_name: 'Carvill',
    email: 'kcarvillhp@weebly.com',
    gender: 'Male',
    ip_address: '189.79.154.155'
  }
]
undefined
undefined
undefined
undefined
undefined
undefined
[
  {
    id: 639,
    first_name: 'Domenico',
    last_name: 'Cocke',
    email: 'dcockehq@engadget.com',
    gender: 'Male',
    ip_address: '71.160.81.251'
  }
]
undefined
undefined
undefined
undefined
undefined
undefined
[
  {
    id: 640,
    first_name: 'Tilly',
    last_name: 'Weekland',
    email: 'tweeklandhr@google.es',
    gender: 'Male',
    ip_address: '104.132.84.146'
  }
]
undefined
undefined
undefined
undefined
undefined
undefined
[
  {
    id: 641,
    first_name: 'Carmelia',
    last_name: 'Zamboniari',
    email: 'czamboniarihs@paginegialle.it',
    gender: 'Female',
    ip_address: '124.229.105.185'
  }
]
undefined
undefined
undefined
undefined
undefined
undefined
[
  {
    id: 642,
    first_name: 'Belita',
    last_name: 'Dunsire',
    email: 'bdunsireht@unblog.fr',
    gender: 'Female',
    ip_address: '95.235.62.167'
  }
]
undefined
undefined
undefined
undefined
undefined
undefined
[
  {
    id: 643,
    first_name: 'Izzy',
    last_name: 'Hoy',
    email: 'ihoyhu@cmu.edu',
    gender: 'Male',
    ip_address: '248.49.181.31'
  }
]
undefined
undefined
undefined
undefined
undefined
undefined
[
  {
    id: 644,
    first_name: 'Natalie',
    last_name: 'Dumbarton',
    email: 'ndumbartonhv@imdb.com',
    gender: 'Female',
    ip_address: '75.11.53.20'
  }
]
undefined
undefined
undefined
undefined
undefined
undefined
[
  {
    id: 645,
    first_name: 'Stacey',
    last_name: 'Hebden',
    email: 'shebdenhw@reverbnation.com',
    gender: 'Polygender',
    ip_address: '112.91.12.199'
  }
]
undefined
undefined
undefined
undefined
undefined
undefined
[
  {
    id: 646,
    first_name: 'Rogerio',
    last_name: 'Botterell',
    email: 'rbotterellhx@flickr.com',
    gender: 'Genderfluid',
    ip_address: '23.206.109.248'
  }
]
undefined
undefined
undefined
undefined
undefined
undefined
[
  {
    id: 647,
    first_name: 'Con',
    last_name: 'Tyrer',
    email: 'ctyrerhy@1und1.de',
    gender: 'Female',
    ip_address: '184.105.139.167'
  }
]
undefined
undefined
undefined
undefined
undefined
undefined
[
  {
    id: 648,
    first_name: 'Darb',
    last_name: 'Wherry',
    email: 'dwherryhz@skyrock.com',
    gender: 'Male',
    ip_address: '67.158.111.54'
  }
]
undefined
undefined
undefined
undefined
undefined
undefined
[
  {
    id: 649,
    first_name: 'Agathe',
    last_name: 'Godain',
    email: 'agodaini0@springer.com',
    gender: 'Male',
    ip_address: '93.69.202.95'
  }
]
undefined
undefined
undefined
undefined
undefined
undefined
[
  {
    id: 650,
    first_name: 'Trescha',
    last_name: 'Skeen',
    email: 'tskeeni1@bbc.co.uk',
    gender: 'Female',
    ip_address: '123.197.153.25'
  }
]
undefined
undefined
undefined
undefined
undefined
undefined
[
  {
    id: 651,
    first_name: 'Ernesto',
    last_name: 'Korb',
    email: 'ekorbi2@tiny.cc',
    gender: 'Male',
    ip_address: '213.32.236.249'
  }
]
undefined
undefined
undefined
undefined
undefined
undefined
[
  {
    id: 652,
    first_name: 'Berthe',
    last_name: 'Brownhall',
    email: 'bbrownhalli3@cbslocal.com',
    gender: 'Agender',
    ip_address: '74.65.36.112'
  }
]
undefined
undefined
undefined
undefined
undefined
undefined
[
  {
    id: 653,
    first_name: 'Atalanta',
    last_name: 'Zellmer',
    email: 'azellmeri4@google.co.jp',
    gender: 'Male',
    ip_address: '250.87.188.88'
  }
]
undefined
undefined
undefined
undefined
undefined
undefined
[
  {
    id: 654,
    first_name: 'Ric',
    last_name: 'Armsby',
    email: 'rarmsbyi5@nature.com',
    gender: 'Female',
    ip_address: '81.54.228.83'
  }
]
undefined
undefined
undefined
undefined
undefined
undefined
[
  {
    id: 655,
    first_name: 'Mendel',
    last_name: 'Sybry',
    email: 'msybryi6@comsenz.com',
    gender: 'Female',
    ip_address: '173.10.61.57'
  }
]
undefined
undefined
undefined
undefined
undefined
undefined
[
  {
    id: 656,
    first_name: 'Ware',
    last_name: 'Gadesby',
    email: 'wgadesbyi7@ovh.net',
    gender: 'Female',
    ip_address: '49.165.84.126'
  }
]
undefined
undefined
undefined
undefined
undefined
undefined
[
  {
    id: 657,
    first_name: 'Bee',
    last_name: 'Aland',
    email: 'balandi8@cocolog-nifty.com',
    gender: 'Female',
    ip_address: '169.254.167.15'
  }
]
undefined
undefined
undefined
undefined
undefined
undefined
[
  {
    id: 658,
    first_name: 'Jana',
    last_name: 'Coppenhall',
    email: 'jcoppenhalli9@hhs.gov',
    gender: 'Female',
    ip_address: '194.82.84.15'
  }
]
undefined
undefined
undefined
undefined
undefined
undefined
[
  {
    id: 659,
    first_name: 'Grange',
    last_name: 'Asbery',
    email: 'gasberyia@ocn.ne.jp',
    gender: 'Male',
    ip_address: '25.164.81.220'
  }
]
undefined
undefined
undefined
undefined
undefined
undefined
[
  {
    id: 660,
    first_name: 'Jo',
    last_name: 'Beckinsall',
    email: 'jbeckinsallib@ihg.com',
    gender: 'Male',
    ip_address: '22.243.62.131'
  }
]
undefined
undefined
undefined
undefined
undefined
undefined
[
  {
    id: 661,
    first_name: 'Allix',
    last_name: 'Boldison',
    email: 'aboldisonic@odnoklassniki.ru',
    gender: 'Female',
    ip_address: '164.229.198.249'
  }
]
undefined
undefined
undefined
undefined
undefined
undefined
[
  {
    id: 662,
    first_name: 'Ophelie',
    last_name: 'Sainz',
    email: 'osainzid@devhub.com',
    gender: 'Male',
    ip_address: '206.213.114.19'
  }
]
undefined
undefined
undefined
undefined
undefined
undefined
[
  {
    id: 663,
    first_name: 'Gerhard',
    last_name: 'Goodhall',
    email: 'ggoodhallie@harvard.edu',
    gender: 'Male',
    ip_address: '17.211.33.81'
  }
]
undefined
undefined
undefined
undefined
undefined
undefined
[
  {
    id: 664,
    first_name: 'Jasper',
    last_name: 'Matevushev',
    email: 'jmatevushevif@stanford.edu',
    gender: 'Male',
    ip_address: '183.143.3.37'
  }
]
undefined
undefined
undefined
undefined
undefined
undefined
[
  {
    id: 665,
    first_name: 'Madonna',
    last_name: 'De Gowe',
    email: 'mdegoweig@unblog.fr',
    gender: 'Female',
    ip_address: '99.61.122.89'
  }
]
undefined
undefined
undefined
undefined
undefined
undefined
[
  {
    id: 666,
    first_name: 'Hedvig',
    last_name: 'Tute',
    email: 'htuteih@last.fm',
    gender: 'Male',
    ip_address: '85.42.173.35'
  }
]
undefined
undefined
undefined
undefined
undefined
undefined
[
  {
    id: 667,
    first_name: 'Laurianne',
    last_name: 'Krebs',
    email: 'lkrebsii@engadget.com',
    gender: 'Male',
    ip_address: '7.191.144.85'
  }
]
undefined
undefined
undefined
undefined
undefined
undefined
[
  {
    id: 668,
    first_name: 'Spencer',
    last_name: 'Abden',
    email: 'sabdenij@nationalgeographic.com',
    gender: 'Male',
    ip_address: '209.127.165.81'
  }
]
undefined
undefined
undefined
undefined
undefined
undefined
[
  {
    id: 669,
    first_name: 'Davy',
    last_name: 'Jenman',
    email: 'djenmanik@ucsd.edu',
    gender: 'Male',
    ip_address: '0.39.150.19'
  }
]
undefined
undefined
undefined
undefined
undefined
undefined
[
  {
    id: 670,
    first_name: 'Jobye',
    last_name: 'Masserel',
    email: 'jmasserelil@amazon.de',
    gender: 'Non-binary',
    ip_address: '208.201.163.72'
  }
]
undefined
undefined
undefined
undefined
undefined
undefined
[
  {
    id: 671,
    first_name: 'Keeley',
    last_name: 'Goddert.sf',
    email: 'kgoddertsfim@smugmug.com',
    gender: 'Male',
    ip_address: '24.167.25.193'
  }
]
undefined
undefined
undefined
undefined
undefined
undefined
[
  {
    id: 672,
    first_name: 'Davie',
    last_name: 'Battams',
    email: 'dbattamsin@moonfruit.com',
    gender: 'Non-binary',
    ip_address: '212.192.212.10'
  }
]
undefined
undefined
undefined
undefined
undefined
undefined
[
  {
    id: 673,
    first_name: 'Alayne',
    last_name: 'Wigan',
    email: 'awiganio@ftc.gov',
    gender: 'Female',
    ip_address: '17.58.203.174'
  }
]
undefined
undefined
undefined
undefined
undefined
undefined
[
  {
    id: 674,
    first_name: 'Herold',
    last_name: 'Bewicke',
    email: 'hbewickeip@go.com',
    gender: 'Female',
    ip_address: '0.27.98.215'
  }
]
undefined
undefined
undefined
undefined
undefined
undefined
[
  {
    id: 675,
    first_name: 'Artair',
    last_name: 'Booeln',
    email: 'abooelniq@imageshack.us',
    gender: 'Agender',
    ip_address: '86.50.167.230'
  }
]
undefined
undefined
undefined
undefined
undefined
undefined
[
  {
    id: 676,
    first_name: 'Wallace',
    last_name: 'Bateson',
    email: 'wbatesonir@answers.com',
    gender: 'Female',
    ip_address: '79.65.231.28'
  }
]
undefined
undefined
undefined
undefined
undefined
undefined
[
  {
    id: 677,
    first_name: 'Bridget',
    last_name: 'Persey',
    email: 'bperseyis@elegantthemes.com',
    gender: 'Male',
    ip_address: '9.12.244.174'
  }
]
undefined
undefined
undefined
undefined
undefined
undefined
[
  {
    id: 678,
    first_name: 'Janine',
    last_name: 'Gibbs',
    email: 'jgibbsit@sciencedaily.com',
    gender: 'Female',
    ip_address: '203.232.138.196'
  }
]
undefined
undefined
undefined
undefined
undefined
undefined
[
  {
    id: 679,
    first_name: 'Una',
    last_name: 'Screach',
    email: 'uscreachiu@delicious.com',
    gender: 'Female',
    ip_address: '136.65.144.235'
  }
]
undefined
undefined
undefined
undefined
undefined
undefined
[
  {
    id: 680,
    first_name: 'Whitney',
    last_name: 'Minchindon',
    email: 'wminchindoniv@tinypic.com',
    gender: 'Male',
    ip_address: '37.182.91.38'
  }
]
undefined
undefined
undefined
undefined
undefined
undefined
[
  {
    id: 681,
    first_name: 'Mannie',
    last_name: 'Ramsden',
    email: 'mramsdeniw@tripadvisor.com',
    gender: 'Male',
    ip_address: '165.105.238.247'
  }
]
undefined
undefined
undefined
undefined
undefined
undefined
[
  {
    id: 682,
    first_name: 'Jazmin',
    last_name: 'Klimentyev',
    email: 'jklimentyevix@bluehost.com',
    gender: 'Female',
    ip_address: '54.110.118.196'
  }
]
undefined
undefined
undefined
undefined
undefined
undefined
[
  {
    id: 683,
    first_name: 'Emanuele',
    last_name: 'Thorpe',
    email: 'ethorpeiy@archive.org',
    gender: 'Female',
    ip_address: '28.210.84.16'
  }
]
undefined
undefined
undefined
undefined
undefined
undefined
[
  {
    id: 684,
    first_name: 'Friedrich',
    last_name: 'Larcher',
    email: 'flarcheriz@google.com.au',
    gender: 'Female',
    ip_address: '178.213.38.217'
  }
]
undefined
undefined
undefined
undefined
undefined
undefined
[
  {
    id: 685,
    first_name: 'Allyn',
    last_name: 'Hillen',
    email: 'ahillenj0@google.pl',
    gender: 'Polygender',
    ip_address: '121.38.233.65'
  }
]
undefined
undefined
undefined
undefined
undefined
undefined
[
  {
    id: 686,
    first_name: 'Tye',
    last_name: 'Domm',
    email: 'tdommj1@boston.com',
    gender: 'Male',
    ip_address: '215.92.200.75'
  }
]
undefined
undefined
undefined
undefined
undefined
undefined
[
  {
    id: 687,
    first_name: 'Georgeanne',
    last_name: 'Cust',
    email: 'gcustj2@addthis.com',
    gender: 'Female',
    ip_address: '11.21.144.21'
  }
]
undefined
undefined
undefined
undefined
undefined
undefined
[
  {
    id: 688,
    first_name: 'Nana',
    last_name: 'Yule',
    email: 'nyulej3@reverbnation.com',
    gender: 'Female',
    ip_address: '231.135.228.18'
  }
]
undefined
undefined
undefined
undefined
undefined
undefined
[
  {
    id: 689,
    first_name: 'Fara',
    last_name: 'Sukbhans',
    email: 'fsukbhansj4@desdev.cn',
    gender: 'Male',
    ip_address: '132.26.178.41'
  }
]
undefined
undefined
undefined
undefined
undefined
undefined
[
  {
    id: 690,
    first_name: 'Etan',
    last_name: 'Arend',
    email: 'earendj5@ibm.com',
    gender: 'Female',
    ip_address: '43.126.226.234'
  }
]
undefined
undefined
undefined
undefined
undefined
undefined
[
  {
    id: 691,
    first_name: 'Seymour',
    last_name: 'Kollasch',
    email: 'skollaschj6@baidu.com',
    gender: 'Male',
    ip_address: '160.111.233.230'
  }
]
undefined
undefined
undefined
undefined
undefined
undefined
[
  {
    id: 692,
    first_name: 'Petrina',
    last_name: 'Bloggett',
    email: 'pbloggettj7@foxnews.com',
    gender: 'Female',
    ip_address: '161.238.198.87'
  }
]
undefined
undefined
undefined
undefined
undefined
undefined
[
  {
    id: 693,
    first_name: 'Delmer',
    last_name: 'Vasnetsov',
    email: 'dvasnetsovj8@google.co.jp',
    gender: 'Male',
    ip_address: '181.184.176.90'
  }
]
undefined
undefined
undefined
undefined
undefined
undefined
[
  {
    id: 694,
    first_name: 'Piggy',
    last_name: 'Buske',
    email: 'pbuskej9@discuz.net',
    gender: 'Male',
    ip_address: '61.41.207.113'
  }
]
undefined
undefined
undefined
undefined
undefined
undefined
[
  {
    id: 695,
    first_name: 'Doyle',
    last_name: 'McGeoch',
    email: 'dmcgeochja@yellowbook.com',
    gender: 'Male',
    ip_address: '164.93.189.26'
  }
]
undefined
undefined
undefined
undefined
undefined
undefined
[
  {
    id: 696,
    first_name: 'Bayard',
    last_name: 'Ivanshintsev',
    email: 'bivanshintsevjb@nymag.com',
    gender: 'Male',
    ip_address: '187.156.33.245'
  }
]
undefined
undefined
undefined
undefined
undefined
undefined
[
  {
    id: 697,
    first_name: 'Killian',
    last_name: 'Pond',
    email: 'kpondjc@mediafire.com',
    gender: 'Male',
    ip_address: '230.246.109.93'
  }
]
undefined
undefined
undefined
undefined
undefined
undefined
[
  {
    id: 698,
    first_name: 'Hermy',
    last_name: 'Oxby',
    email: 'hoxbyjd@accuweather.com',
    gender: 'Female',
    ip_address: '105.174.190.33'
  }
]
undefined
undefined
undefined
undefined
undefined
undefined
[
  {
    id: 699,
    first_name: 'Carolyn',
    last_name: 'Kuschek',
    email: 'ckuschekje@mapquest.com',
    gender: 'Female',
    ip_address: '107.121.110.250'
  }
]
undefined
undefined
undefined
undefined
undefined
undefined
[
  {
    id: 700,
    first_name: 'Mason',
    last_name: 'McCay',
    email: 'mmccayjf@skyrock.com',
    gender: 'Female',
    ip_address: '246.139.188.191'
  }
]
undefined
undefined
undefined
undefined
undefined
undefined
[
  {
    id: 701,
    first_name: 'Karlotta',
    last_name: 'Carthy',
    email: 'kcarthyjg@epa.gov',
    gender: 'Female',
    ip_address: '143.92.114.46'
  }
]
undefined
undefined
undefined
undefined
undefined
undefined
[
  {
    id: 702,
    first_name: 'Brandtr',
    last_name: 'Van Daalen',
    email: 'bvandaalenjh@i2i.jp',
    gender: 'Male',
    ip_address: '4.198.58.72'
  }
]
undefined
undefined
undefined
undefined
undefined
undefined
[
  {
    id: 703,
    first_name: 'Bathsheba',
    last_name: 'Hobson',
    email: 'bhobsonji@jugem.jp',
    gender: 'Male',
    ip_address: '14.28.222.127'
  }
]
undefined
undefined
undefined
undefined
undefined
undefined
[
  {
    id: 704,
    first_name: 'Basilius',
    last_name: 'Eggers',
    email: 'beggersjj@nydailynews.com',
    gender: 'Female',
    ip_address: '233.197.200.179'
  }
]
undefined
undefined
undefined
undefined
undefined
undefined
[
  {
    id: 705,
    first_name: 'Chicky',
    last_name: 'Vaux',
    email: 'cvauxjk@dion.ne.jp',
    gender: 'Male',
    ip_address: '169.163.157.176'
  }
]
undefined
undefined
undefined
undefined
undefined
undefined
[
  {
    id: 706,
    first_name: 'Mickie',
    last_name: 'Lynthal',
    email: 'mlynthaljl@example.com',
    gender: 'Male',
    ip_address: '173.244.234.142'
  }
]
undefined
undefined
undefined
undefined
undefined
undefined
[
  {
    id: 707,
    first_name: 'Kort',
    last_name: 'Diter',
    email: 'kditerjm@i2i.jp',
    gender: 'Female',
    ip_address: '40.87.203.76'
  }
]
undefined
undefined
undefined
undefined
undefined
undefined
[
  {
    id: 708,
    first_name: 'Robina',
    last_name: 'Bevis',
    email: 'rbevisjn@addthis.com',
    gender: 'Male',
    ip_address: '20.74.18.168'
  }
]
undefined
undefined
undefined
undefined
undefined
undefined
[
  {
    id: 709,
    first_name: 'Junie',
    last_name: 'Effaunt',
    email: 'jeffauntjo@umn.edu',
    gender: 'Female',
    ip_address: '108.237.82.182'
  }
]
undefined
undefined
undefined
undefined
undefined
undefined
[
  {
    id: 710,
    first_name: 'Lorrin',
    last_name: 'Wilder',
    email: 'lwilderjp@princeton.edu',
    gender: 'Female',
    ip_address: '50.106.181.28'
  }
]
undefined
undefined
undefined
undefined
undefined
undefined
[
  {
    id: 711,
    first_name: 'Lorie',
    last_name: 'Lovel',
    email: 'lloveljq@mediafire.com',
    gender: 'Male',
    ip_address: '214.69.166.3'
  }
]
undefined
undefined
undefined
undefined
undefined
undefined
[
  {
    id: 712,
    first_name: 'Silvain',
    last_name: 'Sturdey',
    email: 'ssturdeyjr@parallels.com',
    gender: 'Male',
    ip_address: '200.170.245.178'
  }
]
undefined
undefined
undefined
undefined
undefined
undefined
[
  {
    id: 713,
    first_name: 'Ernestine',
    last_name: 'Barnewelle',
    email: 'ebarnewellejs@istockphoto.com',
    gender: 'Female',
    ip_address: '88.179.71.21'
  }
]
undefined
undefined
undefined
undefined
undefined
undefined
[
  {
    id: 714,
    first_name: 'Aldridge',
    last_name: 'Leynham',
    email: 'aleynhamjt@php.net',
    gender: 'Female',
    ip_address: '116.207.176.142'
  }
]
undefined
undefined
undefined
undefined
undefined
undefined
[
  {
    id: 715,
    first_name: 'Eirena',
    last_name: 'Finnemore',
    email: 'efinnemoreju@mayoclinic.com',
    gender: 'Bigender',
    ip_address: '75.54.240.252'
  }
]
undefined
undefined
undefined
undefined
undefined
undefined
[
  {
    id: 716,
    first_name: 'Keen',
    last_name: 'Ilett',
    email: 'kilettjv@disqus.com',
    gender: 'Male',
    ip_address: '255.0.217.59'
  }
]
undefined
undefined
undefined
undefined
undefined
undefined
[
  {
    id: 717,
    first_name: 'Jackson',
    last_name: 'Renvoys',
    email: 'jrenvoysjw@infoseek.co.jp',
    gender: 'Male',
    ip_address: '224.49.59.210'
  }
]
undefined
undefined
undefined
undefined
undefined
undefined
[
  {
    id: 718,
    first_name: 'Bennie',
    last_name: 'Golightly',
    email: 'bgolightlyjx@deviantart.com',
    gender: 'Female',
    ip_address: '187.107.213.3'
  }
]
undefined
undefined
undefined
undefined
undefined
undefined
[
  {
    id: 719,
    first_name: 'Tove',
    last_name: 'Jeandillou',
    email: 'tjeandilloujy@gnu.org',
    gender: 'Female',
    ip_address: '88.182.115.32'
  }
]
undefined
undefined
undefined
undefined
undefined
undefined
[
  {
    id: 720,
    first_name: 'Red',
    last_name: 'Mapston',
    email: 'rmapstonjz@cisco.com',
    gender: 'Male',
    ip_address: '155.160.224.33'
  }
]
undefined
undefined
undefined
undefined
undefined
undefined
[
  {
    id: 721,
    first_name: 'Annabella',
    last_name: 'Haskew',
    email: 'ahaskewk0@eepurl.com',
    gender: 'Male',
    ip_address: '93.220.12.70'
  }
]
undefined
undefined
undefined
undefined
undefined
undefined
[
  {
    id: 722,
    first_name: 'Tobit',
    last_name: 'Bahlmann',
    email: 'tbahlmannk1@creativecommons.org',
    gender: 'Female',
    ip_address: '86.187.33.126'
  }
]
undefined
undefined
undefined
undefined
undefined
undefined
[
  {
    id: 723,
    first_name: 'Marci',
    last_name: 'Gatward',
    email: 'mgatwardk2@sfgate.com',
    gender: 'Female',
    ip_address: '117.233.229.86'
  }
]
undefined
undefined
undefined
undefined
undefined
undefined
[
  {
    id: 724,
    first_name: 'Hazel',
    last_name: 'Leathley',
    email: 'hleathleyk3@desdev.cn',
    gender: 'Male',
    ip_address: '239.105.193.227'
  }
]
undefined
undefined
undefined
undefined
undefined
undefined
[
  {
    id: 725,
    first_name: 'Ludwig',
    last_name: 'Rivitt',
    email: 'lrivittk4@squarespace.com',
    gender: 'Male',
    ip_address: '81.224.176.108'
  }
]
undefined
undefined
undefined
undefined
undefined
undefined
[
  {
    id: 726,
    first_name: 'Carine',
    last_name: 'Whopples',
    email: 'cwhopplesk5@jalbum.net',
    gender: 'Male',
    ip_address: '138.124.200.8'
  }
]
undefined
undefined
undefined
undefined
undefined
undefined
[
  {
    id: 727,
    first_name: 'Brianne',
    last_name: 'Filippyev',
    email: 'bfilippyevk6@altervista.org',
    gender: 'Male',
    ip_address: '196.114.83.219'
  }
]
undefined
undefined
undefined
undefined
undefined
undefined
[
  {
    id: 728,
    first_name: 'Shannon',
    last_name: 'Filipponi',
    email: 'sfilipponik7@livejournal.com',
    gender: 'Male',
    ip_address: '33.60.179.91'
  }
]
undefined
undefined
undefined
undefined
undefined
undefined
[
  {
    id: 729,
    first_name: 'Olivia',
    last_name: 'Densumbe',
    email: 'odensumbek8@booking.com',
    gender: 'Male',
    ip_address: '96.189.37.18'
  }
]
undefined
undefined
undefined
undefined
undefined
undefined
[
  {
    id: 730,
    first_name: 'Shari',
    last_name: 'Gillford',
    email: 'sgillfordk9@disqus.com',
    gender: 'Female',
    ip_address: '223.118.236.210'
  }
]
undefined
undefined
undefined
undefined
undefined
undefined
[
  {
    id: 731,
    first_name: 'Tim',
    last_name: 'Smidmor',
    email: 'tsmidmorka@symantec.com',
    gender: 'Female',
    ip_address: '109.91.16.146'
  }
]
undefined
undefined
undefined
undefined
undefined
undefined
[
  {
    id: 732,
    first_name: 'Kelly',
    last_name: 'Jeandot',
    email: 'kjeandotkb@sciencedaily.com',
    gender: 'Female',
    ip_address: '173.204.108.136'
  }
]
undefined
undefined
undefined
undefined
undefined
undefined
[
  {
    id: 733,
    first_name: 'Miguelita',
    last_name: 'Bailey',
    email: 'mbaileykc@earthlink.net',
    gender: 'Male',
    ip_address: '67.105.63.51'
  }
]
undefined
undefined
undefined
undefined
undefined
undefined
[
  {
    id: 734,
    first_name: 'Morten',
    last_name: 'Beckinsale',
    email: 'mbeckinsalekd@desdev.cn',
    gender: 'Non-binary',
    ip_address: '11.98.236.0'
  }
]
undefined
undefined
undefined
undefined
undefined
undefined
[
  {
    id: 735,
    first_name: 'Rozina',
    last_name: 'Lefley',
    email: 'rlefleyke@arizona.edu',
    gender: 'Female',
    ip_address: '213.242.153.107'
  }
]
undefined
undefined
undefined
undefined
undefined
undefined
[
  {
    id: 736,
    first_name: 'Bowie',
    last_name: 'Laven',
    email: 'blavenkf@miitbeian.gov.cn',
    gender: 'Male',
    ip_address: '197.80.187.185'
  }
]
undefined
undefined
undefined
undefined
undefined
undefined
[
  {
    id: 737,
    first_name: 'Sharona',
    last_name: 'Leyes',
    email: 'sleyeskg@springer.com',
    gender: 'Male',
    ip_address: '123.82.225.141'
  }
]
undefined
undefined
undefined
undefined
undefined
undefined
[
  {
    id: 738,
    first_name: 'Kat',
    last_name: 'Ilyas',
    email: 'kilyaskh@exblog.jp',
    gender: 'Male',
    ip_address: '230.43.84.101'
  }
]
undefined
undefined
undefined
undefined
undefined
undefined
[
  {
    id: 739,
    first_name: 'Jenn',
    last_name: 'Charrette',
    email: 'jcharretteki@epa.gov',
    gender: 'Female',
    ip_address: '129.88.190.250'
  }
]
undefined
undefined
undefined
undefined
undefined
undefined
[
  {
    id: 740,
    first_name: 'Elke',
    last_name: 'Preedy',
    email: 'epreedykj@goo.ne.jp',
    gender: 'Female',
    ip_address: '248.168.245.45'
  }
]
undefined
undefined
undefined
undefined
undefined
undefined
[
  {
    id: 741,
    first_name: 'Osbert',
    last_name: 'Gallymore',
    email: 'ogallymorekk@barnesandnoble.com',
    gender: 'Female',
    ip_address: '94.46.49.31'
  }
]
undefined
undefined
undefined
undefined
undefined
undefined
[
  {
    id: 742,
    first_name: 'Finn',
    last_name: 'Hindenberger',
    email: 'fhindenbergerkl@ameblo.jp',
    gender: 'Male',
    ip_address: '125.186.72.106'
  }
]
undefined
undefined
undefined
undefined
undefined
undefined
[
  {
    id: 743,
    first_name: 'Rodney',
    last_name: 'Dowglass',
    email: 'rdowglasskm@admin.ch',
    gender: 'Female',
    ip_address: '110.217.49.14'
  }
]
undefined
undefined
undefined
undefined
undefined
undefined
[
  {
    id: 744,
    first_name: 'Sigrid',
    last_name: 'Giorgi',
    email: 'sgiorgikn@cafepress.com',
    gender: 'Female',
    ip_address: '98.133.59.85'
  }
]
undefined
undefined
undefined
undefined
undefined
undefined
[
  {
    id: 745,
    first_name: 'Natassia',
    last_name: 'Muckersie',
    email: 'nmuckersieko@yelp.com',
    gender: 'Female',
    ip_address: '73.28.116.196'
  }
]
undefined
undefined
undefined
undefined
undefined
undefined
[
  {
    id: 746,
    first_name: 'Jordon',
    last_name: 'Saurin',
    email: 'jsaurinkp@flickr.com',
    gender: 'Female',
    ip_address: '242.11.106.34'
  }
]
undefined
undefined
undefined
undefined
undefined
undefined
[
  {
    id: 747,
    first_name: 'Franchot',
    last_name: 'Willshee',
    email: 'fwillsheekq@yahoo.co.jp',
    gender: 'Female',
    ip_address: '107.80.8.11'
  }
]
undefined
undefined
undefined
undefined
undefined
undefined
[
  {
    id: 748,
    first_name: 'Ronald',
    last_name: 'Beeck',
    email: 'rbeeckkr@latimes.com',
    gender: 'Male',
    ip_address: '177.47.200.118'
  }
]
undefined
undefined
undefined
undefined
undefined
undefined
[
  {
    id: 749,
    first_name: 'Leisha',
    last_name: 'Dillintone',
    email: 'ldillintoneks@loc.gov',
    gender: 'Male',
    ip_address: '37.173.46.128'
  }
]
undefined
undefined
undefined
undefined
undefined
undefined
[
  {
    id: 750,
    first_name: 'Lev',
    last_name: 'Dickerline',
    email: 'ldickerlinekt@edublogs.org',
    gender: 'Female',
    ip_address: '45.207.26.113'
  }
]
undefined
undefined
undefined
undefined
undefined
undefined
[
  {
    id: 751,
    first_name: 'Alfonse',
    last_name: 'Ackrill',
    email: 'aackrillku@cornell.edu',
    gender: 'Male',
    ip_address: '35.190.204.66'
  }
]
undefined
undefined
undefined
undefined
undefined
undefined
[
  {
    id: 752,
    first_name: 'Winne',
    last_name: 'Choat',
    email: 'wchoatkv@1und1.de',
    gender: 'Female',
    ip_address: '37.127.65.4'
  }
]
undefined
undefined
undefined
undefined
undefined
undefined
[
  {
    id: 753,
    first_name: 'Micheline',
    last_name: 'Longshaw',
    email: 'mlongshawkw@topsy.com',
    gender: 'Male',
    ip_address: '251.62.167.126'
  }
]
undefined
undefined
undefined
undefined
undefined
undefined
[
  {
    id: 754,
    first_name: 'Wilhelm',
    last_name: 'Bosward',
    email: 'wboswardkx@soup.io',
    gender: 'Male',
    ip_address: '254.89.226.7'
  }
]
undefined
undefined
undefined
undefined
undefined
undefined
[
  {
    id: 755,
    first_name: 'Edy',
    last_name: 'Gellert',
    email: 'egellertky@vk.com',
    gender: 'Genderqueer',
    ip_address: '35.1.144.118'
  }
]
undefined
undefined
undefined
undefined
undefined
undefined
[
  {
    id: 756,
    first_name: 'Dominga',
    last_name: 'Constantine',
    email: 'dconstantinekz@cocolog-nifty.com',
    gender: 'Polygender',
    ip_address: '173.85.14.246'
  }
]
undefined
undefined
undefined
undefined
undefined
undefined
[
  {
    id: 757,
    first_name: 'Farand',
    last_name: 'Vasilov',
    email: 'fvasilovl0@abc.net.au',
    gender: 'Male',
    ip_address: '163.76.0.205'
  }
]
undefined
undefined
undefined
undefined
undefined
undefined
[
  {
    id: 758,
    first_name: 'Yolanda',
    last_name: 'Chellam',
    email: 'ychellaml1@columbia.edu',
    gender: 'Male',
    ip_address: '225.198.200.129'
  }
]
undefined
undefined
undefined
undefined
undefined
undefined
[
  {
    id: 759,
    first_name: 'Kiley',
    last_name: 'Bellay',
    email: 'kbellayl2@hexun.com',
    gender: 'Female',
    ip_address: '177.220.145.45'
  }
]
undefined
undefined
undefined
undefined
undefined
undefined
[
  {
    id: 760,
    first_name: 'Stephani',
    last_name: 'Birchenough',
    email: 'sbirchenoughl3@bravesites.com',
    gender: 'Male',
    ip_address: '109.210.250.52'
  }
]
undefined
undefined
undefined
undefined
undefined
undefined
[
  {
    id: 761,
    first_name: 'Laure',
    last_name: 'Catling',
    email: 'lcatlingl4@wunderground.com',
    gender: 'Female',
    ip_address: '206.159.9.179'
  }
]
undefined
undefined
undefined
undefined
undefined
undefined
[
  {
    id: 762,
    first_name: 'Elaine',
    last_name: 'Mickleborough',
    email: 'emickleboroughl5@vk.com',
    gender: 'Female',
    ip_address: '84.88.116.113'
  }
]
undefined
undefined
undefined
undefined
undefined
undefined
[
  {
    id: 763,
    first_name: 'Doralyn',
    last_name: 'Marflitt',
    email: 'dmarflittl6@prlog.org',
    gender: 'Male',
    ip_address: '105.2.194.178'
  }
]
undefined
undefined
undefined
undefined
undefined
undefined
[
  {
    id: 764,
    first_name: 'Tomkin',
    last_name: 'Heynel',
    email: 'theynell7@studiopress.com',
    gender: 'Male',
    ip_address: '101.225.51.226'
  }
]
undefined
undefined
undefined
undefined
undefined
undefined
[
  {
    id: 765,
    first_name: 'Corie',
    last_name: 'Dmitrienko',
    email: 'cdmitrienkol8@sogou.com',
    gender: 'Polygender',
    ip_address: '57.100.170.17'
  }
]
undefined
undefined
undefined
undefined
undefined
undefined
[
  {
    id: 766,
    first_name: 'Ronny',
    last_name: 'Florentine',
    email: 'rflorentinel9@addthis.com',
    gender: 'Female',
    ip_address: '245.110.26.214'
  }
]
undefined
undefined
undefined
undefined
undefined
undefined
[
  {
    id: 767,
    first_name: 'Rodger',
    last_name: 'Grundle',
    email: 'rgrundlela@google.co.jp',
    gender: 'Female',
    ip_address: '188.68.145.199'
  }
]
undefined
undefined
undefined
undefined
undefined
undefined
[
  {
    id: 768,
    first_name: 'Pascale',
    last_name: 'Bartlet',
    email: 'pbartletlb@people.com.cn',
    gender: 'Male',
    ip_address: '80.83.21.12'
  }
]
undefined
undefined
undefined
undefined
undefined
undefined
[
  {
    id: 769,
    first_name: 'Ronica',
    last_name: 'Monkeman',
    email: 'rmonkemanlc@cdbaby.com',
    gender: 'Male',
    ip_address: '248.19.58.70'
  }
]
undefined
undefined
undefined
undefined
undefined
undefined
[
  {
    id: 770,
    first_name: 'Mara',
    last_name: 'Crimmins',
    email: 'mcrimminsld@com.com',
    gender: 'Male',
    ip_address: '254.126.39.160'
  }
]
undefined
undefined
undefined
undefined
undefined
undefined
[
  {
    id: 771,
    first_name: 'Myrvyn',
    last_name: 'Rubberts',
    email: 'mrubbertsle@state.tx.us',
    gender: 'Female',
    ip_address: '251.235.19.196'
  }
]
undefined
undefined
undefined
undefined
undefined
undefined
[
  {
    id: 772,
    first_name: 'Doy',
    last_name: 'Cantera',
    email: 'dcanteralf@examiner.com',
    gender: 'Female',
    ip_address: '217.54.119.239'
  }
]
undefined
undefined
undefined
undefined
undefined
undefined
[
  {
    id: 773,
    first_name: 'Laurene',
    last_name: 'Aleksandrov',
    email: 'laleksandrovlg@examiner.com',
    gender: 'Male',
    ip_address: '41.111.194.195'
  }
]
undefined
undefined
undefined
undefined
undefined
undefined
[
  {
    id: 774,
    first_name: 'Nonna',
    last_name: 'Donaghie',
    email: 'ndonaghielh@hhs.gov',
    gender: 'Male',
    ip_address: '10.71.226.176'
  }
]
undefined
undefined
undefined
undefined
undefined
undefined
[
  {
    id: 775,
    first_name: 'Yulma',
    last_name: 'Bernetti',
    email: 'ybernettili@hibu.com',
    gender: 'Female',
    ip_address: '142.171.192.126'
  }
]
undefined
undefined
undefined
undefined
undefined
undefined
[
  {
    id: 776,
    first_name: 'Allard',
    last_name: 'Tysall',
    email: 'atysalllj@pagesperso-orange.fr',
    gender: 'Female',
    ip_address: '180.200.35.245'
  }
]
undefined
undefined
undefined
undefined
undefined
undefined
[
  {
    id: 777,
    first_name: 'Ker',
    last_name: 'Samworth',
    email: 'ksamworthlk@google.com.br',
    gender: 'Female',
    ip_address: '168.165.122.41'
  }
]
undefined
undefined
undefined
undefined
undefined
undefined
[
  {
    id: 778,
    first_name: 'Ave',
    last_name: 'Cushworth',
    email: 'acushworthll@ucsd.edu',
    gender: 'Male',
    ip_address: '221.118.51.241'
  }
]
undefined
undefined
undefined
undefined
undefined
undefined
[
  {
    id: 779,
    first_name: 'Ernaline',
    last_name: 'Bartlett',
    email: 'ebartlettlm@over-blog.com',
    gender: 'Female',
    ip_address: '171.203.209.5'
  }
]
undefined
undefined
undefined
undefined
undefined
undefined
[
  {
    id: 780,
    first_name: 'Mildred',
    last_name: 'Malling',
    email: 'mmallingln@google.com.hk',
    gender: 'Genderfluid',
    ip_address: '221.250.230.104'
  }
]
undefined
undefined
undefined
undefined
undefined
undefined
[
  {
    id: 781,
    first_name: 'Bendite',
    last_name: 'Butting',
    email: 'bbuttinglo@fda.gov',
    gender: 'Female',
    ip_address: '178.189.171.13'
  }
]
undefined
undefined
undefined
undefined
undefined
undefined
[
  {
    id: 782,
    first_name: 'Idette',
    last_name: 'Plumridge',
    email: 'iplumridgelp@biblegateway.com',
    gender: 'Male',
    ip_address: '219.154.82.149'
  }
]
undefined
undefined
undefined
undefined
undefined
undefined
[
  {
    id: 783,
    first_name: 'Korry',
    last_name: 'Dight',
    email: 'kdightlq@yahoo.com',
    gender: 'Male',
    ip_address: '154.107.24.223'
  }
]
undefined
undefined
undefined
undefined
undefined
undefined
[
  {
    id: 784,
    first_name: 'Ferdinande',
    last_name: 'Dillaway',
    email: 'fdillawaylr@biblegateway.com',
    gender: 'Male',
    ip_address: '239.83.108.132'
  }
]
undefined
undefined
undefined
undefined
undefined
undefined
[
  {
    id: 785,
    first_name: 'Bren',
    last_name: 'Trump',
    email: 'btrumpls@etsy.com',
    gender: 'Female',
    ip_address: '26.86.205.52'
  }
]
undefined
undefined
undefined
undefined
undefined
undefined
[
  {
    id: 786,
    first_name: 'Cindee',
    last_name: 'Hazelden',
    email: 'chazeldenlt@vistaprint.com',
    gender: 'Male',
    ip_address: '221.37.91.59'
  }
]
undefined
undefined
undefined
undefined
undefined
undefined
[
  {
    id: 787,
    first_name: 'Hallsy',
    last_name: 'Burgwin',
    email: 'hburgwinlu@altervista.org',
    gender: 'Male',
    ip_address: '16.179.28.147'
  }
]
undefined
undefined
undefined
undefined
undefined
undefined
[
  {
    id: 788,
    first_name: 'Ashely',
    last_name: 'Kelly',
    email: 'akellylv@blogger.com',
    gender: 'Agender',
    ip_address: '25.4.39.174'
  }
]
undefined
undefined
undefined
undefined
undefined
undefined
[
  {
    id: 789,
    first_name: 'Gypsy',
    last_name: 'Zealy',
    email: 'gzealylw@mapy.cz',
    gender: 'Female',
    ip_address: '130.45.81.205'
  }
]
undefined
undefined
undefined
undefined
undefined
undefined
[
  {
    id: 790,
    first_name: 'Selby',
    last_name: 'Jerke',
    email: 'sjerkelx@admin.ch',
    gender: 'Female',
    ip_address: '201.173.67.129'
  }
]
undefined
undefined
undefined
undefined
undefined
undefined
[
  {
    id: 791,
    first_name: 'Debora',
    last_name: 'Glitherow',
    email: 'dglitherowly@mysql.com',
    gender: 'Male',
    ip_address: '84.170.132.250'
  }
]
undefined
undefined
undefined
undefined
undefined
undefined
[
  {
    id: 792,
    first_name: 'Eduard',
    last_name: 'Kneebone',
    email: 'ekneebonelz@apple.com',
    gender: 'Male',
    ip_address: '197.39.87.49'
  }
]
undefined
undefined
undefined
undefined
undefined
undefined
[
  {
    id: 793,
    first_name: 'Ozzie',
    last_name: 'Breewood',
    email: 'obreewoodm0@jigsy.com',
    gender: 'Male',
    ip_address: '29.80.151.30'
  }
]
undefined
undefined
undefined
undefined
undefined
undefined
[
  {
    id: 794,
    first_name: 'Doretta',
    last_name: 'Pagan',
    email: 'dpaganm1@yahoo.com',
    gender: 'Female',
    ip_address: '70.175.25.32'
  }
]
undefined
undefined
undefined
undefined
undefined
undefined
[
  {
    id: 795,
    first_name: 'Noam',
    last_name: 'Aspling',
    email: 'nasplingm2@yahoo.co.jp',
    gender: 'Male',
    ip_address: '32.16.232.84'
  }
]
undefined
undefined
undefined
undefined
undefined
undefined
[
  {
    id: 796,
    first_name: 'Devy',
    last_name: 'Pirrone',
    email: 'dpirronem3@businessweek.com',
    gender: 'Female',
    ip_address: '105.25.221.20'
  }
]
undefined
undefined
undefined
undefined
undefined
undefined
[
  {
    id: 797,
    first_name: 'Corie',
    last_name: 'Braitling',
    email: 'cbraitlingm4@amazon.de',
    gender: 'Female',
    ip_address: '69.175.254.70'
  }
]
undefined
undefined
undefined
undefined
undefined
undefined
[
  {
    id: 798,
    first_name: 'Donnie',
    last_name: 'Bowfin',
    email: 'dbowfinm5@apple.com',
    gender: 'Genderqueer',
    ip_address: '60.146.71.235'
  }
]
undefined
undefined
undefined
undefined
undefined
undefined
[
  {
    id: 799,
    first_name: 'Mark',
    last_name: 'Dicke',
    email: 'mdickem6@nih.gov',
    gender: 'Female',
    ip_address: '14.132.136.2'
  }
]
undefined
undefined
undefined
undefined
undefined
undefined
[
  {
    id: 800,
    first_name: 'Daphne',
    last_name: 'Josipovic',
    email: 'djosipovicm7@themeforest.net',
    gender: 'Female',
    ip_address: '54.17.73.244'
  }
]
undefined
undefined
undefined
undefined
undefined
undefined
[
  {
    id: 801,
    first_name: 'Lew',
    last_name: 'Slot',
    email: 'lslotm8@deviantart.com',
    gender: 'Female',
    ip_address: '200.11.129.133'
  }
]
undefined
undefined
undefined
undefined
undefined
undefined
[
  {
    id: 802,
    first_name: 'Pierre',
    last_name: 'Dibdall',
    email: 'pdibdallm9@berkeley.edu',
    gender: 'Female',
    ip_address: '126.48.250.76'
  }
]
undefined
undefined
undefined
undefined
undefined
undefined
[
  {
    id: 803,
    first_name: 'Jaye',
    last_name: 'Hakonsen',
    email: 'jhakonsenma@java.com',
    gender: 'Male',
    ip_address: '170.176.20.159'
  }
]
undefined
undefined
undefined
undefined
undefined
undefined
[
  {
    id: 804,
    first_name: 'Baudoin',
    last_name: 'Ionesco',
    email: 'bionescomb@mlb.com',
    gender: 'Female',
    ip_address: '5.1.193.115'
  }
]
undefined
undefined
undefined
undefined
undefined
undefined
[
  {
    id: 805,
    first_name: 'Cash',
    last_name: 'Mowbury',
    email: 'cmowburymc@webnode.com',
    gender: 'Female',
    ip_address: '206.248.76.124'
  }
]
undefined
undefined
undefined
undefined
undefined
undefined
[
  {
    id: 806,
    first_name: 'Rees',
    last_name: 'Gouthier',
    email: 'rgouthiermd@rakuten.co.jp',
    gender: 'Female',
    ip_address: '198.113.172.200'
  }
]
undefined
undefined
undefined
undefined
undefined
undefined
[
  {
    id: 807,
    first_name: 'Hendrick',
    last_name: 'Rivelin',
    email: 'hrivelinme@forbes.com',
    gender: 'Male',
    ip_address: '244.212.102.1'
  }
]
undefined
undefined
undefined
undefined
undefined
undefined
[
  {
    id: 808,
    first_name: 'Bird',
    last_name: 'Thirlwell',
    email: 'bthirlwellmf@reddit.com',
    gender: 'Female',
    ip_address: '10.165.15.168'
  }
]
undefined
undefined
undefined
undefined
undefined
undefined
[
  {
    id: 809,
    first_name: 'Harry',
    last_name: 'Gunningham',
    email: 'hgunninghammg@naver.com',
    gender: 'Female',
    ip_address: '118.7.129.36'
  }
]
undefined
undefined
undefined
undefined
undefined
undefined
[
  {
    id: 810,
    first_name: 'Roman',
    last_name: 'Bewley',
    email: 'rbewleymh@tripod.com',
    gender: 'Male',
    ip_address: '145.136.176.229'
  }
]
undefined
undefined
undefined
undefined
undefined
undefined
[
  {
    id: 811,
    first_name: 'Britte',
    last_name: 'Garza',
    email: 'bgarzami@purevolume.com',
    gender: 'Female',
    ip_address: '116.3.158.153'
  }
]
undefined
undefined
undefined
undefined
undefined
undefined
[
  {
    id: 812,
    first_name: 'Penelope',
    last_name: 'Symcoxe',
    email: 'psymcoxemj@nhs.uk',
    gender: 'Female',
    ip_address: '242.31.155.4'
  }
]
undefined
undefined
undefined
undefined
undefined
undefined
[
  {
    id: 813,
    first_name: 'Chaddie',
    last_name: 'Bollin',
    email: 'cbollinmk@fema.gov',
    gender: 'Female',
    ip_address: '233.195.121.92'
  }
]
undefined
undefined
undefined
undefined
undefined
undefined
[
  {
    id: 814,
    first_name: 'Kalindi',
    last_name: 'Colcutt',
    email: 'kcolcuttml@studiopress.com',
    gender: 'Female',
    ip_address: '52.138.62.63'
  }
]
undefined
undefined
undefined
undefined
undefined
undefined
[
  {
    id: 815,
    first_name: 'Julianne',
    last_name: 'Milleton',
    email: 'jmilletonmm@craigslist.org',
    gender: 'Male',
    ip_address: '132.104.97.148'
  }
]
undefined
undefined
undefined
undefined
undefined
undefined
[
  {
    id: 816,
    first_name: 'Binnie',
    last_name: 'Riddick',
    email: 'briddickmn@wired.com',
    gender: 'Male',
    ip_address: '161.111.157.255'
  }
]
undefined
undefined
undefined
undefined
undefined
undefined
[
  {
    id: 817,
    first_name: 'Alis',
    last_name: 'Madrell',
    email: 'amadrellmo@sciencedaily.com',
    gender: 'Male',
    ip_address: '101.94.105.41'
  }
]
undefined
undefined
undefined
undefined
undefined
undefined
[
  {
    id: 818,
    first_name: 'Alexandrina',
    last_name: "O'Concannon",
    email: 'aoconcannonmp@purevolume.com',
    gender: 'Male',
    ip_address: '0.243.251.23'
  }
]
undefined
undefined
undefined
undefined
undefined
undefined
[
  {
    id: 819,
    first_name: 'Tris',
    last_name: 'Bawdon',
    email: 'tbawdonmq@washington.edu',
    gender: 'Female',
    ip_address: '81.162.167.137'
  }
]
undefined
undefined
undefined
undefined
undefined
undefined
[
  {
    id: 820,
    first_name: 'Ugo',
    last_name: 'Hellin',
    email: 'uhellinmr@oaic.gov.au',
    gender: 'Female',
    ip_address: '46.102.111.6'
  }
]
undefined
undefined
undefined
undefined
undefined
undefined
[
  {
    id: 821,
    first_name: 'Thomasa',
    last_name: 'Adamczewski',
    email: 'tadamczewskims@who.int',
    gender: 'Male',
    ip_address: '116.187.24.224'
  }
]
undefined
undefined
undefined
undefined
undefined
undefined
[
  {
    id: 822,
    first_name: 'Brena',
    last_name: 'Barber',
    email: 'bbarbermt@statcounter.com',
    gender: 'Female',
    ip_address: '0.157.223.16'
  }
]
undefined
undefined
undefined
undefined
undefined
undefined
[
  {
    id: 823,
    first_name: 'Vaughn',
    last_name: 'Tregonna',
    email: 'vtregonnamu@timesonline.co.uk',
    gender: 'Male',
    ip_address: '54.219.66.244'
  }
]
undefined
undefined
undefined
undefined
undefined
undefined
[
  {
    id: 824,
    first_name: 'Brunhilda',
    last_name: 'Bonavia',
    email: 'bbonaviamv@storify.com',
    gender: 'Female',
    ip_address: '47.253.125.33'
  }
]
undefined
undefined
undefined
undefined
undefined
undefined
[
  {
    id: 825,
    first_name: 'Giffard',
    last_name: 'Pointin',
    email: 'gpointinmw@chronoengine.com',
    gender: 'Female',
    ip_address: '69.221.249.159'
  }
]
undefined
undefined
undefined
undefined
undefined
undefined
[
  {
    id: 826,
    first_name: 'Rosaleen',
    last_name: 'Saker',
    email: 'rsakermx@liveinternet.ru',
    gender: 'Male',
    ip_address: '220.183.97.160'
  }
]
undefined
undefined
undefined
undefined
undefined
undefined
[
  {
    id: 827,
    first_name: 'Grier',
    last_name: 'Dumbell',
    email: 'gdumbellmy@ow.ly',
    gender: 'Male',
    ip_address: '186.240.237.105'
  }
]
undefined
undefined
undefined
undefined
undefined
undefined
[
  {
    id: 828,
    first_name: 'Florentia',
    last_name: 'Allmark',
    email: 'fallmarkmz@princeton.edu',
    gender: 'Female',
    ip_address: '154.155.84.15'
  }
]
undefined
undefined
undefined
undefined
undefined
undefined
[
  {
    id: 829,
    first_name: 'Thalia',
    last_name: 'Greenside',
    email: 'tgreensiden0@devhub.com',
    gender: 'Male',
    ip_address: '114.0.107.9'
  }
]
undefined
undefined
undefined
undefined
undefined
undefined
[
  {
    id: 830,
    first_name: 'Giovanna',
    last_name: 'Boothman',
    email: 'gboothmann1@google.nl',
    gender: 'Male',
    ip_address: '59.249.62.145'
  }
]
undefined
undefined
undefined
undefined
undefined
undefined
[
  {
    id: 831,
    first_name: 'Nikki',
    last_name: 'Nosworthy',
    email: 'nnosworthyn2@cornell.edu',
    gender: 'Male',
    ip_address: '35.134.92.54'
  }
]
undefined
undefined
undefined
undefined
undefined
undefined
[
  {
    id: 832,
    first_name: 'Agosto',
    last_name: 'Gandey',
    email: 'agandeyn3@discuz.net',
    gender: 'Male',
    ip_address: '47.151.243.222'
  }
]
undefined
undefined
undefined
undefined
undefined
undefined
[
  {
    id: 833,
    first_name: 'Odie',
    last_name: 'Fewlass',
    email: 'ofewlassn4@istockphoto.com',
    gender: 'Male',
    ip_address: '35.233.227.162'
  }
]
undefined
undefined
undefined
undefined
undefined
undefined
[
  {
    id: 834,
    first_name: 'Mace',
    last_name: 'Brigshaw',
    email: 'mbrigshawn5@t.co',
    gender: 'Male',
    ip_address: '139.129.152.114'
  }
]
undefined
undefined
undefined
undefined
undefined
undefined
[
  {
    id: 835,
    first_name: 'Cly',
    last_name: 'Lurner',
    email: 'clurnern6@home.pl',
    gender: 'Female',
    ip_address: '240.140.221.103'
  }
]
undefined
undefined
undefined
undefined
undefined
undefined
[
  {
    id: 836,
    first_name: 'Elmo',
    last_name: 'Towson',
    email: 'etowsonn7@clickbank.net',
    gender: 'Female',
    ip_address: '251.139.25.200'
  }
]
undefined
undefined
undefined
undefined
undefined
undefined
[
  {
    id: 837,
    first_name: 'Marielle',
    last_name: 'Trulocke',
    email: 'mtrulocken8@apache.org',
    gender: 'Female',
    ip_address: '2.123.148.188'
  }
]
undefined
undefined
undefined
undefined
undefined
undefined
[
  {
    id: 838,
    first_name: 'Quincy',
    last_name: 'Carverhill',
    email: 'qcarverhilln9@unc.edu',
    gender: 'Female',
    ip_address: '176.113.157.121'
  }
]
undefined
undefined
undefined
undefined
undefined
undefined
[
  {
    id: 839,
    first_name: 'Benedikta',
    last_name: 'Broxholme',
    email: 'bbroxholmena@webmd.com',
    gender: 'Female',
    ip_address: '205.52.30.100'
  }
]
undefined
undefined
undefined
undefined
undefined
undefined
[
  {
    id: 840,
    first_name: 'Barrie',
    last_name: 'Callington',
    email: 'bcallingtonnb@blinklist.com',
    gender: 'Male',
    ip_address: '54.154.18.49'
  }
]
undefined
undefined
undefined
undefined
undefined
undefined
[
  {
    id: 841,
    first_name: 'Filia',
    last_name: 'Corker',
    email: 'fcorkernc@multiply.com',
    gender: 'Female',
    ip_address: '20.235.224.117'
  }
]
undefined
undefined
undefined
undefined
undefined
undefined
[
  {
    id: 842,
    first_name: 'Craggy',
    last_name: 'Keyes',
    email: 'ckeyesnd@cdc.gov',
    gender: 'Polygender',
    ip_address: '215.45.211.168'
  }
]
undefined
undefined
undefined
undefined
undefined
undefined
[
  {
    id: 843,
    first_name: 'Farrand',
    last_name: 'Gidley',
    email: 'fgidleyne@histats.com',
    gender: 'Female',
    ip_address: '228.247.34.45'
  }
]
undefined
undefined
undefined
undefined
undefined
undefined
[
  {
    id: 844,
    first_name: 'Massimiliano',
    last_name: 'Hemshall',
    email: 'mhemshallnf@usatoday.com',
    gender: 'Female',
    ip_address: '41.139.166.207'
  }
]
undefined
undefined
undefined
undefined
undefined
undefined
[
  {
    id: 845,
    first_name: 'Alta',
    last_name: 'Grimmett',
    email: 'agrimmettng@shutterfly.com',
    gender: 'Female',
    ip_address: '24.242.254.8'
  }
]
undefined
undefined
undefined
undefined
undefined
undefined
[
  {
    id: 846,
    first_name: 'Genovera',
    last_name: 'Marcroft',
    email: 'gmarcroftnh@mysql.com',
    gender: 'Male',
    ip_address: '214.106.180.202'
  }
]
undefined
undefined
undefined
undefined
undefined
undefined
[
  {
    id: 847,
    first_name: 'Raye',
    last_name: 'McCaghan',
    email: 'rmccaghanni@cbc.ca',
    gender: 'Male',
    ip_address: '139.132.224.53'
  }
]
undefined
undefined
undefined
undefined
undefined
undefined
[
  {
    id: 848,
    first_name: 'Delcine',
    last_name: 'Chidley',
    email: 'dchidleynj@microsoft.com',
    gender: 'Male',
    ip_address: '250.108.108.145'
  }
]
undefined
undefined
undefined
undefined
undefined
undefined
[
  {
    id: 849,
    first_name: 'Margarette',
    last_name: 'Osgardby',
    email: 'mosgardbynk@npr.org',
    gender: 'Male',
    ip_address: '1.88.49.178'
  }
]
undefined
undefined
undefined
undefined
undefined
undefined
[
  {
    id: 850,
    first_name: 'Jessamyn',
    last_name: 'Drake',
    email: 'jdrakenl@yolasite.com',
    gender: 'Female',
    ip_address: '17.191.201.213'
  }
]
undefined
undefined
undefined
undefined
undefined
undefined
[
  {
    id: 851,
    first_name: 'Candra',
    last_name: 'Hamsher',
    email: 'chamshernm@japanpost.jp',
    gender: 'Bigender',
    ip_address: '44.135.235.66'
  }
]
undefined
undefined
undefined
undefined
undefined
undefined
[
  {
    id: 852,
    first_name: 'Lamond',
    last_name: 'De Carlo',
    email: 'ldecarlonn@alexa.com',
    gender: 'Female',
    ip_address: '254.146.8.148'
  }
]
undefined
undefined
undefined
undefined
undefined
undefined
[
  {
    id: 853,
    first_name: 'Zea',
    last_name: 'Mobbs',
    email: 'zmobbsno@infoseek.co.jp',
    gender: 'Bigender',
    ip_address: '137.96.95.120'
  }
]
undefined
undefined
undefined
undefined
undefined
undefined
[
  {
    id: 854,
    first_name: 'Avie',
    last_name: 'Rivlin',
    email: 'arivlinnp@ow.ly',
    gender: 'Male',
    ip_address: '32.174.153.236'
  }
]
undefined
undefined
undefined
undefined
undefined
undefined
[
  {
    id: 855,
    first_name: 'Cristal',
    last_name: 'Studholme',
    email: 'cstudholmenq@eventbrite.com',
    gender: 'Male',
    ip_address: '244.8.218.180'
  }
]
undefined
undefined
undefined
undefined
undefined
undefined
[
  {
    id: 856,
    first_name: 'Hyacinth',
    last_name: 'Gurko',
    email: 'hgurkonr@intel.com',
    gender: 'Female',
    ip_address: '137.112.196.119'
  }
]
undefined
undefined
undefined
undefined
undefined
undefined
[
  {
    id: 857,
    first_name: 'Aubrey',
    last_name: 'Balmadier',
    email: 'abalmadierns@tamu.edu',
    gender: 'Female',
    ip_address: '134.107.55.220'
  }
]
undefined
undefined
undefined
undefined
undefined
undefined
[
  {
    id: 858,
    first_name: 'Beret',
    last_name: "O'Canavan",
    email: 'bocanavannt@nifty.com',
    gender: 'Polygender',
    ip_address: '28.24.218.27'
  }
]
undefined
undefined
undefined
undefined
undefined
undefined
[
  {
    id: 859,
    first_name: 'Viviene',
    last_name: 'Carlisi',
    email: 'vcarlisinu@i2i.jp',
    gender: 'Male',
    ip_address: '154.46.203.123'
  }
]
undefined
undefined
undefined
undefined
undefined
undefined
[
  {
    id: 860,
    first_name: 'Joaquin',
    last_name: 'Ubee',
    email: 'jubeenv@yale.edu',
    gender: 'Male',
    ip_address: '68.200.231.108'
  }
]
undefined
undefined
undefined
undefined
undefined
undefined
[
  {
    id: 861,
    first_name: 'Ines',
    last_name: 'Lay',
    email: 'ilaynw@scientificamerican.com',
    gender: 'Male',
    ip_address: '88.138.22.82'
  }
]
undefined
undefined
undefined
undefined
undefined
undefined
[
  {
    id: 862,
    first_name: 'Oona',
    last_name: 'Trevena',
    email: 'otrevenanx@privacy.gov.au',
    gender: 'Male',
    ip_address: '189.212.143.142'
  }
]
undefined
undefined
undefined
undefined
undefined
undefined
[
  {
    id: 863,
    first_name: 'Liana',
    last_name: 'Weagener',
    email: 'lweagenerny@delicious.com',
    gender: 'Male',
    ip_address: '196.129.91.100'
  }
]
undefined
undefined
undefined
undefined
undefined
undefined
[
  {
    id: 864,
    first_name: 'Salim',
    last_name: 'Lassetter',
    email: 'slassetternz@weebly.com',
    gender: 'Male',
    ip_address: '86.196.92.146'
  }
]
undefined
undefined
undefined
undefined
undefined
undefined
[
  {
    id: 865,
    first_name: 'Kendell',
    last_name: 'Vowells',
    email: 'kvowellso0@dell.com',
    gender: 'Male',
    ip_address: '241.99.103.8'
  }
]
undefined
undefined
undefined
undefined
undefined
undefined
[
  {
    id: 866,
    first_name: 'Arlyne',
    last_name: 'Clayden',
    email: 'aclaydeno1@homestead.com',
    gender: 'Polygender',
    ip_address: '115.16.224.198'
  }
]
undefined
undefined
undefined
undefined
undefined
undefined
[
  {
    id: 867,
    first_name: 'Whitney',
    last_name: 'Siaskowski',
    email: 'wsiaskowskio2@timesonline.co.uk',
    gender: 'Male',
    ip_address: '163.20.214.178'
  }
]
undefined
undefined
undefined
undefined
undefined
undefined
[
  {
    id: 868,
    first_name: 'Biddie',
    last_name: 'Sarle',
    email: 'bsarleo3@apache.org',
    gender: 'Male',
    ip_address: '64.92.196.96'
  }
]
undefined
undefined
undefined
undefined
undefined
undefined
[
  {
    id: 869,
    first_name: 'Joly',
    last_name: 'Lampen',
    email: 'jlampeno4@addtoany.com',
    gender: 'Male',
    ip_address: '211.154.12.188'
  }
]
undefined
undefined
undefined
undefined
undefined
undefined
[
  {
    id: 870,
    first_name: 'Noami',
    last_name: 'Goodoune',
    email: 'ngoodouneo5@salon.com',
    gender: 'Male',
    ip_address: '88.209.96.222'
  }
]
undefined
undefined
undefined
undefined
undefined
undefined
[
  {
    id: 871,
    first_name: 'Kennedy',
    last_name: 'Gregoraci',
    email: 'kgregoracio6@theguardian.com',
    gender: 'Male',
    ip_address: '84.154.73.68'
  }
]
undefined
undefined
undefined
undefined
undefined
undefined
[
  {
    id: 872,
    first_name: 'Roderic',
    last_name: 'Longbothom',
    email: 'rlongbothomo7@wordpress.org',
    gender: 'Male',
    ip_address: '53.143.230.229'
  }
]
undefined
undefined
undefined
undefined
undefined
undefined
[
  {
    id: 873,
    first_name: 'Cornelius',
    last_name: 'Band',
    email: 'cbando8@msu.edu',
    gender: 'Male',
    ip_address: '81.210.197.22'
  }
]
undefined
undefined
undefined
undefined
undefined
undefined
[
  {
    id: 874,
    first_name: 'Birgit',
    last_name: 'Blake',
    email: 'bblakeo9@desdev.cn',
    gender: 'Male',
    ip_address: '139.251.84.74'
  }
]
undefined
undefined
undefined
undefined
undefined
undefined
[
  {
    id: 875,
    first_name: 'Berte',
    last_name: 'Dormer',
    email: 'bdormeroa@wordpress.org',
    gender: 'Male',
    ip_address: '253.202.129.24'
  }
]
undefined
undefined
undefined
undefined
undefined
undefined
[
  {
    id: 876,
    first_name: 'Carey',
    last_name: 'Husk',
    email: 'chuskob@last.fm',
    gender: 'Male',
    ip_address: '148.78.107.190'
  }
]
undefined
undefined
undefined
undefined
undefined
undefined
[
  {
    id: 877,
    first_name: 'Eleonora',
    last_name: 'Hounsome',
    email: 'ehounsomeoc@about.com',
    gender: 'Male',
    ip_address: '42.232.102.112'
  }
]
undefined
undefined
undefined
undefined
undefined
undefined
[
  {
    id: 878,
    first_name: 'Zack',
    last_name: 'McIlherran',
    email: 'zmcilherranod@paypal.com',
    gender: 'Male',
    ip_address: '208.162.69.209'
  }
]
undefined
undefined
undefined
undefined
undefined
undefined
[
  {
    id: 879,
    first_name: 'Rolph',
    last_name: 'Hendrich',
    email: 'rhendrichoe@hc360.com',
    gender: 'Male',
    ip_address: '14.0.144.220'
  }
]
undefined
undefined
undefined
undefined
undefined
undefined
[
  {
    id: 880,
    first_name: 'Ruthanne',
    last_name: 'Hoyland',
    email: 'rhoylandof@constantcontact.com',
    gender: 'Bigender',
    ip_address: '65.208.44.210'
  }
]
undefined
undefined
undefined
undefined
undefined
undefined
[
  {
    id: 881,
    first_name: 'Chrysa',
    last_name: 'Mylan',
    email: 'cmylanog@odnoklassniki.ru',
    gender: 'Male',
    ip_address: '0.163.145.231'
  }
]
undefined
undefined
undefined
undefined
undefined
undefined
[
  {
    id: 882,
    first_name: 'Darda',
    last_name: 'Brimmicombe',
    email: 'dbrimmicombeoh@quantcast.com',
    gender: 'Female',
    ip_address: '98.142.128.120'
  }
]
undefined
undefined
undefined
undefined
undefined
undefined
[
  {
    id: 883,
    first_name: 'Georgena',
    last_name: 'Zannini',
    email: 'gzanninioi@constantcontact.com',
    gender: 'Female',
    ip_address: '125.60.126.20'
  }
]
undefined
undefined
undefined
undefined
undefined
undefined
[
  {
    id: 884,
    first_name: 'Correy',
    last_name: 'Gwatkin',
    email: 'cgwatkinoj@ifeng.com',
    gender: 'Male',
    ip_address: '251.49.44.241'
  }
]
undefined
undefined
undefined
undefined
undefined
undefined
[
  {
    id: 885,
    first_name: 'Carlin',
    last_name: 'Idenden',
    email: 'cidendenok@ifeng.com',
    gender: 'Female',
    ip_address: '38.140.166.37'
  }
]
undefined
undefined
undefined
undefined
undefined
undefined
[
  {
    id: 886,
    first_name: 'Hirsch',
    last_name: 'McReynolds',
    email: 'hmcreynoldsol@instagram.com',
    gender: 'Female',
    ip_address: '108.41.243.143'
  }
]
undefined
undefined
undefined
undefined
undefined
undefined
[
  {
    id: 887,
    first_name: 'Ettie',
    last_name: 'Golt',
    email: 'egoltom@ebay.com',
    gender: 'Female',
    ip_address: '142.18.121.20'
  }
]
undefined
undefined
undefined
undefined
undefined
undefined
[
  {
    id: 888,
    first_name: 'Hirsch',
    last_name: 'Swaite',
    email: 'hswaiteon@irs.gov',
    gender: 'Female',
    ip_address: '67.174.159.48'
  }
]
undefined
undefined
undefined
undefined
undefined
undefined
[
  {
    id: 889,
    first_name: 'Dorette',
    last_name: 'Setford',
    email: 'dsetfordoo@oaic.gov.au',
    gender: 'Female',
    ip_address: '72.145.206.22'
  }
]
undefined
undefined
undefined
undefined
undefined
undefined
[
  {
    id: 890,
    first_name: 'Bertrand',
    last_name: 'Skillanders',
    email: 'bskillandersop@twitpic.com',
    gender: 'Male',
    ip_address: '207.49.252.196'
  }
]
undefined
undefined
undefined
undefined
undefined
undefined
[
  {
    id: 891,
    first_name: 'Emogene',
    last_name: 'Doidge',
    email: 'edoidgeoq@google.com.br',
    gender: 'Female',
    ip_address: '245.213.108.191'
  }
]
undefined
undefined
undefined
undefined
undefined
undefined
[
  {
    id: 892,
    first_name: 'Sibyl',
    last_name: 'Messam',
    email: 'smessamor@ebay.co.uk',
    gender: 'Bigender',
    ip_address: '43.21.63.132'
  }
]
undefined
undefined
undefined
undefined
undefined
undefined
[
  {
    id: 893,
    first_name: 'Arnaldo',
    last_name: 'Dacks',
    email: 'adacksos@blogger.com',
    gender: 'Female',
    ip_address: '25.64.53.116'
  }
]
undefined
undefined
undefined
undefined
undefined
undefined
[
  {
    id: 894,
    first_name: 'Job',
    last_name: 'Twist',
    email: 'jtwistot@apache.org',
    gender: 'Male',
    ip_address: '155.204.6.57'
  }
]
undefined
undefined
undefined
undefined
undefined
undefined
[
  {
    id: 895,
    first_name: 'Giselbert',
    last_name: 'Fitzmaurice',
    email: 'gfitzmauriceou@deliciousdays.com',
    gender: 'Female',
    ip_address: '4.103.87.202'
  }
]
undefined
undefined
undefined
undefined
undefined
undefined
[
  {
    id: 896,
    first_name: 'Neron',
    last_name: 'Strowthers',
    email: 'nstrowthersov@cnbc.com',
    gender: 'Male',
    ip_address: '133.98.191.93'
  }
]
undefined
undefined
undefined
undefined
undefined
undefined
[
  {
    id: 897,
    first_name: 'Neda',
    last_name: 'Liddington',
    email: 'nliddingtonow@whitehouse.gov',
    gender: 'Female',
    ip_address: '134.183.28.122'
  }
]
undefined
undefined
undefined
undefined
undefined
undefined
[
  {
    id: 898,
    first_name: 'Chelsea',
    last_name: 'Scinelli',
    email: 'cscinelliox@sun.com',
    gender: 'Female',
    ip_address: '20.138.109.148'
  }
]
undefined
undefined
undefined
undefined
undefined
undefined
[
  {
    id: 899,
    first_name: 'Eli',
    last_name: 'Kemston',
    email: 'ekemstonoy@apache.org',
    gender: 'Female',
    ip_address: '0.151.38.105'
  }
]
undefined
undefined
undefined
undefined
undefined
undefined
[
  {
    id: 900,
    first_name: 'Eloise',
    last_name: 'Dignall',
    email: 'edignalloz@economist.com',
    gender: 'Female',
    ip_address: '60.101.190.130'
  }
]
undefined
undefined
undefined
undefined
undefined
undefined
[
  {
    id: 901,
    first_name: 'Violette',
    last_name: 'Baumer',
    email: 'vbaumerp0@shop-pro.jp',
    gender: 'Female',
    ip_address: '185.27.183.16'
  }
]
undefined
undefined
undefined
undefined
undefined
undefined
[
  {
    id: 902,
    first_name: 'Xenia',
    last_name: 'Skeggs',
    email: 'xskeggsp1@cargocollective.com',
    gender: 'Genderqueer',
    ip_address: '44.243.242.107'
  }
]
undefined
undefined
undefined
undefined
undefined
undefined
[
  {
    id: 903,
    first_name: 'Lucy',
    last_name: 'Doxsey',
    email: 'ldoxseyp2@go.com',
    gender: 'Non-binary',
    ip_address: '17.90.121.214'
  }
]
undefined
undefined
undefined
undefined
undefined
undefined
[
  {
    id: 904,
    first_name: 'Ulick',
    last_name: 'Vearncomb',
    email: 'uvearncombp3@goo.ne.jp',
    gender: 'Male',
    ip_address: '18.39.70.69'
  }
]
undefined
undefined
undefined
undefined
undefined
undefined
[
  {
    id: 905,
    first_name: 'Stefa',
    last_name: 'Mellings',
    email: 'smellingsp4@kickstarter.com',
    gender: 'Female',
    ip_address: '9.152.216.244'
  }
]
undefined
undefined
undefined
undefined
undefined
undefined
[
  {
    id: 906,
    first_name: 'Krishna',
    last_name: 'Luckes',
    email: 'kluckesp5@archive.org',
    gender: 'Male',
    ip_address: '83.255.48.191'
  }
]
undefined
undefined
undefined
undefined
undefined
undefined
[
  {
    id: 907,
    first_name: 'Karon',
    last_name: 'Meedendorpe',
    email: 'kmeedendorpep6@blinklist.com',
    gender: 'Male',
    ip_address: '162.16.155.98'
  }
]
undefined
undefined
undefined
undefined
undefined
undefined
[
  {
    id: 908,
    first_name: 'Sergei',
    last_name: 'Wand',
    email: 'swandp7@ovh.net',
    gender: 'Male',
    ip_address: '169.234.149.207'
  }
]
undefined
undefined
undefined
undefined
undefined
undefined
[
  {
    id: 909,
    first_name: 'Dyanna',
    last_name: 'Dumphrey',
    email: 'ddumphreyp8@slideshare.net',
    gender: 'Male',
    ip_address: '93.148.10.161'
  }
]
undefined
undefined
undefined
undefined
undefined
undefined
[
  {
    id: 910,
    first_name: 'Clari',
    last_name: 'Danbye',
    email: 'cdanbyep9@upenn.edu',
    gender: 'Female',
    ip_address: '97.97.161.234'
  }
]
undefined
undefined
undefined
undefined
undefined
undefined
[
  {
    id: 911,
    first_name: 'Catina',
    last_name: 'McCurry',
    email: 'cmccurrypa@harvard.edu',
    gender: 'Male',
    ip_address: '29.60.200.223'
  }
]
undefined
undefined
undefined
undefined
undefined
undefined
[
  {
    id: 912,
    first_name: 'Demetris',
    last_name: 'Rogliero',
    email: 'droglieropb@skype.com',
    gender: 'Male',
    ip_address: '205.238.226.148'
  }
]
undefined
undefined
undefined
undefined
undefined
undefined
[
  {
    id: 913,
    first_name: 'Salvidor',
    last_name: 'Burkill',
    email: 'sburkillpc@squidoo.com',
    gender: 'Female',
    ip_address: '9.22.222.151'
  }
]
undefined
undefined
undefined
undefined
undefined
undefined
[
  {
    id: 914,
    first_name: 'Vallie',
    last_name: 'Bleakman',
    email: 'vbleakmanpd@sun.com',
    gender: 'Female',
    ip_address: '222.14.110.138'
  }
]
undefined
undefined
undefined
undefined
undefined
undefined
[
  {
    id: 915,
    first_name: 'Sylvan',
    last_name: 'Rohloff',
    email: 'srohloffpe@dmoz.org',
    gender: 'Male',
    ip_address: '112.199.22.174'
  }
]
undefined
undefined
undefined
undefined
undefined
undefined
[
  {
    id: 916,
    first_name: 'Janka',
    last_name: 'MacGaughey',
    email: 'jmacgaugheypf@seesaa.net',
    gender: 'Female',
    ip_address: '246.125.162.27'
  }
]
undefined
undefined
undefined
undefined
undefined
undefined
[
  {
    id: 917,
    first_name: 'Eydie',
    last_name: 'Buckthorpe',
    email: 'ebuckthorpepg@yahoo.com',
    gender: 'Male',
    ip_address: '203.65.71.133'
  }
]
undefined
undefined
undefined
undefined
undefined
undefined
[
  {
    id: 918,
    first_name: 'Cyndi',
    last_name: 'Broke',
    email: 'cbrokeph@ted.com',
    gender: 'Male',
    ip_address: '173.1.18.32'
  }
]
undefined
undefined
undefined
undefined
undefined
undefined
[
  {
    id: 919,
    first_name: 'Beryl',
    last_name: 'Ren',
    email: 'brenpi@pbs.org',
    gender: 'Female',
    ip_address: '165.89.155.117'
  }
]
undefined
undefined
undefined
undefined
undefined
undefined
[
  {
    id: 920,
    first_name: 'Jackqueline',
    last_name: 'Nason',
    email: 'jnasonpj@nature.com',
    gender: 'Male',
    ip_address: '40.100.88.7'
  }
]
undefined
undefined
undefined
undefined
undefined
undefined
[
  {
    id: 921,
    first_name: 'Petey',
    last_name: 'Pedri',
    email: 'ppedripk@dot.gov',
    gender: 'Male',
    ip_address: '213.134.227.109'
  }
]
undefined
undefined
undefined
undefined
undefined
undefined
[
  {
    id: 922,
    first_name: 'Tully',
    last_name: 'Tritten',
    email: 'ttrittenpl@tumblr.com',
    gender: 'Male',
    ip_address: '65.251.23.252'
  }
]
undefined
undefined
undefined
undefined
undefined
undefined
[
  {
    id: 923,
    first_name: 'Collette',
    last_name: 'Keming',
    email: 'ckemingpm@irs.gov',
    gender: 'Female',
    ip_address: '131.43.200.88'
  }
]
undefined
undefined
undefined
undefined
undefined
undefined
[
  {
    id: 924,
    first_name: 'Burg',
    last_name: 'Keemer',
    email: 'bkeemerpn@google.es',
    gender: 'Male',
    ip_address: '231.85.165.93'
  }
]
undefined
undefined
undefined
undefined
undefined
undefined
[
  {
    id: 925,
    first_name: 'Chantalle',
    last_name: 'Carthew',
    email: 'ccarthewpo@marriott.com',
    gender: 'Male',
    ip_address: '156.255.90.163'
  }
]
undefined
undefined
undefined
undefined
undefined
undefined
[
  {
    id: 926,
    first_name: 'Ella',
    last_name: 'Sinderson',
    email: 'esindersonpp@google.de',
    gender: 'Female',
    ip_address: '68.252.2.217'
  }
]
undefined
undefined
undefined
undefined
undefined
undefined
[
  {
    id: 927,
    first_name: 'Anthia',
    last_name: 'Luxford',
    email: 'aluxfordpq@mtv.com',
    gender: 'Male',
    ip_address: '28.109.16.105'
  }
]
undefined
undefined
undefined
undefined
undefined
undefined
[
  {
    id: 928,
    first_name: 'Lexi',
    last_name: 'Sterndale',
    email: 'lsterndalepr@mapy.cz',
    gender: 'Male',
    ip_address: '182.50.121.201'
  }
]
undefined
undefined
undefined
undefined
undefined
undefined
[
  {
    id: 929,
    first_name: 'Putnem',
    last_name: 'Marusik',
    email: 'pmarusikps@tripadvisor.com',
    gender: 'Bigender',
    ip_address: '188.122.134.73'
  }
]
undefined
undefined
undefined
undefined
undefined
undefined
[
  {
    id: 930,
    first_name: 'Roxine',
    last_name: 'Beert',
    email: 'rbeertpt@altervista.org',
    gender: 'Female',
    ip_address: '77.135.13.146'
  }
]
undefined
undefined
undefined
undefined
undefined
undefined
[
  {
    id: 931,
    first_name: 'Ingrim',
    last_name: 'Pinchback',
    email: 'ipinchbackpu@newyorker.com',
    gender: 'Male',
    ip_address: '180.166.232.248'
  }
]
undefined
undefined
undefined
undefined
undefined
undefined
[
  {
    id: 932,
    first_name: 'Darren',
    last_name: 'Menure',
    email: 'dmenurepv@arstechnica.com',
    gender: 'Female',
    ip_address: '63.243.144.198'
  }
]
undefined
undefined
undefined
undefined
undefined
undefined
[
  {
    id: 933,
    first_name: 'Sara-ann',
    last_name: 'Hosier',
    email: 'shosierpw@skyrock.com',
    gender: 'Female',
    ip_address: '21.61.97.101'
  }
]
undefined
undefined
undefined
undefined
undefined
undefined
[
  {
    id: 934,
    first_name: 'Brittani',
    last_name: 'Andreev',
    email: 'bandreevpx@simplemachines.org',
    gender: 'Non-binary',
    ip_address: '204.99.123.50'
  }
]
undefined
undefined
undefined
undefined
undefined
undefined
[
  {
    id: 935,
    first_name: 'Yvon',
    last_name: 'Carlsson',
    email: 'ycarlssonpy@skype.com',
    gender: 'Agender',
    ip_address: '212.227.48.100'
  }
]
undefined
undefined
undefined
undefined
undefined
undefined
[
  {
    id: 936,
    first_name: 'Ruthi',
    last_name: 'Foad',
    email: 'rfoadpz@mail.ru',
    gender: 'Female',
    ip_address: '233.4.36.102'
  }
]
undefined
undefined
undefined
undefined
undefined
undefined
[
  {
    id: 937,
    first_name: 'Aubry',
    last_name: 'Kiley',
    email: 'akileyq0@google.it',
    gender: 'Male',
    ip_address: '227.60.94.137'
  }
]
undefined
undefined
undefined
undefined
undefined
undefined
[
  {
    id: 938,
    first_name: 'Sherline',
    last_name: 'Trayton',
    email: 'straytonq1@ow.ly',
    gender: 'Female',
    ip_address: '67.242.198.221'
  }
]
undefined
undefined
undefined
undefined
undefined
undefined
[
  {
    id: 939,
    first_name: 'Philis',
    last_name: 'Grunson',
    email: 'pgrunsonq2@wired.com',
    gender: 'Female',
    ip_address: '254.239.245.58'
  }
]
undefined
undefined
undefined
undefined
undefined
undefined
[
  {
    id: 940,
    first_name: 'Stinky',
    last_name: 'Grumell',
    email: 'sgrumellq3@shareasale.com',
    gender: 'Male',
    ip_address: '165.42.30.184'
  }
]
undefined
undefined
undefined
undefined
undefined
undefined
[
  {
    id: 941,
    first_name: 'Ronda',
    last_name: 'Dix',
    email: 'rdixq4@weibo.com',
    gender: 'Genderqueer',
    ip_address: '1.17.235.151'
  }
]
undefined
undefined
undefined
undefined
undefined
undefined
[
  {
    id: 942,
    first_name: 'Kippie',
    last_name: 'Dunsleve',
    email: 'kdunsleveq5@google.com',
    gender: 'Female',
    ip_address: '95.137.210.148'
  }
]
undefined
undefined
undefined
undefined
undefined
undefined
[
  {
    id: 943,
    first_name: 'Sigfried',
    last_name: 'Wyleman',
    email: 'swylemanq6@flavors.me',
    gender: 'Female',
    ip_address: '179.36.74.159'
  }
]
undefined
undefined
undefined
undefined
undefined
undefined
[
  {
    id: 944,
    first_name: 'Hervey',
    last_name: 'Creggan',
    email: 'hcregganq7@apache.org',
    gender: 'Polygender',
    ip_address: '92.8.195.209'
  }
]
undefined
undefined
undefined
undefined
undefined
undefined
[
  {
    id: 945,
    first_name: 'Brenn',
    last_name: 'Cregin',
    email: 'bcreginq8@cbc.ca',
    gender: 'Female',
    ip_address: '233.200.54.22'
  }
]
undefined
undefined
undefined
undefined
undefined
undefined
[
  {
    id: 946,
    first_name: 'Brigit',
    last_name: 'Gomersall',
    email: 'bgomersallq9@newsvine.com',
    gender: 'Male',
    ip_address: '35.115.101.197'
  }
]
undefined
undefined
undefined
undefined
undefined
undefined
[
  {
    id: 947,
    first_name: 'Ray',
    last_name: 'Challenger',
    email: 'rchallengerqa@oracle.com',
    gender: 'Male',
    ip_address: '229.78.209.46'
  }
]
undefined
undefined
undefined
undefined
undefined
undefined
[
  {
    id: 948,
    first_name: 'Diana',
    last_name: 'Kuhl',
    email: 'dkuhlqb@arizona.edu',
    gender: 'Male',
    ip_address: '181.122.186.100'
  }
]
undefined
undefined
undefined
undefined
undefined
undefined
[
  {
    id: 949,
    first_name: 'Farra',
    last_name: 'Glasbey',
    email: 'fglasbeyqc@exblog.jp',
    gender: 'Male',
    ip_address: '233.180.196.202'
  }
]
undefined
undefined
undefined
undefined
undefined
undefined
[
  {
    id: 950,
    first_name: 'Lana',
    last_name: 'Bayne',
    email: 'lbayneqd@goo.ne.jp',
    gender: 'Male',
    ip_address: '28.14.9.227'
  }
]
undefined
undefined
undefined
undefined
undefined
undefined
[
  {
    id: 951,
    first_name: 'Constantino',
    last_name: 'Hyne',
    email: 'chyneqe@redcross.org',
    gender: 'Female',
    ip_address: '189.107.50.253'
  }
]
undefined
undefined
undefined
undefined
undefined
undefined
[
  {
    id: 952,
    first_name: 'Federica',
    last_name: 'Figurski',
    email: 'ffigurskiqf@eepurl.com',
    gender: 'Female',
    ip_address: '126.225.142.210'
  }
]
undefined
undefined
undefined
undefined
undefined
undefined
[
  {
    id: 953,
    first_name: 'Cindi',
    last_name: 'Teece',
    email: 'cteeceqg@lulu.com',
    gender: 'Female',
    ip_address: '148.191.157.126'
  }
]
undefined
undefined
undefined
undefined
undefined
undefined
[
  {
    id: 954,
    first_name: 'Anastassia',
    last_name: 'Songust',
    email: 'asongustqh@amazon.co.jp',
    gender: 'Female',
    ip_address: '50.221.166.236'
  }
]
undefined
undefined
undefined
undefined
undefined
undefined
[
  {
    id: 955,
    first_name: 'Boris',
    last_name: 'McVitty',
    email: 'bmcvittyqi@goo.gl',
    gender: 'Female',
    ip_address: '215.252.203.158'
  }
]
undefined
undefined
undefined
undefined
undefined
undefined
[
  {
    id: 956,
    first_name: 'Branden',
    last_name: 'Fortie',
    email: 'bfortieqj@ebay.com',
    gender: 'Male',
    ip_address: '151.225.243.91'
  }
]
undefined
undefined
undefined
undefined
undefined
undefined
[
  {
    id: 957,
    first_name: 'Cindelyn',
    last_name: 'Hanlin',
    email: 'chanlinqk@nbcnews.com',
    gender: 'Male',
    ip_address: '55.5.168.33'
  }
]
undefined
undefined
undefined
undefined
undefined
undefined
[
  {
    id: 958,
    first_name: 'Galvan',
    last_name: 'Turfes',
    email: 'gturfesql@sitemeter.com',
    gender: 'Male',
    ip_address: '21.94.249.138'
  }
]
undefined
undefined
undefined
undefined
undefined
undefined
[
  {
    id: 959,
    first_name: 'Adrienne',
    last_name: 'Skough',
    email: 'askoughqm@cyberchimps.com',
    gender: 'Female',
    ip_address: '178.14.195.79'
  }
]
undefined
undefined
undefined
undefined
undefined
undefined
[
  {
    id: 960,
    first_name: 'Joyann',
    last_name: 'Baxstare',
    email: 'jbaxstareqn@psu.edu',
    gender: 'Female',
    ip_address: '199.73.144.203'
  }
]
undefined
undefined
undefined
undefined
undefined
undefined
[
  {
    id: 961,
    first_name: 'Dannie',
    last_name: 'Gowers',
    email: 'dgowersqo@jigsy.com',
    gender: 'Male',
    ip_address: '240.57.50.47'
  }
]
undefined
undefined
undefined
undefined
undefined
undefined
[
  {
    id: 962,
    first_name: 'Wayland',
    last_name: 'Paddington',
    email: 'wpaddingtonqp@rakuten.co.jp',
    gender: 'Female',
    ip_address: '211.181.151.211'
  }
]
undefined
undefined
undefined
undefined
undefined
undefined
[
  {
    id: 963,
    first_name: 'Wolfgang',
    last_name: 'Hallex',
    email: 'whallexqq@wunderground.com',
    gender: 'Female',
    ip_address: '155.60.31.251'
  }
]
undefined
undefined
undefined
undefined
undefined
undefined
[
  {
    id: 964,
    first_name: 'Jeniece',
    last_name: 'Carvilla',
    email: 'jcarvillaqr@state.tx.us',
    gender: 'Female',
    ip_address: '136.4.226.197'
  }
]
undefined
undefined
undefined
undefined
undefined
undefined
[
  {
    id: 965,
    first_name: 'Corabel',
    last_name: 'Hanssmann',
    email: 'chanssmannqs@globo.com',
    gender: 'Female',
    ip_address: '61.157.157.218'
  }
]
undefined
undefined
undefined
undefined
undefined
undefined
[
  {
    id: 966,
    first_name: 'Tammy',
    last_name: 'Hazell',
    email: 'thazellqt@webs.com',
    gender: 'Male',
    ip_address: '61.129.104.155'
  }
]
undefined
undefined
undefined
undefined
undefined
undefined
[
  {
    id: 967,
    first_name: 'Lavinia',
    last_name: 'Wathell',
    email: 'lwathellqu@yahoo.com',
    gender: 'Female',
    ip_address: '58.18.125.101'
  }
]
undefined
undefined
undefined
undefined
undefined
undefined
[
  {
    id: 968,
    first_name: 'Cally',
    last_name: 'Bolter',
    email: 'cbolterqv@is.gd',
    gender: 'Male',
    ip_address: '159.143.122.235'
  }
]
undefined
undefined
undefined
undefined
undefined
undefined
[
  {
    id: 969,
    first_name: 'Ag',
    last_name: 'Albert',
    email: 'aalbertqw@bloglines.com',
    gender: 'Male',
    ip_address: '76.143.254.102'
  }
]
undefined
undefined
undefined
undefined
undefined
undefined
[
  {
    id: 970,
    first_name: 'Stacee',
    last_name: 'Brentnall',
    email: 'sbrentnallqx@cbc.ca',
    gender: 'Female',
    ip_address: '178.8.79.91'
  }
]
undefined
undefined
undefined
undefined
undefined
undefined
[
  {
    id: 971,
    first_name: 'Ali',
    last_name: 'Gail',
    email: 'agailqy@booking.com',
    gender: 'Female',
    ip_address: '182.101.235.126'
  }
]
undefined
undefined
undefined
undefined
undefined
undefined
[
  {
    id: 972,
    first_name: 'Bab',
    last_name: 'Banaszkiewicz',
    email: 'bbanaszkiewiczqz@nsw.gov.au',
    gender: 'Bigender',
    ip_address: '86.28.64.80'
  }
]
undefined
undefined
undefined
undefined
undefined
undefined
[
  {
    id: 973,
    first_name: 'Der',
    last_name: 'Pierrepont',
    email: 'dpierrepontr0@4shared.com',
    gender: 'Male',
    ip_address: '68.43.56.158'
  }
]
undefined
undefined
undefined
undefined
undefined
undefined
[
  {
    id: 974,
    first_name: 'Ferne',
    last_name: 'Jelleman',
    email: 'fjellemanr1@sakura.ne.jp',
    gender: 'Female',
    ip_address: '24.55.94.159'
  }
]
undefined
undefined
undefined
undefined
undefined
undefined
[
  {
    id: 975,
    first_name: 'Carolann',
    last_name: 'Tabbernor',
    email: 'ctabbernorr2@msu.edu',
    gender: 'Male',
    ip_address: '128.109.69.31'
  }
]
undefined
undefined
undefined
undefined
undefined
undefined
[
  {
    id: 976,
    first_name: 'Beck',
    last_name: 'Fawbert',
    email: 'bfawbertr3@bigcartel.com',
    gender: 'Male',
    ip_address: '113.68.78.37'
  }
]
undefined
undefined
undefined
undefined
undefined
undefined
[
  {
    id: 977,
    first_name: 'Vidovik',
    last_name: 'Dumbelton',
    email: 'vdumbeltonr4@naver.com',
    gender: 'Male',
    ip_address: '221.31.112.194'
  }
]
undefined
undefined
undefined
undefined
undefined
undefined
[
  {
    id: 978,
    first_name: 'Devy',
    last_name: 'Kingcott',
    email: 'dkingcottr5@cbc.ca',
    gender: 'Female',
    ip_address: '136.29.11.200'
  }
]
undefined
undefined
undefined
undefined
undefined
undefined
[
  {
    id: 979,
    first_name: 'Gayleen',
    last_name: 'Goudman',
    email: 'ggoudmanr6@army.mil',
    gender: 'Male',
    ip_address: '5.94.2.5'
  }
]
undefined
undefined
undefined
undefined
undefined
undefined
[
  {
    id: 980,
    first_name: 'Irma',
    last_name: 'Ebhardt',
    email: 'iebhardtr7@ucla.edu',
    gender: 'Male',
    ip_address: '142.44.88.139'
  }
]
undefined
undefined
undefined
undefined
undefined
undefined
[
  {
    id: 981,
    first_name: 'Alyosha',
    last_name: 'Scholig',
    email: 'ascholigr8@vinaora.com',
    gender: 'Female',
    ip_address: '39.204.86.39'
  }
]
undefined
undefined
undefined
undefined
undefined
undefined
[
  {
    id: 982,
    first_name: 'Clemente',
    last_name: 'Primmer',
    email: 'cprimmerr9@usgs.gov',
    gender: 'Male',
    ip_address: '129.58.203.149'
  }
]
undefined
undefined
undefined
undefined
undefined
undefined
[
  {
    id: 983,
    first_name: 'Lydon',
    last_name: 'Gallyon',
    email: 'lgallyonra@home.pl',
    gender: 'Male',
    ip_address: '222.68.91.130'
  }
]
undefined
undefined
undefined
undefined
undefined
undefined
[
  {
    id: 984,
    first_name: 'Valenka',
    last_name: 'Georgescu',
    email: 'vgeorgescurb@un.org',
    gender: 'Female',
    ip_address: '80.106.149.29'
  }
]
undefined
undefined
undefined
undefined
undefined
undefined
[
  {
    id: 985,
    first_name: 'Dion',
    last_name: "O'Kerin",
    email: 'dokerinrc@pbs.org',
    gender: 'Agender',
    ip_address: '176.255.180.168'
  }
]
undefined
undefined
undefined
undefined
undefined
undefined
[
  {
    id: 986,
    first_name: 'Hew',
    last_name: 'Schukert',
    email: 'hschukertrd@wufoo.com',
    gender: 'Male',
    ip_address: '69.97.125.17'
  }
]
undefined
undefined
undefined
undefined
undefined
undefined
[
  {
    id: 987,
    first_name: 'Millie',
    last_name: 'Beenham',
    email: 'mbeenhamre@state.tx.us',
    gender: 'Male',
    ip_address: '227.68.43.227'
  }
]
undefined
undefined
undefined
undefined
undefined
undefined
[
  {
    id: 988,
    first_name: 'Wilt',
    last_name: 'Priscott',
    email: 'wpriscottrf@discuz.net',
    gender: 'Female',
    ip_address: '216.165.117.133'
  }
]
undefined
undefined
undefined
undefined
undefined
undefined
[
  {
    id: 989,
    first_name: 'Agnola',
    last_name: 'Kupker',
    email: 'akupkerrg@google.nl',
    gender: 'Female',
    ip_address: '108.181.244.23'
  }
]
undefined
undefined
undefined
undefined
undefined
undefined
[
  {
    id: 990,
    first_name: 'Isabel',
    last_name: 'Dripps',
    email: 'idrippsrh@barnesandnoble.com',
    gender: 'Male',
    ip_address: '191.109.164.8'
  }
]
undefined
undefined
undefined
undefined
undefined
undefined
[
  {
    id: 991,
    first_name: 'Clayton',
    last_name: 'Nitto',
    email: 'cnittori@army.mil',
    gender: 'Non-binary',
    ip_address: '118.168.15.161'
  }
]
undefined
undefined
undefined
undefined
undefined
undefined
[
  {
    id: 992,
    first_name: 'Lissi',
    last_name: 'Cahalin',
    email: 'lcahalinrj@ovh.net',
    gender: 'Male',
    ip_address: '251.215.238.213'
  }
]
undefined
undefined
undefined
undefined
undefined
undefined
[
  {
    id: 993,
    first_name: 'Ibrahim',
    last_name: 'Dugget',
    email: 'iduggetrk@ebay.com',
    gender: 'Male',
    ip_address: '46.151.75.99'
  }
]
undefined
undefined
undefined
undefined
undefined
undefined
[
  {
    id: 994,
    first_name: 'Ros',
    last_name: 'Harbert',
    email: 'rharbertrl@forbes.com',
    gender: 'Female',
    ip_address: '236.58.184.120'
  }
]
undefined
undefined
undefined
undefined
undefined
undefined
[
  {
    id: 995,
    first_name: 'Vita',
    last_name: 'Saggs',
    email: 'vsaggsrm@cargocollective.com',
    gender: 'Female',
    ip_address: '59.239.8.12'
  }
]
undefined
undefined
undefined
undefined
undefined
undefined
[
  {
    id: 996,
    first_name: 'Hyacinthie',
    last_name: 'MacCumiskey',
    email: 'hmaccumiskeyrn@skype.com',
    gender: 'Male',
    ip_address: '19.178.55.209'
  }
]
undefined
undefined
undefined
undefined
undefined
undefined
[
  {
    id: 997,
    first_name: 'Rebecca',
    last_name: 'Lackney',
    email: 'rlackneyro@sfgate.com',
    gender: 'Male',
    ip_address: '157.134.39.10'
  }
]
undefined
undefined
undefined
undefined
undefined
undefined
[
  {
    id: 998,
    first_name: 'Darcy',
    last_name: 'Krishtopaittis',
    email: 'dkrishtopaittisrp@lycos.com',
    gender: 'Female',
    ip_address: '191.171.125.190'
  }
]
undefined
undefined
undefined
undefined
undefined
undefined
[
  {
    id: 999,
    first_name: 'Tallulah',
    last_name: 'Brea',
    email: 'tbrearq@about.com',
    gender: 'Bigender',
    ip_address: '197.154.205.218'
  }
]
undefined
undefined
undefined
undefined
undefined
undefined
[
  {
    id: 1000,
    first_name: 'Torrey',
    last_name: 'Need',
    email: 'tneedrr@statcounter.com',
    gender: 'Male',
    ip_address: '83.186.80.117'
  }
]
undefined
